Component: ARM Compiler 5.06 update 5 (build 528) Tool: armlink [4d35e2]

==============================================================================

Section Cross References

    main.o(i.advertising_start) refers to ble_advertising.o(i.ble_advertising_start) for ble_advertising_start
    main.o(i.advertising_start) refers to app_error.o(i.app_error_handler_bare) for app_error_handler_bare
    main.o(i.advertising_start) refers to main.o(.data) for .data
    main.o(i.advertising_start) refers to main.o(.bss) for .bss
    main.o(i.assert_nrf_callback) refers to app_error_handler_keil.o(.emb_text) for app_error_handler
    main.o(i.battery_voltage_get) refers to nrfx_saadc.o(i.nrfx_saadc_is_busy) for nrfx_saadc_is_busy
    main.o(i.battery_voltage_get) refers to nrfx_saadc.o(i.nrfx_saadc_buffer_convert) for nrfx_saadc_buffer_convert
    main.o(i.battery_voltage_get) refers to app_error.o(i.app_error_handler_bare) for app_error_handler_bare
    main.o(i.battery_voltage_get) refers to nrfx_saadc.o(i.nrfx_saadc_sample) for nrfx_saadc_sample
    main.o(i.battery_voltage_get) refers to main.o(.data) for .data
    main.o(i.ble_evt_handler) refers to app_error.o(i.app_error_handler_bare) for app_error_handler_bare
    main.o(i.ble_evt_handler) refers to nrf_log_frontend.o(i.nrf_log_frontend_std_0) for nrf_log_frontend_std_0
    main.o(i.ble_evt_handler) refers to nrf_ble_qwr.o(i.nrf_ble_qwr_conn_handle_assign) for nrf_ble_qwr_conn_handle_assign
    main.o(i.ble_evt_handler) refers to main.o(i.nrf_gpio_pin_set) for nrf_gpio_pin_set
    main.o(i.ble_evt_handler) refers to main.o(.data) for .data
    main.o(i.ble_evt_handler) refers to nrf_log_frontend.o(log_const_data) for m_nrf_log_app_logs_data_const
    main.o(i.ble_evt_handler) refers to main.o(.bss) for .bss
    main.o(i.check_msg_buffer) refers to main.o(.data) for .data
    main.o(i.conn_params_error_handler) refers to app_error.o(i.app_error_handler_bare) for app_error_handler_bare
    main.o(i.door_handler) refers to main.o(i.nrf_delay_ms) for nrf_delay_ms
    main.o(i.door_handler) refers to nrfx_gpiote.o(i.nrfx_gpiote_in_is_set) for nrfx_gpiote_in_is_set
    main.o(i.door_handler) refers to main.o(i.my_comm_send_door_open) for my_comm_send_door_open
    main.o(i.door_handler) refers to main.o(i.my_comm_send_door_close) for my_comm_send_door_close
    main.o(i.gatt_evt_handler) refers to nrf_log_frontend.o(i.nrf_log_frontend_std_2) for nrf_log_frontend_std_2
    main.o(i.gatt_evt_handler) refers to main.o(.data) for .data
    main.o(i.gatt_evt_handler) refers to nrf_log_frontend.o(log_const_data) for m_nrf_log_app_logs_data_const
    main.o(i.gatt_init) refers to nrf_ble_gatt.o(i.nrf_ble_gatt_init) for nrf_ble_gatt_init
    main.o(i.gatt_init) refers to app_error.o(i.app_error_handler_bare) for app_error_handler_bare
    main.o(i.gatt_init) refers to nrf_ble_gatt.o(i.nrf_ble_gatt_att_mtu_periph_set) for nrf_ble_gatt_att_mtu_periph_set
    main.o(i.gatt_init) refers to main.o(i.gatt_evt_handler) for gatt_evt_handler
    main.o(i.gatt_init) refers to main.o(.bss) for .bss
    main.o(i.idle_state_handle) refers to nrf_log_frontend.o(i.nrf_log_frontend_dequeue) for nrf_log_frontend_dequeue
    main.o(i.idle_state_handle) refers to nrf_pwr_mgmt.o(i.nrf_pwr_mgmt_run) for nrf_pwr_mgmt_run
    main.o(i.init_PIR) refers to nrfx_gpiote.o(i.nrfx_gpiote_in_init) for nrfx_gpiote_in_init
    main.o(i.init_PIR) refers to app_error.o(i.app_error_handler_bare) for app_error_handler_bare
    main.o(i.init_PIR) refers to nrfx_gpiote.o(i.nrfx_gpiote_in_event_enable) for nrfx_gpiote_in_event_enable
    main.o(i.init_PIR) refers to main.o(.constdata) for .constdata
    main.o(i.init_PIR) refers to main.o(i.pir_handler) for pir_handler
    main.o(i.init_door) refers to nrfx_gpiote.o(i.nrfx_gpiote_in_init) for nrfx_gpiote_in_init
    main.o(i.init_door) refers to app_error.o(i.app_error_handler_bare) for app_error_handler_bare
    main.o(i.init_door) refers to nrfx_gpiote.o(i.nrfx_gpiote_in_event_enable) for nrfx_gpiote_in_event_enable
    main.o(i.init_door) refers to main.o(.constdata) for .constdata
    main.o(i.init_door) refers to main.o(i.door_handler) for door_handler
    main.o(i.init_light) refers to opt3001.o(i.init_opt3001) for init_opt3001
    main.o(i.init_light) refers to main.o(i.nrf_gpio_cfg) for nrf_gpio_cfg
    main.o(i.init_light) refers to main.o(i.nrf_gpio_pin_clear) for nrf_gpio_pin_clear
    main.o(i.init_light) refers to nrfx_gpiote.o(i.nrfx_gpiote_in_init) for nrfx_gpiote_in_init
    main.o(i.init_light) refers to app_error.o(i.app_error_handler_bare) for app_error_handler_bare
    main.o(i.init_light) refers to nrfx_gpiote.o(i.nrfx_gpiote_in_event_enable) for nrfx_gpiote_in_event_enable
    main.o(i.init_light) refers to main.o(.constdata) for .constdata
    main.o(i.init_light) refers to main.o(i.light_handler) for light_handler
    main.o(i.init_mic) refers to nrfx_gpiote.o(i.nrfx_gpiote_in_init) for nrfx_gpiote_in_init
[...]
    m_qwr_obs                                0x0002ba88   Data           8  main.o(sdh_ble_observers2)
    sdh_ble_observers3                       0x0002ba90   Section        8  main.o(sdh_ble_observers3)
    __tagsym$$used                           0x0002ba90   Number         0  main.o(sdh_ble_observers3)
    m_ble_observer                           0x0002ba90   Data           8  main.o(sdh_ble_observers3)
    sdh_soc_observers0                       0x0002ba98   Section        8  nrf_drv_clock.o(sdh_soc_observers0)
    __tagsym$$used                           0x0002ba98   Number         0  nrf_drv_clock.o(sdh_soc_observers0)
    m_soc_evt_observer                       0x0002ba98   Data           8  nrf_drv_clock.o(sdh_soc_observers0)
    sdh_soc_observers1                       0x0002baa0   Section        8  main.o(sdh_soc_observers1)
    __tagsym$$used                           0x0002baa0   Number         0  main.o(sdh_soc_observers1)
    m_advertising_soc_obs                    0x0002baa0   Data           8  main.o(sdh_soc_observers1)
    sdh_stack_observers0                     0x0002baa8   Section        8  nrf_sdh_ble.o(sdh_stack_observers0)
    __tagsym$$used                           0x0002baa8   Number         0  nrf_sdh_ble.o(sdh_stack_observers0)
    m_nrf_sdh_ble_evts_poll                  0x0002baa8   Data           8  nrf_sdh_ble.o(sdh_stack_observers0)
    sdh_stack_observers0                     0x0002bab0   Section        8  nrf_sdh_soc.o(sdh_stack_observers0)
    __tagsym$$used                           0x0002bab0   Number         0  nrf_sdh_soc.o(sdh_stack_observers0)
    m_nrf_sdh_soc_evts_poll                  0x0002bab0   Data           8  nrf_sdh_soc.o(sdh_stack_observers0)
    sdh_state_observers0                     0x0002bab8   Section        8  nrf_drv_clock.o(sdh_state_observers0)
    __tagsym$$used                           0x0002bab8   Number         0  nrf_drv_clock.o(sdh_state_observers0)
    m_sd_state_observer                      0x0002bab8   Data           8  nrf_drv_clock.o(sdh_state_observers0)
    .ARM.__AT_0x10001304                     0x10001304   Section        4  main.o(.ARM.__AT_0x10001304)
    __tagsym$$used                           0x10001304   Number         0  main.o(.ARM.__AT_0x10001304)
    .data                                    0x20002a98   Section        8  main.o(.data)
    m_nus_link_ctx_storage                   0x20002a98   Data           8  main.o(.data)
    .data                                    0x20002aa0   Section       48  main.o(.data)
    m_nCurBufIdx                             0x20002aa0   Data           1  main.o(.data)
    m_nSentBufIdx                            0x20002aa1   Data           1  main.o(.data)
    m_nMutex                                 0x20002aa3   Data           1  main.o(.data)
    m_conn_handle                            0x20002aa4   Data           2  main.o(.data)
    m_ble_nus_max_data_len                   0x20002aa6   Data           2  main.o(.data)
    m_nLedBlink                              0x20002aa8   Data           2  main.o(.data)
    adc_buf                                  0x20002aaa   Data           2  main.o(.data)
    m_batt_lvl_in_milli_volts                0x20002aac   Data           2  main.o(.data)
    m_adv_uuids                              0x20002aae   Data           4  main.o(.data)
    m_nus                                    0x20002ab4   Data          28  main.o(.data)
    .data                                    0x20002ad0   Section        4  main.o(.data)
    m_nus_link_ctx_storage_ctx_data_pool     0x20002ad0   Data           4  main.o(.data)
    .data                                    0x20002ad4   Section        8  bsp_btn_ble.o(.data)
    m_error_handler                          0x20002ad4   Data           4  bsp_btn_ble.o(.data)
    m_num_connections                        0x20002ad8   Data           4  bsp_btn_ble.o(.data)
    .data                                    0x20002adc   Section        8  ble_conn_params.o(.data)
    m_preferred_conn_params                  0x20002adc   Data           8  ble_conn_params.o(.data)
    .data                                    0x20002ae4   Section        8  nrfx_clock.o(.data)
    m_clock_cb                               0x20002ae4   Data           8  nrfx_clock.o(.data)
    .data                                    0x20002aec   Section        8  nrfx_prs.o(.data)
    m_prs_box_4                              0x20002aec   Data           8  nrfx_prs.o(.data)
    .data                                    0x20002af4   Section        8  nrfx_lpcomp.o(.data)
    m_state                                  0x20002af4   Data           1  nrfx_lpcomp.o(.data)
    m_lpcomp_event_handler                   0x20002af8   Data           4  nrfx_lpcomp.o(.data)
    .data                                    0x20002afc   Section       20  app_timer.o(.data)
    m_ticks_elapsed_q_read_ind               0x20002afc   Data           1  app_timer.o(.data)
    m_ticks_elapsed_q_write_ind              0x20002afd   Data           1  app_timer.o(.data)
    m_rtc1_running                           0x20002afe   Data           1  app_timer.o(.data)
    m_rtc1_reset                             0x20002aff   Data           1  app_timer.o(.data)
    mp_timer_id_head                         0x20002b00   Data           4  app_timer.o(.data)
    m_ticks_latest                           0x20002b04   Data           4  app_timer.o(.data)
    m_ticks_elapsed                          0x20002b08   Data           8  app_timer.o(.data)
    .data                                    0x20002b10   Section        8  nrf_pwr_mgmt.o(.data)
    m_pwr_mgmt_evt                           0x20002b10   Data           1  nrf_pwr_mgmt.o(.data)
    m_shutdown_started                       0x20002b11   Data           1  nrf_pwr_mgmt.o(.data)
    m_sysoff_mtx                             0x20002b14   Data           4  nrf_pwr_mgmt.o(.data)
    .data                                    0x20002b18   Section        1  nrf_log_backend_rtt.o(.data)
    m_host_present                           0x20002b18   Data           1  nrf_log_backend_rtt.o(.data)
    .data                                    0x20002b1c   Section        8  nrf_log_default_backends.o(.data)
    log_backend_cb_rtt_log_backend           0x20002b1c   Data           8  nrf_log_default_backends.o(.data)
    .data                                    0x20002b24   Section        8  nrf_log_frontend.o(.data)
    log_mempool_nrf_balloc_pool_stack        0x20002b24   Data           8  nrf_log_frontend.o(.data)
    .data                                    0x20002b2c   Section        8  nrf_log_frontend.o(.data)
    log_mempool_nrf_balloc_cb                0x20002b2c   Data           8  nrf_log_frontend.o(.data)
    .data                                    0x20002b34   Section       64  nrf_log_str_formatter.o(.data)
    m_freq                                   0x20002b34   Data           4  nrf_log_str_formatter.o(.data)
    m_timestamp_div                          0x20002b38   Data           4  nrf_log_str_formatter.o(.data)
    severity_names                           0x20002b3c   Data          20  nrf_log_str_formatter.o(.data)
    m_colors                                 0x20002b50   Data          36  nrf_log_str_formatter.o(.data)
    .data                                    0x20002b74   Section        3  nrf_sdh.o(.data)
    m_nrf_sdh_enabled                        0x20002b74   Data           1  nrf_sdh.o(.data)
    m_nrf_sdh_suspended                      0x20002b75   Data           1  nrf_sdh.o(.data)
    m_nrf_sdh_continue                       0x20002b76   Data           1  nrf_sdh.o(.data)
    .data                                    0x20002b77   Section        1  nrf_sdh_ble.o(.data)
    m_stack_is_enabled                       0x20002b77   Data           1  nrf_sdh_ble.o(.data)
    .data                                    0x20002b78   Section        4  system_nrf52840.o(.data)
    __tagsym$$used                           0x20002b78   Number         0  system_nrf52840.o(.data)
    .bss                                     0x20002b7c   Section       32  main.o(.bss)
    m_timer_id_data                          0x20002b7c   Data          32  main.o(.bss)
    .bss                                     0x20002b9c   Section      932  main.o(.bss)
    m_gatt                                   0x20002b9c   Data          20  main.o(.bss)
    m_qwr                                    0x20002bb0   Data          12  main.o(.bss)
    m_advertising                            0x20002bbc   Data         600  main.o(.bss)
    m_ble_send_buf                           0x20002e14   Data         300  main.o(.bss)
    .bss                                     0x20002f40   Section       12  bsp.o(.bss)
    m_events_list                            0x20002f40   Data          12  bsp.o(.bss)
    .bss                                     0x20002f4c   Section       80  ble_conn_params.o(.bss)
    m_timer_data                             0x20002f4c   Data          32  ble_conn_params.o(.bss)
    m_conn_params_instances                  0x20002f6c   Data          20  ble_conn_params.o(.bss)
    m_conn_params_config                     0x20002f80   Data          28  ble_conn_params.o(.bss)
    .bss                                     0x20002f9c   Section      120  ble_conn_state.o(.bss)
    m_bcs                                    0x20002f9c   Data         120  ble_conn_state.o(.bss)
    .bss                                     0x20003014   Section       20  nrf_drv_clock.o(.bss)
    m_clock_cb                               0x20003014   Data          20  nrf_drv_clock.o(.bss)
    .bss                                     0x20003028   Section      108  nrfx_gpiote.o(.bss)
    m_cb                                     0x20003028   Data         108  nrfx_gpiote.o(.bss)
    .bss                                     0x20003094   Section       52  nrfx_twim.o(.bss)
    m_cb                                     0x20003094   Data          52  nrfx_twim.o(.bss)
    .bss                                     0x200030c8   Section       48  nrfx_saadc.o(.bss)
    m_cb                                     0x200030c8   Data          48  nrfx_saadc.o(.bss)
    .bss                                     0x200030f8   Section      268  app_timer.o(.bss)
    m_op_queue                               0x200030f8   Data         268  app_timer.o(.bss)
    .bss                                     0x20003204   Section       12  app_util_platform.o(.bss)
    .bss                                     0x20003210   Section       12  nrf_pwr_mgmt.o(.bss)
    m_handlers_iter                          0x20003210   Data          12  nrf_pwr_mgmt.o(.bss)
    .bss                                     0x2000321c   Section       64  nrf_log_backend_rtt.o(.bss)
    m_string_buff                            0x2000321c   Data          64  nrf_log_backend_rtt.o(.bss)
    .bss                                     0x2000325c   Section      192  nrf_log_frontend.o(.bss)
    log_mempool_nrf_balloc_pool_mem          0x2000325c   Data         192  nrf_log_frontend.o(.bss)
    .bss                                     0x2000331c   Section      128  nrf_log_frontend.o(.bss)
    m_log_push_ringbuf_buf                   0x2000331c   Data         128  nrf_log_frontend.o(.bss)
    .bss                                     0x2000339c   Section       24  nrf_log_frontend.o(.bss)
    m_log_push_ringbuf_cb                    0x2000339c   Data          24  nrf_log_frontend.o(.bss)
    .bss                                     0x200033b4   Section     1060  nrf_log_frontend.o(.bss)
    m_log_data                               0x200033b4   Data        1060  nrf_log_frontend.o(.bss)
    .bss                                     0x200037d8   Section      648  segger_rtt.o(.bss)
    _acUpBuffer                              0x20003850   Data         512  segger_rtt.o(.bss)
    _acDownBuffer                            0x20003a50   Data          16  segger_rtt.o(.bss)
    STACK                                    0x20003a60   Section     8192  arm_startup_nrf52840.o(STACK)

    Global Symbols

    Symbol Name                              Value     Ov Type        Size  Object(Section)

    BuildAttributes$$THM_ISAv4$E$P$D$K$B$S$7EM$VFPi3$EXTD16$VFPS$VFMA$PE$A:L22UL41UL21$X:L11$S22US41US21$IEEE1$IW$USESV6$~STKCKD$USESV7$~SHL$OSPACE$ROPI$EBA8$MICROLIB$REQ8$EABIv2 0x00000000   Number         0  anon$$obj.o ABSOLUTE
    __ARM_use_no_argv                        0x00000000   Number         0  main.o ABSOLUTE
    _printf_a                                0x00000000   Number         0  stubs.o ABSOLUTE
    _printf_c                                0x00000000   Number         0  stubs.o ABSOLUTE
    _printf_charcount                        0x00000000   Number         0  stubs.o ABSOLUTE
    _printf_d                                0x00000000   Number         0  stubs.o ABSOLUTE
    _printf_e                                0x00000000   Number         0  stubs.o ABSOLUTE
    _printf_f                                0x00000000   Number         0  stubs.o ABSOLUTE
    _printf_flags                            0x00000000   Number         0  stubs.o ABSOLUTE
    _printf_fp_dec                           0x00000000   Number         0  stubs.o ABSOLUTE
    _printf_fp_hex                           0x00000000   Number         0  stubs.o ABSOLUTE
    _printf_g                                0x00000000   Number         0  stubs.o ABSOLUTE
    _printf_i                                0x00000000   Number         0  stubs.o ABSOLUTE
    _printf_int_dec                          0x00000000   Number         0  stubs.o ABSOLUTE
    _printf_l                                0x00000000   Number         0  stubs.o ABSOLUTE
    _printf_lc                               0x00000000   Number         0  stubs.o ABSOLUTE
    _printf_ll                               0x00000000   Number         0  stubs.o ABSOLUTE
    _printf_lld                              0x00000000   Number         0  stubs.o ABSOLUTE
    _printf_lli                              0x00000000   Number         0  stubs.o ABSOLUTE
    _printf_llo                              0x00000000   Number         0  stubs.o ABSOLUTE
    _printf_llu                              0x00000000   Number         0  stubs.o ABSOLUTE
    _printf_llx                              0x00000000   Number         0  stubs.o ABSOLUTE
    _printf_longlong_dec                     0x00000000   Number         0  stubs.o ABSOLUTE
    _printf_longlong_hex                     0x00000000   Number         0  stubs.o ABSOLUTE
    _printf_longlong_oct                     0x00000000   Number         0  stubs.o ABSOLUTE
    _printf_ls                               0x00000000   Number         0  stubs.o ABSOLUTE
    _printf_mbtowc                           0x00000000   Number         0  stubs.o ABSOLUTE
    _printf_n                                0x00000000   Number         0  stubs.o ABSOLUTE
    _printf_o                                0x00000000   Number         0  stubs.o ABSOLUTE
    _printf_p                                0x00000000   Number         0  stubs.o ABSOLUTE
    _printf_percent                          0x00000000   Number         0  stubs.o ABSOLUTE
    _printf_pre_padding                      0x00000000   Number         0  stubs.o ABSOLUTE
    _printf_return_value                     0x00000000   Number         0  stubs.o ABSOLUTE
    _printf_s                                0x00000000   Number         0  stubs.o ABSOLUTE
    _printf_sizespec                         0x00000000   Number         0  stubs.o ABSOLUTE
    _printf_str                              0x00000000   Number         0  stubs.o ABSOLUTE
    _printf_truncate_signed                  0x00000000   Number         0  stubs.o ABSOLUTE
    _printf_truncate_unsigned                0x00000000   Number         0  stubs.o ABSOLUTE
    _printf_u                                0x00000000   Number         0  stubs.o ABSOLUTE
    _printf_wc                               0x00000000   Number         0  stubs.o ABSOLUTE
    _printf_wctomb                           0x00000000   Number         0  stubs.o ABSOLUTE
    _printf_widthprec                        0x00000000   Number         0  stubs.o ABSOLUTE
    _printf_x                                0x00000000   Number         0  stubs.o ABSOLUTE
    __cpp_initialize__aeabi_                  - Undefined Weak Reference
    __cxa_finalize                            - Undefined Weak Reference
    __decompress                              - Undefined Weak Reference
    _clock_init                               - Undefined Weak Reference
    _microlib_exit                            - Undefined Weak Reference
    log_dynamic_data$$Base                    - Undefined Reference
    pwr_mgmt_data0$$Base                      - Undefined Reference
    pwr_mgmt_data0$$Limit                     - Undefined Reference
    pwr_mgmt_data1$$Base                      - Undefined Reference
    pwr_mgmt_data1$$Limit                     - Undefined Reference
    pwr_mgmt_data2$$Base                      - Undefined Reference
    pwr_mgmt_data2$$Limit                     - Undefined Reference
    sdh_req_observers0$$Base                  - Undefined Reference
    sdh_req_observers0$$Limit                 - Undefined Reference
    sdh_req_observers1$$Base                  - Undefined Reference
    sdh_req_observers1$$Limit                 - Undefined Reference
    sdh_stack_observers1$$Base                - Undefined Reference
    sdh_stack_observers1$$Limit               - Undefined Reference
    sdh_state_observers1$$Base                - Undefined Reference
    sdh_state_observers1$$Limit               - Undefined Reference
    __Vectors_Size                           0x00000200   Number         0  arm_startup_nrf52840.o ABSOLUTE
    __Vectors                                0x00026000   Data           4  arm_startup_nrf52840.o(RESET)
    __Vectors_End                            0x00026200   Data           0  arm_startup_nrf52840.o(RESET)
    __main                                   0x00026201   Thumb Code     0  entry.o(.ARM.Collect$$$$00000000)
    _main_stk                                0x00026201   Thumb Code     0  entry2.o(.ARM.Collect$$$$00000001)
    _main_scatterload                        0x00026205   Thumb Code     0  entry5.o(.ARM.Collect$$$$00000004)
    __main_after_scatterload                 0x00026209   Thumb Code     0  entry5.o(.ARM.Collect$$$$00000004)
    _main_clock                              0x00026209   Thumb Code     0  entry7b.o(.ARM.Collect$$$$00000008)
    _main_cpp_init                           0x00026209   Thumb Code     0  entry8b.o(.ARM.Collect$$$$0000000A)
    _main_init                               0x00026209   Thumb Code     0  entry9a.o(.ARM.Collect$$$$0000000B)
    __rt_final_cpp                           0x00026211   Thumb Code     0  entry10a.o(.ARM.Collect$$$$0000000D)
    __rt_final_exit                          0x00026211   Thumb Code     0  entry11a.o(.ARM.Collect$$$$0000000F)
    __asm___12_nrf_atomic_c_85ca2469__nrf_atomic_internal_mov 0x00026215   Thumb Code    24  nrf_atomic.o(.emb_text)
    __asm___12_nrf_atomic_c_85ca2469__nrf_atomic_internal_orr 0x0002622d   Thumb Code    26  nrf_atomic.o(.emb_text)
    __asm___12_nrf_atomic_c_85ca2469__nrf_atomic_internal_and 0x00026247   Thumb Code    26  nrf_atomic.o(.emb_text)
    __asm___12_nrf_atomic_c_85ca2469__nrf_atomic_internal_eor 0x00026261   Thumb Code    26  nrf_atomic.o(.emb_text)
    __asm___12_nrf_atomic_c_85ca2469__nrf_atomic_internal_add 0x0002627b   Thumb Code    26  nrf_atomic.o(.emb_text)
    __asm___12_nrf_atomic_c_85ca2469__nrf_atomic_internal_sub 0x00026295   Thumb Code    26  nrf_atomic.o(.emb_text)
    __asm___12_nrf_atomic_c_85ca2469__nrf_atomic_internal_cmp_exch 0x000262af   Thumb Code    42  nrf_atomic.o(.emb_text)
    __asm___12_nrf_atomic_c_85ca2469__nrf_atomic_internal_sub_hs 0x000262d9   Thumb Code    30  nrf_atomic.o(.emb_text)
    Reset_Handler                            0x000262f9   Thumb Code     8  arm_startup_nrf52840.o(.text)
    NMI_Handler                              0x00026301   Thumb Code     2  arm_startup_nrf52840.o(.text)
    HardFault_Handler                        0x00026303   Thumb Code     2  arm_startup_nrf52840.o(.text)
    MemoryManagement_Handler                 0x00026305   Thumb Code     2  arm_startup_nrf52840.o(.text)
    BusFault_Handler                         0x00026307   Thumb Code     2  arm_startup_nrf52840.o(.text)
    UsageFault_Handler                       0x00026309   Thumb Code     2  arm_startup_nrf52840.o(.text)
    SVC_Handler                              0x0002630b   Thumb Code     2  arm_startup_nrf52840.o(.text)
    DebugMon_Handler                         0x0002630d   Thumb Code     2  arm_startup_nrf52840.o(.text)
    PendSV_Handler                           0x0002630f   Thumb Code     2  arm_startup_nrf52840.o(.text)
    SysTick_Handler                          0x00026311   Thumb Code     2  arm_startup_nrf52840.o(.text)
    CCM_AAR_IRQHandler                       0x00026313   Thumb Code     0  arm_startup_nrf52840.o(.text)
    CRYPTOCELL_IRQHandler                    0x00026313   Thumb Code     0  arm_startup_nrf52840.o(.text)
    ECB_IRQHandler                           0x00026313   Thumb Code     0  arm_startup_nrf52840.o(.text)
    FPU_IRQHandler                           0x00026313   Thumb Code     0  arm_startup_nrf52840.o(.text)
    I2S_IRQHandler                           0x00026313   Thumb Code     0  arm_startup_nrf52840.o(.text)
    MWU_IRQHandler                           0x00026313   Thumb Code     0  arm_startup_nrf52840.o(.text)
    NFCT_IRQHandler                          0x00026313   Thumb Code     0  arm_startup_nrf52840.o(.text)
    PDM_IRQHandler                           0x00026313   Thumb Code     0  arm_startup_nrf52840.o(.text)
    PWM0_IRQHandler                          0x00026313   Thumb Code     0  arm_startup_nrf52840.o(.text)
    PWM1_IRQHandler                          0x00026313   Thumb Code     0  arm_startup_nrf52840.o(.text)
    PWM2_IRQHandler                          0x00026313   Thumb Code     0  arm_startup_nrf52840.o(.text)
    PWM3_IRQHandler                          0x00026313   Thumb Code     0  arm_startup_nrf52840.o(.text)
    QDEC_IRQHandler                          0x00026313   Thumb Code     0  arm_startup_nrf52840.o(.text)
    QSPI_IRQHandler                          0x00026313   Thumb Code     0  arm_startup_nrf52840.o(.text)
    RADIO_IRQHandler                         0x00026313   Thumb Code     0  arm_startup_nrf52840.o(.text)
    RNG_IRQHandler                           0x00026313   Thumb Code     0  arm_startup_nrf52840.o(.text)
    RTC0_IRQHandler                          0x00026313   Thumb Code     0  arm_startup_nrf52840.o(.text)
    RTC2_IRQHandler                          0x00026313   Thumb Code     0  arm_startup_nrf52840.o(.text)
    SPIM1_SPIS1_TWIM1_TWIS1_SPI1_TWI1_IRQHandler 0x00026313   Thumb Code     0  arm_startup_nrf52840.o(.text)
    SPIM2_SPIS2_SPI2_IRQHandler              0x00026313   Thumb Code     0  arm_startup_nrf52840.o(.text)
    SPIM3_IRQHandler                         0x00026313   Thumb Code     0  arm_startup_nrf52840.o(.text)
    SWI1_EGU1_IRQHandler                     0x00026313   Thumb Code     0  arm_startup_nrf52840.o(.text)
    SWI3_EGU3_IRQHandler                     0x00026313   Thumb Code     0  arm_startup_nrf52840.o(.text)
    SWI4_EGU4_IRQHandler                     0x00026313   Thumb Code     0  arm_startup_nrf52840.o(.text)
    SWI5_EGU5_IRQHandler                     0x00026313   Thumb Code     0  arm_startup_nrf52840.o(.text)
    TEMP_IRQHandler                          0x00026313   Thumb Code     0  arm_startup_nrf52840.o(.text)
    TIMER0_IRQHandler                        0x00026313   Thumb Code     0  arm_startup_nrf52840.o(.text)
    TIMER1_IRQHandler                        0x00026313   Thumb Code     0  arm_startup_nrf52840.o(.text)
    TIMER2_IRQHandler                        0x00026313   Thumb Code     0  arm_startup_nrf52840.o(.text)
    TIMER3_IRQHandler                        0x00026313   Thumb Code     0  arm_startup_nrf52840.o(.text)
    TIMER4_IRQHandler                        0x00026313   Thumb Code     0  arm_startup_nrf52840.o(.text)
    UARTE1_IRQHandler                        0x00026313   Thumb Code     0  arm_startup_nrf52840.o(.text)
    USBD_IRQHandler                          0x00026313   Thumb Code     0  arm_startup_nrf52840.o(.text)
    WDT_IRQHandler                           0x00026313   Thumb Code     0  arm_startup_nrf52840.o(.text)
    __rt_ctype_table                         0x0002631d   Thumb Code     4  ctype_o.o(.text)
    __aeabi_memcpy                           0x00026325   Thumb Code    36  memcpya.o(.text)
    __aeabi_memcpy4                          0x00026325   Thumb Code     0  memcpya.o(.text)
    __aeabi_memcpy8                          0x00026325   Thumb Code     0  memcpya.o(.text)
    __aeabi_memset                           0x00026349   Thumb Code    14  memseta.o(.text)
    __aeabi_memset4                          0x00026349   Thumb Code     0  memseta.o(.text)
    __aeabi_memset8                          0x00026349   Thumb Code     0  memseta.o(.text)
    __aeabi_memclr                           0x00026357   Thumb Code     4  memseta.o(.text)
    __aeabi_memclr4                          0x00026357   Thumb Code     0  memseta.o(.text)
    __aeabi_memclr8                          0x00026357   Thumb Code     0  memseta.o(.text)
    _memset$wrapper                          0x0002635b   Thumb Code    18  memseta.o(.text)
    strlen                                   0x0002636d   Thumb Code    14  strlen.o(.text)
    strcpy                                   0x0002637b   Thumb Code    18  strcpy.o(.text)
    __aeabi_uidiv                            0x0002638d   Thumb Code     0  uidiv.o(.text)
    __aeabi_uidivmod                         0x0002638d   Thumb Code    44  uidiv.o(.text)
    __scatterload                            0x000263b9   Thumb Code    28  init.o(.text)
    __scatterload_rt2                        0x000263b9   Thumb Code     0  init.o(.text)
    COMP_LPCOMP_IRQHandler                   0x000263dd   Thumb Code    44  nrfx_lpcomp.o(i.COMP_LPCOMP_IRQHandler)
    GPIOTE_IRQHandler                        0x00026409   Thumb Code   428  nrfx_gpiote.o(i.GPIOTE_IRQHandler)
    POWER_CLOCK_IRQHandler                   0x00026621   Thumb Code    82  nrfx_clock.o(i.POWER_CLOCK_IRQHandler)
    RTC1_IRQHandler                          0x00026679   Thumb Code    32  app_timer.o(i.RTC1_IRQHandler)
    SAADC_IRQHandler                         0x0002669d   Thumb Code   320  nrfx_saadc.o(i.SAADC_IRQHandler)
    SEGGER_RTT_Init                          0x000267e5   Thumb Code     4  segger_rtt.o(i.SEGGER_RTT_Init)
    SEGGER_RTT_WriteNoLock                   0x000267e9   Thumb Code    86  segger_rtt.o(i.SEGGER_RTT_WriteNoLock)
    SPIM0_SPIS0_TWIM0_TWIS0_SPI0_TWI0_IRQHandler 0x00026845   Thumb Code     8  nrfx_twim.o(i.SPIM0_SPIS0_TWIM0_TWIS0_SPI0_TWI0_IRQHandler)
    SWI0_EGU0_IRQHandler                     0x00026855   Thumb Code     4  app_timer.o(i.SWI0_EGU0_IRQHandler)
    SWI2_EGU2_IRQHandler                     0x00026859   Thumb Code     4  nrf_sdh.o(i.SWI2_EGU2_IRQHandler)
    SystemInit                               0x0002685d   Thumb Code   416  system_nrf52840.o(i.SystemInit)
    UARTE0_UART0_IRQHandler                  0x00026a39   Thumb Code     6  nrfx_prs.o(i.UARTE0_UART0_IRQHandler)
    __0sprintf$1                             0x00026b61   Thumb Code    34  printf1.o(i.__0sprintf$1)
    __1sprintf$1                             0x00026b61   Thumb Code     0  printf1.o(i.__0sprintf$1)
    __2sprintf                               0x00026b61   Thumb Code     0  printf1.o(i.__0sprintf$1)
    __scatterload_copy                       0x00026b89   Thumb Code    14  handlers.o(i.__scatterload_copy)
    __scatterload_null                       0x00026b97   Thumb Code     2  handlers.o(i.__scatterload_null)
    __scatterload_zeroinit                   0x00026b99   Thumb Code    14  handlers.o(i.__scatterload_zeroinit)
    app_error_fault_handler                  0x00026d89   Thumb Code    86  app_error_weak.o(i.app_error_fault_handler)
    app_error_handler_bare                   0x00026e0d   Thumb Code    22  app_error.o(i.app_error_handler_bare)
    app_timer_create                         0x00026e25   Thumb Code    32  app_timer.o(i.app_timer_create)
    app_timer_init                           0x00026e49   Thumb Code    70  app_timer.o(i.app_timer_init)
    app_timer_start                          0x00026e9d   Thumb Code   128  app_timer.o(i.app_timer_start)
    app_timer_stop                           0x00026f25   Thumb Code    26  app_timer.o(i.app_timer_stop)
    app_util_critical_region_enter           0x00026f45   Thumb Code    64  app_util_platform.o(i.app_util_critical_region_enter)
    app_util_critical_region_exit            0x00026f8d   Thumb Code    46  app_util_platform.o(i.app_util_critical_region_exit)
    battery_voltage_get                      0x00026fc1   Thumb Code    54  main.o(i.battery_voltage_get)
    blcm_link_ctx_get                        0x00026ffd   Thumb Code    72  ble_link_ctx_manager.o(i.blcm_link_ctx_get)
    ble_advdata_encode                       0x00027045   Thumb Code   386  ble_advdata.o(i.ble_advdata_encode)
    ble_advdata_parse                        0x000271c7   Thumb Code    32  ble_advdata.o(i.ble_advdata_parse)
    ble_advdata_search                       0x000271e7   Thumb Code    56  ble_advdata.o(i.ble_advdata_search)
    ble_advertising_conn_cfg_tag_set         0x0002721f   Thumb Code     6  ble_advertising.o(i.ble_advertising_conn_cfg_tag_set)
    ble_advertising_init                     0x00027225   Thumb Code   254  ble_advertising.o(i.ble_advertising_init)
    ble_advertising_on_ble_evt               0x00027323   Thumb Code   106  ble_advertising.o(i.ble_advertising_on_ble_evt)
    ble_advertising_on_sys_evt               0x0002738d   Thumb Code     2  ble_advertising.o(i.ble_advertising_on_sys_evt)
    ble_advertising_start                    0x0002738f   Thumb Code   556  ble_advertising.o(i.ble_advertising_start)
    ble_conn_params_init                     0x000275bd   Thumb Code    90  ble_conn_params.o(i.ble_conn_params_init)
    ble_conn_state_conn_idx                  0x00027625   Thumb Code    18  ble_conn_state.o(i.ble_conn_state_conn_idx)
    ble_conn_state_valid                     0x00027639   Thumb Code    16  ble_conn_state.o(i.ble_conn_state_valid)
    ble_nus_data_send                        0x00027a05   Thumb Code   102  ble_nus.o(i.ble_nus_data_send)
    ble_nus_init                             0x00027a6d   Thumb Code   206  ble_nus.o(i.ble_nus_init)
    ble_nus_on_ble_evt                       0x00027b41   Thumb Code   112  ble_nus.o(i.ble_nus_on_ble_evt)
    ble_srv_is_notification_enabled          0x00027bb1   Thumb Code     8  ble_srv_common.o(i.ble_srv_is_notification_enabled)
    bsp_event_to_button_action_assign        0x00027bb9   Thumb Code    64  bsp.o(i.bsp_event_to_button_action_assign)
    buffer_is_empty                          0x00027cad   Thumb Code    16  nrf_log_frontend.o(i.buffer_is_empty)
    characteristic_add                       0x00027ced   Thumb Code   400  ble_srv_common.o(i.characteristic_add)
    check_msg_buffer                         0x00027e7d   Thumb Code    18  main.o(i.check_msg_buffer)
    conn_handle_list_get                     0x00027f85   Thumb Code    62  ble_conn_state.o(i.conn_handle_list_get)
    gatt_evt_handler                         0x000281d5   Thumb Code    52  main.o(i.gatt_evt_handler)
    gatt_init                                0x00028231   Thumb Code    38  main.o(i.gatt_init)
    init_ports                               0x0002826f   Thumb Code    30  main.o(i.init_ports)
    main                                     0x000285a1   Thumb Code   552  main.o(i.main)
    my_comm_send                             0x0002894d   Thumb Code    42  main.o(i.my_comm_send)
    my_comm_send_voltage                     0x0002897d   Thumb Code    62  main.o(i.my_comm_send_voltage)
    nrf_atflags_clear                        0x00028a7b   Thumb Code    22  nrf_atflags.o(i.nrf_atflags_clear)
    nrf_atflags_get                          0x00028a91   Thumb Code    22  nrf_atflags.o(i.nrf_atflags_get)
    nrf_atflags_set                          0x00028aa7   Thumb Code    20  nrf_atflags.o(i.nrf_atflags_set)
    nrf_atomic_flag_clear_fetch              0x00028abb   Thumb Code     6  nrf_atomic.o(i.nrf_atomic_flag_clear_fetch)
    nrf_atomic_flag_set                      0x00028ac1   Thumb Code     6  nrf_atomic.o(i.nrf_atomic_flag_set)
    nrf_atomic_u32_add                       0x00028ac7   Thumb Code    12  nrf_atomic.o(i.nrf_atomic_u32_add)
    nrf_atomic_u32_and                       0x00028ad3   Thumb Code    12  nrf_atomic.o(i.nrf_atomic_u32_and)
    nrf_atomic_u32_fetch_and                 0x00028adf   Thumb Code    10  nrf_atomic.o(i.nrf_atomic_u32_fetch_and)
    nrf_atomic_u32_fetch_store               0x00028ae9   Thumb Code    10  nrf_atomic.o(i.nrf_atomic_u32_fetch_store)
    nrf_atomic_u32_or                        0x00028af3   Thumb Code    12  nrf_atomic.o(i.nrf_atomic_u32_or)
    nrf_atomic_u32_sub                       0x00028aff   Thumb Code    12  nrf_atomic.o(i.nrf_atomic_u32_sub)
    nrf_balloc_alloc                         0x00028b0b   Thumb Code    68  nrf_balloc.o(i.nrf_balloc_alloc)
    nrf_balloc_free                          0x00028b4f   Thumb Code    48  nrf_balloc.o(i.nrf_balloc_free)
    nrf_balloc_init                          0x00028b7f   Thumb Code    48  nrf_balloc.o(i.nrf_balloc_init)
    nrf_ble_gatt_att_mtu_periph_set          0x00028bd3   Thumb Code    24  nrf_ble_gatt.o(i.nrf_ble_gatt_att_mtu_periph_set)
    nrf_ble_gatt_init                        0x00028beb   Thumb Code    34  nrf_ble_gatt.o(i.nrf_ble_gatt_init)
    nrf_ble_gatt_on_ble_evt                  0x00028c0d   Thumb Code   270  nrf_ble_gatt.o(i.nrf_ble_gatt_on_ble_evt)
    nrf_ble_qwr_conn_handle_assign           0x00028d5d   Thumb Code    22  nrf_ble_qwr.o(i.nrf_ble_qwr_conn_handle_assign)
    nrf_ble_qwr_init                         0x00028d73   Thumb Code    36  nrf_ble_qwr.o(i.nrf_ble_qwr_init)
    nrf_ble_qwr_on_ble_evt                   0x00028d97   Thumb Code   182  nrf_ble_qwr.o(i.nrf_ble_qwr_on_ble_evt)
    nrf_drv_clock_init                       0x00028e8d   Thumb Code    48  nrf_drv_clock.o(i.nrf_drv_clock_init)
    nrf_drv_clock_lfclk_release              0x00028ec5   Thumb Code    42  nrf_drv_clock.o(i.nrf_drv_clock_lfclk_release)
    nrf_fprintf                              0x00028ef5   Thumb Code    26  nrf_fprintf.o(i.nrf_fprintf)
    nrf_fprintf_buffer_flush                 0x00028f0f   Thumb Code    24  nrf_fprintf.o(i.nrf_fprintf_buffer_flush)
    nrf_fprintf_fmt                          0x00028f27   Thumb Code   474  nrf_fprintf_format.o(i.nrf_fprintf_fmt)
    nrf_log_backend_add                      0x00029215   Thumb Code    86  nrf_log_frontend.o(i.nrf_log_backend_add)
    nrf_log_backend_rtt_init                 0x00029273   Thumb Code     4  nrf_log_backend_rtt.o(i.nrf_log_backend_rtt_init)
    nrf_log_backend_serial_put               0x00029291   Thumb Code   200  nrf_log_backend_serial.o(i.nrf_log_backend_serial_put)
    nrf_log_color_id_get                     0x00029359   Thumb Code    42  nrf_log_frontend.o(i.nrf_log_color_id_get)
    nrf_log_default_backends_init            0x00029389   Thumb Code    24  nrf_log_default_backends.o(i.nrf_log_default_backends_init)
    nrf_log_frontend_dequeue                 0x000293a5   Thumb Code   528  nrf_log_frontend.o(i.nrf_log_frontend_dequeue)
    nrf_log_frontend_std_0                   0x000295d9   Thumb Code     8  nrf_log_frontend.o(i.nrf_log_frontend_std_0)
    nrf_log_frontend_std_1                   0x000295e1   Thumb Code    14  nrf_log_frontend.o(i.nrf_log_frontend_std_1)
    nrf_log_frontend_std_2                   0x000295ef   Thumb Code    16  nrf_log_frontend.o(i.nrf_log_frontend_std_2)
    nrf_log_hexdump_entry_process            0x00029601   Thumb Code   150  nrf_log_str_formatter.o(i.nrf_log_hexdump_entry_process)
    nrf_log_init                             0x000296b1   Thumb Code    46  nrf_log_frontend.o(i.nrf_log_init)
    nrf_log_module_cnt_get                   0x000296ed   Thumb Code    10  nrf_log_frontend.o(i.nrf_log_module_cnt_get)
    nrf_log_module_name_get                  0x00029701   Thumb Code    24  nrf_log_frontend.o(i.nrf_log_module_name_get)
    nrf_log_panic                            0x0002971d   Thumb Code    38  nrf_log_frontend.o(i.nrf_log_panic)
    nrf_log_std_entry_process                0x00029749   Thumb Code   182  nrf_log_str_formatter.o(i.nrf_log_std_entry_process)
    nrf_memobj_alloc                         0x000297ff   Thumb Code    96  nrf_memobj.o(i.nrf_memobj_alloc)
    nrf_memobj_free                          0x0002985f   Thumb Code    50  nrf_memobj.o(i.nrf_memobj_free)
    nrf_memobj_get                           0x00029891   Thumb Code     8  nrf_memobj.o(i.nrf_memobj_get)
    nrf_memobj_pool_init                     0x00029899   Thumb Code     4  nrf_memobj.o(i.nrf_memobj_pool_init)
    nrf_memobj_put                           0x0002989d   Thumb Code    30  nrf_memobj.o(i.nrf_memobj_put)
    nrf_memobj_read                          0x000298bb   Thumb Code    16  nrf_memobj.o(i.nrf_memobj_read)
    nrf_memobj_write                         0x000298cb   Thumb Code    16  nrf_memobj.o(i.nrf_memobj_write)
    nrf_pwr_mgmt_init                        0x000298dd   Thumb Code    28  nrf_pwr_mgmt.o(i.nrf_pwr_mgmt_init)
    nrf_pwr_mgmt_run                         0x00029905   Thumb Code    64  nrf_pwr_mgmt.o(i.nrf_pwr_mgmt_run)
    nrf_ringbuf_init                         0x0002994d   Thumb Code    28  nrf_ringbuf.o(i.nrf_ringbuf_init)
    nrf_sdh_ble_app_ram_start_get            0x000299b1   Thumb Code    16  nrf_sdh_ble.o(i.nrf_sdh_ble_app_ram_start_get)
    nrf_sdh_ble_default_cfg_set              0x000299c5   Thumb Code   272  nrf_sdh_ble.o(i.nrf_sdh_ble_default_cfg_set)
    nrf_sdh_ble_enable                       0x00029af5   Thumb Code   116  nrf_sdh_ble.o(i.nrf_sdh_ble_enable)
    nrf_sdh_enable_request                   0x00029c85   Thumb Code   102  nrf_sdh.o(i.nrf_sdh_enable_request)
    nrf_sdh_evts_poll                        0x00029cf9   Thumb Code    32  nrf_sdh.o(i.nrf_sdh_evts_poll)
    nrf_sdh_is_enabled                       0x00029d1d   Thumb Code     6  nrf_sdh.o(i.nrf_sdh_is_enabled)
    nrf_section_iter_init                    0x00029d65   Thumb Code    10  nrf_section_iter.o(i.nrf_section_iter_init)
    nrf_section_iter_next                    0x00029d93   Thumb Code    32  nrf_section_iter.o(i.nrf_section_iter_next)
    nrf_strerror_find                        0x00029db5   Thumb Code    52  nrf_strerror.o(i.nrf_strerror_find)
    nrf_strerror_get                         0x00029ded   Thumb Code    14  nrf_strerror.o(i.nrf_strerror_get)
    nrfx_clock_enable                        0x00029e19   Thumb Code    34  nrfx_clock.o(i.nrfx_clock_enable)
    nrfx_clock_init                          0x00029e45   Thumb Code    26  nrfx_clock.o(i.nrfx_clock_init)
    nrfx_clock_lfclk_stop                    0x00029e65   Thumb Code    20  nrfx_clock.o(i.nrfx_clock_lfclk_stop)
    nrfx_gpiote_init                         0x00029e91   Thumb Code   100  nrfx_gpiote.o(i.nrfx_gpiote_init)
    nrfx_saadc_buffer_convert                0x00029f01   Thumb Code   154  nrfx_saadc.o(i.nrfx_saadc_buffer_convert)
    nrfx_saadc_channel_init                  0x00029fa5   Thumb Code   132  nrfx_saadc.o(i.nrfx_saadc_channel_init)
    nrfx_saadc_init                          0x0002a031   Thumb Code   130  nrfx_saadc.o(i.nrfx_saadc_init)
    nrfx_saadc_is_busy                       0x0002a0c5   Thumb Code    12  nrfx_saadc.o(i.nrfx_saadc_is_busy)
    nrfx_saadc_sample                        0x0002a0d5   Thumb Code    34  nrfx_saadc.o(i.nrfx_saadc_sample)
    pop_msg_from_buffer                      0x0002a385   Thumb Code   178  main.o(i.pop_msg_from_buffer)
    push_msg_to_buffer                       0x0002a51d   Thumb Code    76  main.o(i.push_msg_to_buffer)
    saadc_callback                           0x0002a5ad   Thumb Code    42  main.o(i.saadc_callback)
    saadc_init                               0x0002a5dd   Thumb Code    44  main.o(i.saadc_init)
    timeout_handler                          0x0002a8d1   Thumb Code    10  main.o(i.timeout_handler)
    m_twi                                    0x0002ae98   Data          16  main.o(.constdata)
    nrf_log_backend_rtt_api                  0x0002b0d8   Data          12  nrf_log_backend_rtt.o(.constdata)
    m_ram_start                              0x0002b17c   Data           4  nrf_sdh_ble.o(.constdata)
    __ctype_table                            0x0002b1a8   Data         129  ctype_o.o(.constdata)
    Region$$Table$$Base                      0x0002b994   Number         0  anon$$obj.o(Region$$Table)
    Region$$Table$$Limit                     0x0002b9b4   Number         0  anon$$obj.o(Region$$Table)
    log_const_data$$Base                     0x0002b9c4   Number         0  nrf_ble_gatt.o(log_const_data)
    m_nrf_log_nrf_ble_gatt_logs_data_const   0x0002b9c4   Data           8  nrf_ble_gatt.o(log_const_data)
    m_nrf_log_ble_nus_logs_data_const        0x0002b9cc   Data           8  ble_nus.o(log_const_data)
    m_nrf_log_clock_logs_data_const          0x0002b9d4   Data           8  nrf_drv_clock.o(log_const_data)
    m_nrf_log_CLOCK_logs_data_const          0x0002b9dc   Data           8  nrfx_clock.o(log_const_data)
    m_nrf_log_GPIOTE_logs_data_const         0x0002b9e4   Data           8  nrfx_gpiote.o(log_const_data)
    m_nrf_log_PRS_logs_data_const            0x0002b9ec   Data           8  nrfx_prs.o(log_const_data)
    m_nrf_log_UART_logs_data_const           0x0002b9f4   Data           8  nrfx_uart.o(log_const_data)
    m_nrf_log_UARTE_logs_data_const          0x0002b9fc   Data           8  nrfx_uarte.o(log_const_data)
    m_nrf_log_TWIM_logs_data_const           0x0002ba04   Data           8  nrfx_twim.o(log_const_data)
    m_nrf_log_LPCOMP_logs_data_const         0x0002ba0c   Data           8  nrfx_lpcomp.o(log_const_data)
    m_nrf_log_SAADC_logs_data_const          0x0002ba14   Data           8  nrfx_saadc.o(log_const_data)
    m_nrf_log_pwr_mgmt_logs_data_const       0x0002ba1c   Data           8  nrf_pwr_mgmt.o(log_const_data)
    m_nrf_log_app_logs_data_const            0x0002ba24   Data           8  nrf_log_frontend.o(log_const_data)
    m_nrf_log_nrf_sdh_logs_data_const        0x0002ba2c   Data           8  nrf_sdh.o(log_const_data)
    m_nrf_log_nrf_sdh_ble_logs_data_const    0x0002ba34   Data           8  nrf_sdh_ble.o(log_const_data)
    m_nrf_log_nrf_sdh_soc_logs_data_const    0x0002ba3c   Data           8  nrf_sdh_soc.o(log_const_data)
    log_const_data$$Limit                    0x0002ba44   Number         0  nrf_sdh_soc.o(log_const_data)
    log_mempool                              0x0002ba44   Data          20  nrf_log_frontend.o(nrf_balloc)
    sdh_ble_observers0$$Base                 0x0002ba58   Number         0  ble_conn_state.o(sdh_ble_observers0)
    sdh_ble_observers0$$Limit                0x0002ba60   Number         0  ble_conn_state.o(sdh_ble_observers0)
    sdh_ble_observers1$$Base                 0x0002ba60   Number         0  main.o(sdh_ble_observers1)
    sdh_ble_observers1$$Limit                0x0002ba80   Number         0  ble_conn_params.o(sdh_ble_observers1)
    sdh_ble_observers2$$Base                 0x0002ba80   Number         0  main.o(sdh_ble_observers2)
    sdh_ble_observers2$$Limit                0x0002ba90   Number         0  main.o(sdh_ble_observers2)
    sdh_ble_observers3$$Base                 0x0002ba90   Number         0  main.o(sdh_ble_observers3)
    sdh_ble_observers3$$Limit                0x0002ba98   Number         0  main.o(sdh_ble_observers3)
    sdh_soc_observers0$$Base                 0x0002ba98   Number         0  nrf_drv_clock.o(sdh_soc_observers0)
    sdh_soc_observers0$$Limit                0x0002baa0   Number         0  nrf_drv_clock.o(sdh_soc_observers0)
    sdh_soc_observers1$$Base                 0x0002baa0   Number         0  main.o(sdh_soc_observers1)
    sdh_soc_observers1$$Limit                0x0002baa8   Number         0  main.o(sdh_soc_observers1)
    sdh_stack_observers0$$Base               0x0002baa8   Number         0  nrf_sdh_ble.o(sdh_stack_observers0)
    sdh_stack_observers0$$Limit              0x0002bab8   Number         0  nrf_sdh_soc.o(sdh_stack_observers0)
    sdh_state_observers0$$Base               0x0002bab8   Number         0  nrf_drv_clock.o(sdh_state_observers0)
    sdh_state_observers0$$Limit              0x0002bac0   Number         0  nrf_drv_clock.o(sdh_state_observers0)
    UICR_ADDR_0x80                           0x10001304   Data           4  main.o(.ARM.__AT_0x10001304)
    Image$$RW_IRAM1$$Base                    0x20002a98   Number         0  anon$$obj.o ABSOLUTE
    m_nConnStatus                            0x20002aa2   Data           1  main.o(.data)
    SystemCoreClock                          0x20002b78   Data           4  system_nrf52840.o(.data)
    nrf_nvic_state                           0x20003204   Data          12  app_util_platform.o(.bss)
    _SEGGER_RTT                              0x200037d8   Data         120  segger_rtt.o(.bss)
    __initial_sp                             0x20005a60   Data           0  arm_startup_nrf52840.o(STACK)



==============================================================================

Memory Map of the image

  Image Entry point : 0x00026201

  Load Region LR_IROM1 (Base: 0x00026000, Size: 0x00005ba4, Max: 0x000da000, ABSOLUTE)

    Execution Region ER_IROM1 (Exec base: 0x00026000, Load base: 0x00026000, Size: 0x00005ac0, Max: 0x000da000, ABSOLUTE)

    Exec Addr    Load Addr    Size         Type   Attr      Idx    E Section Name        Object

    0x00026000   0x00026000   0x00000200   Data   RO         5876    RESET               arm_startup_nrf52840.o
    0x00026200   0x00026200   0x00000000   Code   RO         5917  * .ARM.Collect$$$$00000000  mc_w.l(entry.o)
    0x00026200   0x00026200   0x00000004   Code   RO         6225    .ARM.Collect$$$$00000001  mc_w.l(entry2.o)
    0x00026204   0x00026204   0x00000004   Code   RO         6228    .ARM.Collect$$$$00000004  mc_w.l(entry5.o)
    0x00026208   0x00026208   0x00000000   Code   RO         6230    .ARM.Collect$$$$00000008  mc_w.l(entry7b.o)
    0x00026208   0x00026208   0x00000000   Code   RO         6232    .ARM.Collect$$$$0000000A  mc_w.l(entry8b.o)
    0x00026208   0x00026208   0x00000008   Code   RO         6233    .ARM.Collect$$$$0000000B  mc_w.l(entry9a.o)
    0x00026210   0x00026210   0x00000000   Code   RO         6235    .ARM.Collect$$$$0000000D  mc_w.l(entry10a.o)
    0x00026210   0x00026210   0x00000000   Code   RO         6237    .ARM.Collect$$$$0000000F  mc_w.l(entry11a.o)
    0x00026210   0x00026210   0x00000004   Code   RO         6226    .ARM.Collect$$$$00002712  mc_w.l(entry2.o)
    0x00026214   0x00026214   0x000000e2   Code   RO         4463    .emb_text           nrf_atomic.o
    0x000262f6   0x000262f6   0x00000002   PAD
    0x000262f8   0x000262f8   0x00000024   Code   RO         5877    .text               arm_startup_nrf52840.o
    0x0002631c   0x0002631c   0x00000008   Code   RO         5924    .text               mc_w.l(ctype_o.o)
    0x00026324   0x00026324   0x00000024   Code   RO         5952    .text               mc_w.l(memcpya.o)
    0x00026348   0x00026348   0x00000024   Code   RO         5954    .text               mc_w.l(memseta.o)
    0x0002636c   0x0002636c   0x0000000e   Code   RO         5956    .text               mc_w.l(strlen.o)
    0x0002637a   0x0002637a   0x00000012   Code   RO         5960    .text               mc_w.l(strcpy.o)
    0x0002638c   0x0002638c   0x0000002c   Code   RO         6239    .text               mc_w.l(uidiv.o)
    0x000263b8   0x000263b8   0x00000024   Code   RO         6254    .text               mc_w.l(init.o)
    0x000263dc   0x000263dc   0x0000002c   Code   RO         3385    i.COMP_LPCOMP_IRQHandler  nrfx_lpcomp.o
    0x00026408   0x00026408   0x000001b4   Code   RO         2521    i.GPIOTE_IRQHandler  nrfx_gpiote.o
    0x000265bc   0x000265bc   0x00000016   Code   RO         3961    i.NVIC_ClearPendingIRQ  app_timer.o
    0x000265d2   0x000265d2   0x00000016   Code   RO         3962    i.NVIC_EnableIRQ    app_timer.o
    0x000265e8   0x000265e8   0x00000016   Code   RO         3963    i.NVIC_SetPendingIRQ  app_timer.o
    0x000265fe   0x000265fe   0x00000020   Code   RO         3964    i.NVIC_SetPriority  app_timer.o
    0x0002661e   0x0002661e   0x00000002   PAD
    0x00026620   0x00026620   0x00000058   Code   RO         2383    i.POWER_CLOCK_IRQHandler  nrfx_clock.o
    0x00026678   0x00026678   0x00000024   Code   RO         3965    i.RTC1_IRQHandler   app_timer.o
    0x0002669c   0x0002669c   0x00000148   Code   RO         3454    i.SAADC_IRQHandler  nrfx_saadc.o
    0x000267e4   0x000267e4   0x00000004   Code   RO         5416    i.SEGGER_RTT_Init   segger_rtt.o
    0x000267e8   0x000267e8   0x0000005c   Code   RO         5430    i.SEGGER_RTT_WriteNoLock  segger_rtt.o
    0x00026844   0x00026844   0x00000010   Code   RO         3245    i.SPIM0_SPIS0_TWIM0_TWIS0_SPI0_TWI0_IRQHandler  nrfx_twim.o
    0x00026854   0x00026854   0x00000004   Code   RO         3966    i.SWI0_EGU0_IRQHandler  app_timer.o
    0x00026858   0x00026858   0x00000004   Code   RO         5667    i.SWI2_EGU2_IRQHandler  nrf_sdh.o
    0x0002685c   0x0002685c   0x000001dc   Code   RO         5885    i.SystemInit        system_nrf52840.o
    0x00026a38   0x00026a38   0x0000000c   Code   RO         2810    i.UARTE0_UART0_IRQHandler  nrfx_prs.o
    0x00026a44   0x00026a44   0x00000068   Code   RO         5434    i._DoInit           segger_rtt.o
    0x00026aac   0x00026aac   0x00000016   Code   RO         5435    i._GetAvailWriteSpace  segger_rtt.o
    0x00026ac2   0x00026ac2   0x0000005a   Code   RO         5437    i._WriteBlocking    segger_rtt.o
    0x00026b1c   0x00026b1c   0x00000042   Code   RO         5438    i._WriteNoCheck     segger_rtt.o
    0x00026b5e   0x00026b5e   0x00000002   PAD
    0x00026b60   0x00026b60   0x00000028   Code   RO         6011    i.__0sprintf$1      mc_w.l(printf1.o)
    0x00026b88   0x00026b88   0x0000000e   Code   RO         6262    i.__scatterload_copy  mc_w.l(handlers.o)
    0x00026b96   0x00026b96   0x00000002   Code   RO         6263    i.__scatterload_null  mc_w.l(handlers.o)
    0x00026b98   0x00026b98   0x0000000e   Code   RO         6264    i.__scatterload_zeroinit  mc_w.l(handlers.o)
    0x00026ba6   0x00026ba6   0x00000002   PAD
    0x00026ba8   0x00026ba8   0x00000024   Code   RO         5668    i.__sd_nvic_app_accessible_irq  nrf_sdh.o
    0x00026bcc   0x00026bcc   0x00000154   Code   RO         6016    i._printf_core      mc_w.l(printf1.o)
    0x00026d20   0x00026d20   0x0000000a   Code   RO         6018    i._sputc            mc_w.l(printf1.o)
    0x00026d2a   0x00026d2a   0x00000036   Code   RO         1189    i.advertising_buttons_configure  bsp_btn_ble.o
    0x00026d60   0x00026d60   0x00000028   Code   RO            4    i.advertising_start  main.o
    0x00026d88   0x00026d88   0x00000084   Code   RO         3794    i.app_error_fault_handler  app_error_weak.o
    0x00026e0c   0x00026e0c   0x00000016   Code   RO         3734    i.app_error_handler_bare  app_error.o
    0x00026e22   0x00026e22   0x00000002   PAD
    0x00026e24   0x00026e24   0x00000024   Code   RO         3969    i.app_timer_create  app_timer.o
    0x00026e48   0x00026e48   0x00000054   Code   RO         3970    i.app_timer_init    app_timer.o
    0x00026e9c   0x00026e9c   0x00000088   Code   RO         3973    i.app_timer_start   app_timer.o
    0x00026f24   0x00026f24   0x00000020   Code   RO         3974    i.app_timer_stop    app_timer.o
    0x00026f44   0x00026f44   0x00000048   Code   RO         4211    i.app_util_critical_region_enter  app_util_platform.o
    0x00026f8c   0x00026f8c   0x00000034   Code   RO         4212    i.app_util_critical_region_exit  app_util_platform.o
    0x00026fc0   0x00026fc0   0x0000003c   Code   RO            6    i.battery_voltage_get  main.o
    0x00026ffc   0x00026ffc   0x00000048   Code   RO         1759    i.blcm_link_ctx_get  ble_link_ctx_manager.o
    0x00027044   0x00027044   0x00000182   Code   RO         1309    i.ble_advdata_encode  ble_advdata.o
    0x000271c6   0x000271c6   0x00000020   Code   RO         1311    i.ble_advdata_parse  ble_advdata.o
    0x000271e6   0x000271e6   0x00000038   Code   RO         1312    i.ble_advdata_search  ble_advdata.o
    0x0002721e   0x0002721e   0x00000006   Code   RO         1425    i.ble_advertising_conn_cfg_tag_set  ble_advertising.o
    0x00027224   0x00027224   0x000000fe   Code   RO         1426    i.ble_advertising_init  ble_advertising.o
    0x00027322   0x00027322   0x0000006a   Code   RO         1428    i.ble_advertising_on_ble_evt  ble_advertising.o
    0x0002738c   0x0002738c   0x00000002   Code   RO         1429    i.ble_advertising_on_sys_evt  ble_advertising.o
    0x0002738e   0x0002738e   0x0000022c   Code   RO         1432    i.ble_advertising_start  ble_advertising.o
    0x000275ba   0x000275ba   0x00000002   PAD
    0x000275bc   0x000275bc   0x00000068   Code   RO         1527    i.ble_conn_params_init  ble_conn_params.o
    0x00027624   0x00027624   0x00000012   Code   RO         1602    i.ble_conn_state_conn_idx  ble_conn_state.o
    0x00027636   0x00027636   0x00000002   PAD
    0x00027638   0x00027638   0x00000014   Code   RO         1615    i.ble_conn_state_valid  ble_conn_state.o
    0x0002764c   0x0002764c   0x00000060   Code   RO         1315    i.ble_device_addr_encode  ble_advdata.o
    0x000276ac   0x000276ac   0x000000e8   Code   RO            7    i.ble_evt_handler   main.o
    0x00027794   0x00027794   0x00000070   Code   RO         1190    i.ble_evt_handler   bsp_btn_ble.o
    0x00027804   0x00027804   0x000000fc   Code   RO         1529    i.ble_evt_handler   ble_conn_params.o
    0x00027900   0x00027900   0x00000104   Code   RO         1616    i.ble_evt_handler   ble_conn_state.o
    0x00027a04   0x00027a04   0x00000066   Code   RO         1988    i.ble_nus_data_send  ble_nus.o
    0x00027a6a   0x00027a6a   0x00000002   PAD
    0x00027a6c   0x00027a6c   0x000000d4   Code   RO         1989    i.ble_nus_init      ble_nus.o
    0x00027b40   0x00027b40   0x00000070   Code   RO         1990    i.ble_nus_on_ble_evt  ble_nus.o
    0x00027bb0   0x00027bb0   0x00000008   Code   RO         1785    i.ble_srv_is_notification_enabled  ble_srv_common.o
    0x00027bb8   0x00027bb8   0x00000044   Code   RO         1077    i.bsp_event_to_button_action_assign  bsp.o
    0x00027bfc   0x00027bfc   0x00000090   Code   RO         5171    i.buf_prealloc      nrf_log_frontend.o
    0x00027c8c   0x00027c8c   0x0000001e   Code   RO         4675    i.buffer_add        nrf_fprintf_format.o
    0x00027caa   0x00027caa   0x00000002   PAD
    0x00027cac   0x00027cac   0x00000014   Code   RO         5172    i.buffer_is_empty   nrf_log_frontend.o
    0x00027cc0   0x00027cc0   0x0000001c   Code   RO         2522    i.channel_free      nrfx_gpiote.o
    0x00027cdc   0x00027cdc   0x00000010   Code   RO         2524    i.channel_port_get  nrfx_gpiote.o
    0x00027cec   0x00027cec   0x00000190   Code   RO         1787    i.characteristic_add  ble_srv_common.o
    0x00027e7c   0x00027e7c   0x00000018   Code   RO            8    i.check_msg_buffer  main.o
    0x00027e94   0x00027e94   0x00000028   Code   RO         2046    i.clock_clk_started_notify  nrf_drv_clock.o
    0x00027ebc   0x00027ebc   0x0000001c   Code   RO         2047    i.clock_irq_handler  nrf_drv_clock.o
    0x00027ed8   0x00027ed8   0x000000ac   Code   RO         3976    i.compare_reg_update  app_timer.o
    0x00027f84   0x00027f84   0x0000003e   Code   RO         1617    i.conn_handle_list_get  ble_conn_state.o
    0x00027fc2   0x00027fc2   0x00000088   Code   RO         1316    i.conn_int_encode   ble_advdata.o
    0x0002804a   0x0002804a   0x00000004   Code   RO            9    i.conn_params_error_handler  main.o
    0x0002804e   0x0002804e   0x00000002   PAD
    0x00028050   0x00028050   0x00000048   Code   RO         1530    i.conn_params_negotiation  ble_conn_params.o
    0x00028098   0x00028098   0x000000c0   Code   RO         1845    i.data_length_update  nrf_ble_gatt.o
    0x00028158   0x00028158   0x00000014   Code   RO         5173    i.dropped_sat16_get  nrf_log_frontend.o
    0x0002816c   0x0002816c   0x00000040   Code   RO         3977    i.elapsed_ticks_acquire  app_timer.o
    0x000281ac   0x000281ac   0x00000028   Code   RO         1434    i.flags_set         ble_advertising.o
    0x000281d4   0x000281d4   0x0000005c   Code   RO           11    i.gatt_evt_handler  main.o
    0x00028230   0x00028230   0x00000030   Code   RO           12    i.gatt_init         main.o
    0x00028260   0x00028260   0x0000000e   Code   RO           14    i.idle_state_handle  main.o
    0x0002826e   0x0002826e   0x0000001e   Code   RO           19    i.init_ports        main.o
    0x0002828c   0x0002828c   0x00000014   Code   RO         1531    i.instance_get      ble_conn_params.o
    0x000282a0   0x000282a0   0x000000a6   Code   RO         4676    i.int_print         nrf_fprintf_format.o
    0x00028346   0x00028346   0x00000034   Code   RO         5174    i.invalid_packets_omit  nrf_log_frontend.o
    0x0002837a   0x0002837a   0x00000044   Code   RO         1532    i.is_conn_params_ok  ble_conn_params.o
    0x000283be   0x000283be   0x00000018   Code   RO         1846    i.link_init         nrf_ble_gatt.o
    0x000283d6   0x000283d6   0x00000002   PAD
    0x000283d8   0x000283d8   0x000000f8   Code   RO         3978    i.list_insertions_handler  app_timer.o
    0x000284d0   0x000284d0   0x0000009c   Code   RO         5175    i.log_skip          nrf_log_frontend.o
    0x0002856c   0x0002856c   0x00000034   Code   RO         3386    i.lpcomp_execute_handler  nrfx_lpcomp.o
    0x000285a0   0x000285a0   0x00000298   Code   RO           25    i.main              main.o
    0x00028838   0x00028838   0x00000064   Code   RO         1317    i.manuf_specific_data_encode  ble_advdata.o
    0x0002889c   0x0002889c   0x0000007e   Code   RO         4715    i.memobj_op         nrf_memobj.o
    0x0002891a   0x0002891a   0x00000002   PAD
    0x0002891c   0x0002891c   0x00000030   Code   RO         5176    i.module_idx_get    nrf_log_frontend.o
    0x0002894c   0x0002894c   0x00000030   Code   RO           27    i.my_comm_send      main.o
    0x0002897c   0x0002897c   0x00000058   Code   RO           36    i.my_comm_send_voltage  main.o
    0x000289d4   0x000289d4   0x000000a6   Code   RO         1318    i.name_encode       ble_advdata.o
    0x00028a7a   0x00028a7a   0x00000016   Code   RO         4397    i.nrf_atflags_clear  nrf_atflags.o
    0x00028a90   0x00028a90   0x00000016   Code   RO         4402    i.nrf_atflags_get   nrf_atflags.o
    0x00028aa6   0x00028aa6   0x00000014   Code   RO         4404    i.nrf_atflags_set   nrf_atflags.o
    0x00028aba   0x00028aba   0x00000006   Code   RO         4465    i.nrf_atomic_flag_clear_fetch  nrf_atomic.o
    0x00028ac0   0x00028ac0   0x00000006   Code   RO         4466    i.nrf_atomic_flag_set  nrf_atomic.o
    0x00028ac6   0x00028ac6   0x0000000c   Code   RO         4468    i.nrf_atomic_u32_add  nrf_atomic.o
    0x00028ad2   0x00028ad2   0x0000000c   Code   RO         4469    i.nrf_atomic_u32_and  nrf_atomic.o
    0x00028ade   0x00028ade   0x0000000a   Code   RO         4472    i.nrf_atomic_u32_fetch_and  nrf_atomic.o
    0x00028ae8   0x00028ae8   0x0000000a   Code   RO         4474    i.nrf_atomic_u32_fetch_store  nrf_atomic.o
    0x00028af2   0x00028af2   0x0000000c   Code   RO         4478    i.nrf_atomic_u32_or  nrf_atomic.o
    0x00028afe   0x00028afe   0x0000000c   Code   RO         4480    i.nrf_atomic_u32_sub  nrf_atomic.o
    0x00028b0a   0x00028b0a   0x00000044   Code   RO         4599    i.nrf_balloc_alloc  nrf_balloc.o
    0x00028b4e   0x00028b4e   0x00000030   Code   RO         4600    i.nrf_balloc_free   nrf_balloc.o
    0x00028b7e   0x00028b7e   0x00000030   Code   RO         4601    i.nrf_balloc_init   nrf_balloc.o
    0x00028bae   0x00028bae   0x00000010   Code   RO         2525    i.nrf_bitmask_bit_is_set  nrfx_gpiote.o
    0x00028bbe   0x00028bbe   0x00000014   Code   RO         2526    i.nrf_bitmask_bit_set  nrfx_gpiote.o
    0x00028bd2   0x00028bd2   0x00000018   Code   RO         1848    i.nrf_ble_gatt_att_mtu_periph_set  nrf_ble_gatt.o
    0x00028bea   0x00028bea   0x00000022   Code   RO         1852    i.nrf_ble_gatt_init  nrf_ble_gatt.o
    0x00028c0c   0x00028c0c   0x00000150   Code   RO         1853    i.nrf_ble_gatt_on_ble_evt  nrf_ble_gatt.o
    0x00028d5c   0x00028d5c   0x00000016   Code   RO         1947    i.nrf_ble_qwr_conn_handle_assign  nrf_ble_qwr.o
    0x00028d72   0x00028d72   0x00000024   Code   RO         1948    i.nrf_ble_qwr_init  nrf_ble_qwr.o
    0x00028d96   0x00028d96   0x000000b6   Code   RO         1949    i.nrf_ble_qwr_on_ble_evt  nrf_ble_qwr.o
    0x00028e4c   0x00028e4c   0x0000000e   Code   RO         2384    i.nrf_clock_event_check  nrfx_clock.o
    0x00028e5a   0x00028e5a   0x00000010   Code   RO         2385    i.nrf_clock_event_clear  nrfx_clock.o
    0x00028e6a   0x00028e6a   0x00000002   PAD
    0x00028e6c   0x00028e6c   0x00000020   Code   RO           38    i.nrf_delay_ms      main.o
    0x00028e8c   0x00028e8c   0x00000038   Code   RO         2054    i.nrf_drv_clock_init  nrf_drv_clock.o
    0x00028ec4   0x00028ec4   0x00000030   Code   RO         2058    i.nrf_drv_clock_lfclk_release  nrf_drv_clock.o
    0x00028ef4   0x00028ef4   0x0000001a   Code   RO         4636    i.nrf_fprintf       nrf_fprintf.o
    0x00028f0e   0x00028f0e   0x00000018   Code   RO         4637    i.nrf_fprintf_buffer_flush  nrf_fprintf.o
    0x00028f26   0x00028f26   0x000001da   Code   RO         4677    i.nrf_fprintf_fmt   nrf_fprintf_format.o
    0x00029100   0x00029100   0x00000032   Code   RO           39    i.nrf_gpio_cfg      main.o
    0x00029132   0x00029132   0x00000030   Code   RO         2529    i.nrf_gpio_cfg_sense_set  nrfx_gpiote.o
    0x00029162   0x00029162   0x00000014   Code   RO           40    i.nrf_gpio_pin_clear  main.o
    0x00029176   0x00029176   0x00000002   PAD
    0x00029178   0x00029178   0x0000001c   Code   RO           41    i.nrf_gpio_pin_port_decode  main.o
    0x00029194   0x00029194   0x0000001c   Code   RO         2531    i.nrf_gpio_pin_port_decode  nrfx_gpiote.o
    0x000291b0   0x000291b0   0x00000014   Code   RO           42    i.nrf_gpio_pin_set  main.o
    0x000291c4   0x000291c4   0x0000002c   Code   RO         2534    i.nrf_gpio_ports_read  nrfx_gpiote.o
    0x000291f0   0x000291f0   0x00000014   Code   RO         2535    i.nrf_gpiote_event_clear  nrfx_gpiote.o
    0x00029204   0x00029204   0x00000010   Code   RO         2536    i.nrf_gpiote_event_is_set  nrfx_gpiote.o
    0x00029214   0x00029214   0x0000005c   Code   RO         5177    i.nrf_log_backend_add  nrf_log_frontend.o
    0x00029270   0x00029270   0x00000002   Code   RO         5035    i.nrf_log_backend_rtt_flush  nrf_log_backend_rtt.o
    0x00029272   0x00029272   0x00000004   Code   RO         5036    i.nrf_log_backend_rtt_init  nrf_log_backend_rtt.o
    0x00029276   0x00029276   0x00000002   Code   RO         5037    i.nrf_log_backend_rtt_panic_set  nrf_log_backend_rtt.o
    0x00029278   0x00029278   0x00000018   Code   RO         5038    i.nrf_log_backend_rtt_put  nrf_log_backend_rtt.o
    0x00029290   0x00029290   0x000000c8   Code   RO         5101    i.nrf_log_backend_serial_put  nrf_log_backend_serial.o
    0x00029358   0x00029358   0x00000030   Code   RO         5179    i.nrf_log_color_id_get  nrf_log_frontend.o
    0x00029388   0x00029388   0x0000001c   Code   RO         5135    i.nrf_log_default_backends_init  nrf_log_default_backends.o
    0x000293a4   0x000293a4   0x00000234   Code   RO         5180    i.nrf_log_frontend_dequeue  nrf_log_frontend.o
    0x000295d8   0x000295d8   0x00000008   Code   RO         5182    i.nrf_log_frontend_std_0  nrf_log_frontend.o
    0x000295e0   0x000295e0   0x0000000e   Code   RO         5183    i.nrf_log_frontend_std_1  nrf_log_frontend.o
    0x000295ee   0x000295ee   0x00000010   Code   RO         5184    i.nrf_log_frontend_std_2  nrf_log_frontend.o
    0x000295fe   0x000295fe   0x00000002   PAD
    0x00029600   0x00029600   0x000000b0   Code   RO         5357    i.nrf_log_hexdump_entry_process  nrf_log_str_formatter.o
    0x000296b0   0x000296b0   0x0000003c   Code   RO         5189    i.nrf_log_init      nrf_log_frontend.o
    0x000296ec   0x000296ec   0x00000014   Code   RO         5190    i.nrf_log_module_cnt_get  nrf_log_frontend.o
    0x00029700   0x00029700   0x0000001c   Code   RO         5193    i.nrf_log_module_name_get  nrf_log_frontend.o
    0x0002971c   0x0002971c   0x0000002c   Code   RO         5194    i.nrf_log_panic     nrf_log_frontend.o
    0x00029748   0x00029748   0x000000b6   Code   RO         5358    i.nrf_log_std_entry_process  nrf_log_str_formatter.o
    0x000297fe   0x000297fe   0x00000060   Code   RO         4716    i.nrf_memobj_alloc  nrf_memobj.o
    0x0002985e   0x0002985e   0x00000032   Code   RO         4717    i.nrf_memobj_free   nrf_memobj.o
    0x00029890   0x00029890   0x00000008   Code   RO         4718    i.nrf_memobj_get    nrf_memobj.o
    0x00029898   0x00029898   0x00000004   Code   RO         4719    i.nrf_memobj_pool_init  nrf_memobj.o
    0x0002989c   0x0002989c   0x0000001e   Code   RO         4720    i.nrf_memobj_put    nrf_memobj.o
    0x000298ba   0x000298ba   0x00000010   Code   RO         4721    i.nrf_memobj_read   nrf_memobj.o
    0x000298ca   0x000298ca   0x00000010   Code   RO         4722    i.nrf_memobj_write  nrf_memobj.o
    0x000298da   0x000298da   0x00000002   PAD
    0x000298dc   0x000298dc   0x00000028   Code   RO         4794    i.nrf_pwr_mgmt_init  nrf_pwr_mgmt.o
    0x00029904   0x00029904   0x00000044   Code   RO         4795    i.nrf_pwr_mgmt_run  nrf_pwr_mgmt.o
    0x00029948   0x00029948   0x00000004   Code   RO           43    i.nrf_qwr_error_handler  main.o
    0x0002994c   0x0002994c   0x0000001c   Code   RO         4871    i.nrf_ringbuf_init  nrf_ringbuf.o
    0x00029968   0x00029968   0x00000010   Code   RO         3455    i.nrf_saadc_buffer_init  nrfx_saadc.o
    0x00029978   0x00029978   0x00000014   Code   RO         3456    i.nrf_saadc_channel_input_set  nrfx_saadc.o
    0x0002998c   0x0002998c   0x00000010   Code   RO         3457    i.nrf_saadc_event_check  nrfx_saadc.o
    0x0002999c   0x0002999c   0x00000014   Code   RO         3458    i.nrf_saadc_event_clear  nrfx_saadc.o
    0x000299b0   0x000299b0   0x00000014   Code   RO         5788    i.nrf_sdh_ble_app_ram_start_get  nrf_sdh_ble.o
    0x000299c4   0x000299c4   0x00000130   Code   RO         5789    i.nrf_sdh_ble_default_cfg_set  nrf_sdh_ble.o
    0x00029af4   0x00029af4   0x00000130   Code   RO         5790    i.nrf_sdh_ble_enable  nrf_sdh_ble.o
    0x00029c24   0x00029c24   0x00000060   Code   RO         5791    i.nrf_sdh_ble_evts_poll  nrf_sdh_ble.o
    0x00029c84   0x00029c84   0x00000074   Code   RO         5670    i.nrf_sdh_enable_request  nrf_sdh.o
    0x00029cf8   0x00029cf8   0x00000024   Code   RO         5671    i.nrf_sdh_evts_poll  nrf_sdh.o
    0x00029d1c   0x00029d1c   0x0000000c   Code   RO         5672    i.nrf_sdh_is_enabled  nrf_sdh.o
    0x00029d28   0x00029d28   0x0000003c   Code   RO         5842    i.nrf_sdh_soc_evts_poll  nrf_sdh_soc.o
    0x00029d64   0x00029d64   0x0000000a   Code   RO         4929    i.nrf_section_iter_init  nrf_section_iter.o
    0x00029d6e   0x00029d6e   0x00000024   Code   RO         4930    i.nrf_section_iter_item_set  nrf_section_iter.o
    0x00029d92   0x00029d92   0x00000020   Code   RO         4931    i.nrf_section_iter_next  nrf_section_iter.o
    0x00029db2   0x00029db2   0x00000002   PAD
    0x00029db4   0x00029db4   0x00000038   Code   RO         4964    i.nrf_strerror_find  nrf_strerror.o
    0x00029dec   0x00029dec   0x00000014   Code   RO         4965    i.nrf_strerror_get  nrf_strerror.o
    0x00029e00   0x00029e00   0x0000000a   Code   RO         3248    i.nrf_twim_event_check  nrfx_twim.o
    0x00029e0a   0x00029e0a   0x0000000c   Code   RO         3249    i.nrf_twim_event_clear  nrfx_twim.o
    0x00029e16   0x00029e16   0x00000002   PAD
    0x00029e18   0x00029e18   0x0000002c   Code   RO         2390    i.nrfx_clock_enable  nrfx_clock.o
    0x00029e44   0x00029e44   0x00000020   Code   RO         2393    i.nrfx_clock_init   nrfx_clock.o
    0x00029e64   0x00029e64   0x0000001c   Code   RO         2396    i.nrfx_clock_lfclk_stop  nrfx_clock.o
    0x00029e80   0x00029e80   0x00000010   Code   RO         3979    i.nrfx_coredep_delay_us  app_timer.o
    0x00029e90   0x00029e90   0x00000070   Code   RO         2545    i.nrfx_gpiote_init  nrfx_gpiote.o
    0x00029f00   0x00029f00   0x000000a4   Code   RO         3462    i.nrfx_saadc_buffer_convert  nrfx_saadc.o
    0x00029fa4   0x00029fa4   0x0000008c   Code   RO         3464    i.nrfx_saadc_channel_init  nrfx_saadc.o
    0x0002a030   0x0002a030   0x00000094   Code   RO         3466    i.nrfx_saadc_init   nrfx_saadc.o
    0x0002a0c4   0x0002a0c4   0x00000010   Code   RO         3467    i.nrfx_saadc_is_busy  nrfx_saadc.o
    0x0002a0d4   0x0002a0d4   0x0000002c   Code   RO         3469    i.nrfx_saadc_sample  nrfx_saadc.o
    0x0002a100   0x0002a100   0x00000002   Code   RO           44    i.nus_data_handler  main.o
    0x0002a102   0x0002a102   0x0000000a   Code   RO           45    i.on_adv_evt        main.o
    0x0002a10c   0x0002a10c   0x0000001c   Code   RO           46    i.on_conn_params_evt  main.o
    0x0002a128   0x0002a128   0x0000006a   Code   RO         1991    i.on_connect        ble_nus.o
    0x0002a192   0x0002a192   0x00000002   PAD
    0x0002a194   0x0002a194   0x000000a8   Code   RO         1854    i.on_connected_evt  nrf_ble_gatt.o
    0x0002a23c   0x0002a23c   0x000000ac   Code   RO         1855    i.on_exchange_mtu_request_evt  nrf_ble_gatt.o
    0x0002a2e8   0x0002a2e8   0x00000084   Code   RO         1992    i.on_write          ble_nus.o
    0x0002a36c   0x0002a36c   0x00000016   Code   RO         1435    i.phy_is_valid      ble_advertising.o
    0x0002a382   0x0002a382   0x00000002   PAD
    0x0002a384   0x0002a384   0x000000c4   Code   RO           48    i.pop_msg_from_buffer  main.o
    0x0002a448   0x0002a448   0x0000003c   Code   RO         5360    i.postfix_process   nrf_log_str_formatter.o
    0x0002a484   0x0002a484   0x00000098   Code   RO         5361    i.prefix_process    nrf_log_str_formatter.o
    0x0002a51c   0x0002a51c   0x00000054   Code   RO           49    i.push_msg_to_buffer  main.o
    0x0002a570   0x0002a570   0x0000003c   Code   RO         3980    i.rtc1_stop         app_timer.o
    0x0002a5ac   0x0002a5ac   0x00000030   Code   RO           50    i.saadc_callback    main.o
    0x0002a5dc   0x0002a5dc   0x00000034   Code   RO           51    i.saadc_init        main.o
    0x0002a610   0x0002a610   0x00000050   Code   RO         2061    i.sd_state_evt_handler  nrf_drv_clock.o
    0x0002a660   0x0002a660   0x00000030   Code   RO         5677    i.sdh_request_observer_notify  nrf_sdh.o
    0x0002a690   0x0002a690   0x0000002c   Code   RO         5678    i.sdh_state_observer_notify  nrf_sdh.o
    0x0002a6bc   0x0002a6bc   0x00000010   Code   RO         1533    i.send_error_evt    ble_conn_params.o
    0x0002a6cc   0x0002a6cc   0x00000050   Code   RO         5039    i.serial_tx         nrf_log_backend_rtt.o
    0x0002a71c   0x0002a71c   0x00000088   Code   RO         1319    i.service_data_encode  ble_advdata.o
    0x0002a7a4   0x0002a7a4   0x00000030   Code   RO         1789    i.set_security_req  ble_srv_common.o
    0x0002a7d4   0x0002a7d4   0x00000018   Code   RO         2062    i.soc_evt_handler   nrf_drv_clock.o
    0x0002a7ec   0x0002a7ec   0x00000058   Code   RO         5680    i.softdevices_evt_irq_enable  nrf_sdh.o
    0x0002a844   0x0002a844   0x0000008c   Code   RO         5196    i.std_n             nrf_log_frontend.o
    0x0002a8d0   0x0002a8d0   0x0000000a   Code   RO           54    i.timeout_handler   main.o
    0x0002a8da   0x0002a8da   0x00000002   PAD
    0x0002a8dc   0x0002a8dc   0x00000080   Code   RO         3981    i.timer_list_handler  app_timer.o
    0x0002a95c   0x0002a95c   0x0000003c   Code   RO         3982    i.timer_list_insert  app_timer.o
    0x0002a998   0x0002a998   0x00000060   Code   RO         3983    i.timer_list_remove  app_timer.o
    0x0002a9f8   0x0002a9f8   0x00000048   Code   RO         3984    i.timer_stop_op_schedule  app_timer.o
    0x0002aa40   0x0002aa40   0x00000074   Code   RO         3985    i.timer_timeouts_check  app_timer.o
    0x0002aab4   0x0002aab4   0x0000014c   Code   RO         3261    i.twim_irq_handler  nrfx_twim.o
    0x0002ac00   0x0002ac00   0x0000000a   Code   RO         1320    i.uint16_encode     ble_advdata.o
    0x0002ac0a   0x0002ac0a   0x00000002   PAD
    0x0002ac0c   0x0002ac0c   0x000000b4   Code   RO         4678    i.unsigned_print    nrf_fprintf_format.o
    0x0002acc0   0x0002acc0   0x00000068   Code   RO         1534    i.update_timeout_handler  ble_conn_params.o
    0x0002ad28   0x0002ad28   0x00000018   Code   RO         1436    i.use_whitelist     ble_advertising.o
    0x0002ad40   0x0002ad40   0x00000024   Code   RO         1950    i.user_mem_reply    nrf_ble_qwr.o
    0x0002ad64   0x0002ad64   0x00000030   Code   RO         3986    i.user_op_alloc     app_timer.o
    0x0002ad94   0x0002ad94   0x00000030   Code   RO         1321    i.uuid_list_encode  ble_advdata.o
    0x0002adc4   0x0002adc4   0x0000009e   Code   RO         1322    i.uuid_list_sized_encode  ble_advdata.o
    0x0002ae62   0x0002ae62   0x0000000e   PAD
    0x0002ae70   0x0002ae70   0x000000b4   Data   RO           61    .constdata          main.o
    0x0002af24   0x0002af24   0x00000016   Data   RO         1856    .constdata          nrf_ble_gatt.o
    0x0002af3a   0x0002af3a   0x00000002   PAD
    0x0002af3c   0x0002af3c   0x00000010   Data   RO         1993    .constdata          ble_nus.o
    0x0002af4c   0x0002af4c   0x00000008   Data   RO         2565    .constdata          nrfx_gpiote.o
    0x0002af54   0x0002af54   0x0000000c   PAD
    0x0002af60   0x0002af60   0x00000006   Data   RO         3988    .constdata          app_timer.o
    0x0002af66   0x0002af66   0x00000010   Data   RO         4679    .constdata          nrf_fprintf_format.o
    0x0002af76   0x0002af76   0x00000002   PAD
    0x0002af78   0x0002af78   0x00000018   Data   RO         4799    .constdata          nrf_pwr_mgmt.o
    0x0002af90   0x0002af90   0x0000000c   Data   RO         4800    .constdata          nrf_pwr_mgmt.o
    0x0002af9c   0x0002af9c   0x0000013c   Data   RO         4966    .constdata          nrf_strerror.o
    0x0002b0d8   0x0002b0d8   0x0000000c   Data   RO         5041    .constdata          nrf_log_backend_rtt.o
    0x0002b0e4   0x0002b0e4   0x0000000c   PAD
    0x0002b0f0   0x0002b0f0   0x00000006   Data   RO         5042    .constdata          nrf_log_backend_rtt.o
    0x0002b0f6   0x0002b0f6   0x00000002   PAD
    0x0002b0f8   0x0002b0f8   0x0000000c   Data   RO         5201    .constdata          nrf_log_frontend.o
    0x0002b104   0x0002b104   0x00000010   Data   RO         5681    .constdata          nrf_sdh.o
    0x0002b114   0x0002b114   0x00000028   Data   RO         5682    .constdata          nrf_sdh.o
    0x0002b13c   0x0002b13c   0x00000010   Data   RO         5683    .constdata          nrf_sdh.o
    0x0002b14c   0x0002b14c   0x00000010   Data   RO         5684    .constdata          nrf_sdh.o
    0x0002b15c   0x0002b15c   0x00000020   Data   RO         5792    .constdata          nrf_sdh_ble.o
    0x0002b17c   0x0002b17c   0x00000010   Data   RO         5793    .constdata          nrf_sdh_ble.o
    0x0002b18c   0x0002b18c   0x00000010   Data   RO         5843    .constdata          nrf_sdh_soc.o
    0x0002b19c   0x0002b19c   0x0000000c   Data   RO         5844    .constdata          nrf_sdh_soc.o
    0x0002b1a8   0x0002b1a8   0x00000081   Data   RO         5925    .constdata          mc_w.l(ctype_o.o)
    0x0002b229   0x0002b229   0x00000003   PAD
    0x0002b22c   0x0002b22c   0x00000004   Data   RO         5926    .constdata          mc_w.l(ctype_o.o)
    0x0002b230   0x0002b230   0x000000a2   Data   RO         1857    .conststring        nrf_ble_gatt.o
    0x0002b2d2   0x0002b2d2   0x00000002   PAD
    0x0002b2d4   0x0002b2d4   0x000003eb   Data   RO         4967    .conststring        nrf_strerror.o
    0x0002b6bf   0x0002b6bf   0x00000001   PAD
    0x0002b6c0   0x0002b6c0   0x00000066   Data   RO         5362    .conststring        nrf_log_str_formatter.o
    0x0002b726   0x0002b726   0x00000002   PAD
    0x0002b728   0x0002b728   0x000001cf   Data   RO         5794    .conststring        nrf_sdh_ble.o
    0x0002b8f7   0x0002b8f7   0x00000001   PAD
    0x0002b8f8   0x0002b8f8   0x0000000d   Data   RO         1858    .conststrlit        nrf_ble_gatt.o
    0x0002b905   0x0002b905   0x00000003   PAD
    0x0002b908   0x0002b908   0x00000008   Data   RO         1994    .conststrlit        ble_nus.o
    0x0002b910   0x0002b910   0x00000006   Data   RO         2068    .conststrlit        nrf_drv_clock.o
    0x0002b916   0x0002b916   0x00000002   PAD
    0x0002b918   0x0002b918   0x00000006   Data   RO         2400    .conststrlit        nrfx_clock.o
    0x0002b91e   0x0002b91e   0x00000002   PAD
    0x0002b920   0x0002b920   0x00000007   Data   RO         2569    .conststrlit        nrfx_gpiote.o
    0x0002b927   0x0002b927   0x00000001   PAD
    0x0002b928   0x0002b928   0x00000004   Data   RO         2815    .conststrlit        nrfx_prs.o
    0x0002b92c   0x0002b92c   0x00000005   Data   RO         2897    .conststrlit        nrfx_uart.o
    0x0002b931   0x0002b931   0x00000003   PAD
    0x0002b934   0x0002b934   0x00000006   Data   RO         3090    .conststrlit        nrfx_uarte.o
    0x0002b93a   0x0002b93a   0x00000002   PAD
    0x0002b93c   0x0002b93c   0x00000005   Data   RO         3268    .conststrlit        nrfx_twim.o
    0x0002b941   0x0002b941   0x00000003   PAD
    0x0002b944   0x0002b944   0x00000007   Data   RO         3392    .conststrlit        nrfx_lpcomp.o
    0x0002b94b   0x0002b94b   0x00000001   PAD
    0x0002b94c   0x0002b94c   0x00000006   Data   RO         3482    .conststrlit        nrfx_saadc.o
    0x0002b952   0x0002b952   0x00000002   PAD
    0x0002b954   0x0002b954   0x00000009   Data   RO         4801    .conststrlit        nrf_pwr_mgmt.o
    0x0002b95d   0x0002b95d   0x00000003   PAD
    0x0002b960   0x0002b960   0x00000010   Data   RO         5136    .conststrlit        nrf_log_default_backends.o
    0x0002b970   0x0002b970   0x00000004   Data   RO         5202    .conststrlit        nrf_log_frontend.o
    0x0002b974   0x0002b974   0x00000008   Data   RO         5685    .conststrlit        nrf_sdh.o
    0x0002b97c   0x0002b97c   0x0000000c   Data   RO         5795    .conststrlit        nrf_sdh_ble.o
    0x0002b988   0x0002b988   0x0000000c   Data   RO         5845    .conststrlit        nrf_sdh_soc.o
    0x0002b994   0x0002b994   0x00000020   Data   RO         6260    Region$$Table       anon$$obj.o
    0x0002b9b4   0x0002b9b4   0x00000010   Data   RO         5138    log_backends        nrf_log_default_backends.o
    0x0002b9c4   0x0002b9c4   0x00000008   Data   RO         1859    log_const_data      nrf_ble_gatt.o
    0x0002b9cc   0x0002b9cc   0x00000008   Data   RO         1995    log_const_data      ble_nus.o
    0x0002b9d4   0x0002b9d4   0x00000008   Data   RO         2069    log_const_data      nrf_drv_clock.o
    0x0002b9dc   0x0002b9dc   0x00000008   Data   RO         2402    log_const_data      nrfx_clock.o
    0x0002b9e4   0x0002b9e4   0x00000008   Data   RO         2570    log_const_data      nrfx_gpiote.o
    0x0002b9ec   0x0002b9ec   0x00000008   Data   RO         2817    log_const_data      nrfx_prs.o
    0x0002b9f4   0x0002b9f4   0x00000008   Data   RO         2898    log_const_data      nrfx_uart.o
    0x0002b9fc   0x0002b9fc   0x00000008   Data   RO         3091    log_const_data      nrfx_uarte.o
    0x0002ba04   0x0002ba04   0x00000008   Data   RO         3269    log_const_data      nrfx_twim.o
    0x0002ba0c   0x0002ba0c   0x00000008   Data   RO         3394    log_const_data      nrfx_lpcomp.o
    0x0002ba14   0x0002ba14   0x00000008   Data   RO         3483    log_const_data      nrfx_saadc.o
    0x0002ba1c   0x0002ba1c   0x00000008   Data   RO         4803    log_const_data      nrf_pwr_mgmt.o
    0x0002ba24   0x0002ba24   0x00000008   Data   RO         5205    log_const_data      nrf_log_frontend.o
    0x0002ba2c   0x0002ba2c   0x00000008   Data   RO         5687    log_const_data      nrf_sdh.o
    0x0002ba34   0x0002ba34   0x00000008   Data   RO         5797    log_const_data      nrf_sdh_ble.o
    0x0002ba3c   0x0002ba3c   0x00000008   Data   RO         5846    log_const_data      nrf_sdh_soc.o
    0x0002ba44   0x0002ba44   0x00000014   Data   RO         5206    nrf_balloc          nrf_log_frontend.o
    0x0002ba58   0x0002ba58   0x00000008   Data   RO         1621    sdh_ble_observers0  ble_conn_state.o
    0x0002ba60   0x0002ba60   0x00000010   Data   RO           65    sdh_ble_observers1  main.o
    0x0002ba70   0x0002ba70   0x00000008   Data   RO         1194    sdh_ble_observers1  bsp_btn_ble.o
    0x0002ba78   0x0002ba78   0x00000008   Data   RO         1537    sdh_ble_observers1  ble_conn_params.o
    0x0002ba80   0x0002ba80   0x00000010   Data   RO           66    sdh_ble_observers2  main.o
    0x0002ba90   0x0002ba90   0x00000008   Data   RO           67    sdh_ble_observers3  main.o
    0x0002ba98   0x0002ba98   0x00000008   Data   RO         2070    sdh_soc_observers0  nrf_drv_clock.o
    0x0002baa0   0x0002baa0   0x00000008   Data   RO           68    sdh_soc_observers1  main.o
    0x0002baa8   0x0002baa8   0x00000008   Data   RO         5798    sdh_stack_observers0  nrf_sdh_ble.o
    0x0002bab0   0x0002bab0   0x00000008   Data   RO         5847    sdh_stack_observers0  nrf_sdh_soc.o
    0x0002bab8   0x0002bab8   0x00000008   Data   RO         2071    sdh_state_observers0  nrf_drv_clock.o


    Execution Region RW_IRAM1 (Exec base: 0x20002a98, Load base: 0x0002bac0, Size: 0x00002fc8, Max: 0x0003d568, ABSOLUTE)

    Exec Addr    Load Addr    Size         Type   Attr      Idx    E Section Name        Object

    0x20002a98   0x0002bac0   0x00000008   Data   RW           62    .data               main.o
    0x20002aa0   0x0002bac8   0x00000030   Data   RW           63    .data               main.o
    0x20002ad0   0x0002baf8   0x00000004   Data   RW           64    .data               main.o
    0x20002ad4   0x0002bafc   0x00000008   Data   RW         1193    .data               bsp_btn_ble.o
    0x20002adc   0x0002bb04   0x00000008   Data   RW         1536    .data               ble_conn_params.o
    0x20002ae4   0x0002bb0c   0x00000008   Data   RW         2401    .data               nrfx_clock.o
    0x20002aec   0x0002bb14   0x00000008   Data   RW         2816    .data               nrfx_prs.o
    0x20002af4   0x0002bb1c   0x00000008   Data   RW         3393    .data               nrfx_lpcomp.o
    0x20002afc   0x0002bb24   0x00000014   Data   RW         3989    .data               app_timer.o
    0x20002b10   0x0002bb38   0x00000008   Data   RW         4802    .data               nrf_pwr_mgmt.o
    0x20002b18   0x0002bb40   0x00000001   Data   RW         5043    .data               nrf_log_backend_rtt.o
    0x20002b19   0x0002bb41   0x00000003   PAD
    0x20002b1c   0x0002bb44   0x00000008   Data   RW         5137    .data               nrf_log_default_backends.o
    0x20002b24   0x0002bb4c   0x00000008   Data   RW         5203    .data               nrf_log_frontend.o
    0x20002b2c   0x0002bb54   0x00000008   Data   RW         5204    .data               nrf_log_frontend.o
    0x20002b34   0x0002bb5c   0x00000040   Data   RW         5363    .data               nrf_log_str_formatter.o
    0x20002b74   0x0002bb9c   0x00000003   Data   RW         5686    .data               nrf_sdh.o
    0x20002b77   0x0002bb9f   0x00000001   Data   RW         5796    .data               nrf_sdh_ble.o
    0x20002b78   0x0002bba0   0x00000004   Data   RW         5886    .data               system_nrf52840.o
    0x20002b7c        -       0x00000020   Zero   RW           58    .bss                main.o
    0x20002b9c        -       0x000003a4   Zero   RW           59    .bss                main.o
    0x20002f40        -       0x0000000c   Zero   RW         1089    .bss                bsp.o
    0x20002f4c        -       0x00000050   Zero   RW         1535    .bss                ble_conn_params.o
    0x20002f9c        -       0x00000078   Zero   RW         1620    .bss                ble_conn_state.o
    0x20003014        -       0x00000014   Zero   RW         2063    .bss                nrf_drv_clock.o
    0x20003028        -       0x0000006c   Zero   RW         2564    .bss                nrfx_gpiote.o
    0x20003094        -       0x00000034   Zero   RW         3263    .bss                nrfx_twim.o
    0x200030c8        -       0x00000030   Zero   RW         3473    .bss                nrfx_saadc.o
    0x200030f8        -       0x0000010c   Zero   RW         3987    .bss                app_timer.o
    0x20003204        -       0x0000000c   Zero   RW         4217    .bss                app_util_platform.o
    0x20003210        -       0x0000000c   Zero   RW         4798    .bss                nrf_pwr_mgmt.o
    0x2000321c        -       0x00000040   Zero   RW         5040    .bss                nrf_log_backend_rtt.o
    0x2000325c        -       0x000000c0   Zero   RW         5197    .bss                nrf_log_frontend.o
    0x2000331c        -       0x00000080   Zero   RW         5198    .bss                nrf_log_frontend.o
    0x2000339c        -       0x00000018   Zero   RW         5199    .bss                nrf_log_frontend.o
    0x200033b4        -       0x00000424   Zero   RW         5200    .bss                nrf_log_frontend.o
    0x200037d8        -       0x00000288   Zero   RW         5439    .bss                segger_rtt.o
    0x20003a60        -       0x00002000   Zero   RW         5874    STACK               arm_startup_nrf52840.o



  Load Region LR$$.ARM.__AT_0x10001304 (Base: 0x10001304, Size: 0x00000004, Max: 0x00000004, ABSOLUTE)

    Execution Region ER$$.ARM.__AT_0x10001304 (Exec base: 0x10001304, Load base: 0x10001304, Size: 0x00000004, Max: 0x00000004, ABSOLUTE, UNINIT)

    Exec Addr    Load Addr    Size         Type   Attr      Idx    E Section Name        Object

    0x10001304   0x10001304   0x00000004   Data   RO           57    .ARM.__AT_0x10001304  main.o


==============================================================================

Image component sizes


      Code (inc. data)   RO Data    RW Data    ZI Data      Debug   Object Name

        22          0          0          0          0       2485   app_error.o
       132         46          0          0          0      30605   app_error_weak.o
      1506        118          6         20        268      48215   app_timer.o
       124         14          0          0         12       9666   app_util_platform.o
        36          8        512          0       8192        948   arm_startup_nrf52840.o
      1324          0          0          0          0      53484   ble_advdata.o
      1010          6          0          0          0      15660   ble_advertising.o
       636         44          8          8         80       9375   ble_conn_params.o
       360         10          8          0        120       7003   ble_conn_state.o
        72          0          0          0          0       1676   ble_link_ctx_manager.o
       664          6         32          0          0       7052   ble_nus.o
       456          6          0          0          0       3427   ble_srv_common.o
        68          4          0          0         12       7072   bsp.o
       166          6          8          8          0       3880   bsp_btn_ble.o
         0          0          0          0          0      76694   lis2de12.o
      1928        316        232         60        964     227376   main.o
        64          0          0          0          0       3020   nrf_atflags.o
       306          0          0          0          0       8175   nrf_atomic.o
       164          0          0          0          0       3688   nrf_balloc.o
       950        272        205          0          0      37673   nrf_ble_gatt.o
       276          0          0          0          0       4773   nrf_ble_qwr.o
       276         34         30          0         20      37912   nrf_drv_clock.o
        50          0          0          0          0       3589   nrf_fprintf.o
       850          4         16          0          0       5562   nrf_fprintf_format.o
       112         18         18          1         64       5733   nrf_log_backend_rtt.o
       200          0          0          0          0      10917   nrf_log_backend_serial.o
        28          4         32          8          0       3385   nrf_log_default_backends.o
      1474        114         44         16       1404      30046   nrf_log_frontend.o
       570        108        102         64          0       5748   nrf_log_str_formatter.o
       346          0          0          0          0       9707   nrf_memobj.o
       108         16         53          8         12      36426   nrf_pwr_mgmt.o
        28          0          0          0          0       2411   nrf_ringbuf.o
       384         46        104          3          0      39407   nrf_sdh.o
       724        232        539          1          0       6013   nrf_sdh_ble.o
        60          4         56          0          0       2516   nrf_sdh_soc.o
        78          0          0          0          0       2836   nrf_section_iter.o
        76         10       1319          0          0       2803   nrf_strerror.o
       222         30         14          8          0      43606   nrfx_clock.o
       784         52         23          0        108      52709   nrfx_gpiote.o
        96         10         15          8          0       5848   nrfx_lpcomp.o
        12          6         12          8          0       2178   nrfx_prs.o
       912         76         14          0         48      19646   nrfx_saadc.o
       370         12         13          0         52      13035   nrfx_twim.o
         0          0         13          0          0      10900   nrfx_uart.o
         0          0         14          0          0      10682   nrfx_uarte.o
       378         34          0          0        648       9133   segger_rtt.o
       476         60          0          4          0       2395   system_nrf52840.o

    ----------------------------------------------------------------------
     18934       1726       3532        228      12004     937090   Object Totals
         0          0         32          0          0          0   (incl. Generated)
        56          0         58          3          0          0   (incl. Padding)

    ----------------------------------------------------------------------

      Code (inc. data)   RO Data    RW Data    ZI Data      Debug   Library Member Name

         8          4        133          0          0         68   ctype_o.o
         0          0          0          0          0          0   entry.o
         0          0          0          0          0          0   entry10a.o
         0          0          0          0          0          0   entry11a.o
         8          4          0          0          0          0   entry2.o
         4          0          0          0          0          0   entry5.o
         0          0          0          0          0          0   entry7b.o
         0          0          0          0          0          0   entry8b.o
         8          4          0          0          0          0   entry9a.o
        30          0          0          0          0          0   handlers.o
        36          8          0          0          0         68   init.o
        36          0          0          0          0         68   memcpya.o
        36          0          0          0          0        108   memseta.o
       390         10          0          0          0        252   printf1.o
        18          0          0          0          0         68   strcpy.o
        14          0          0          0          0         68   strlen.o
        44          0          0          0          0         80   uidiv.o

    ----------------------------------------------------------------------
       634         30        136          0          0        780   Library Totals
         2          0          3          0          0          0   (incl. Padding)

    ----------------------------------------------------------------------

      Code (inc. data)   RO Data    RW Data    ZI Data      Debug   Library Name

       632         30        133          0          0        780   mc_w.l

    ----------------------------------------------------------------------
       634         30        136          0          0        780   Library Totals

    ----------------------------------------------------------------------

==============================================================================


      Code (inc. data)   RO Data    RW Data    ZI Data      Debug   

     19568       1756       3668        228      12004     915514   Grand Totals
     19568       1756       3668        228      12004     915514   ELF Image Totals
     19568       1756       3668        228          0          0   ROM Totals

==============================================================================

    Total RO  Size (Code + RO Data)                23236 (  22.69kB)
    Total RW  Size (RW Data + ZI Data)             12232 (  11.95kB)
    Total ROM Size (Code + RO Data + RW Data)      23464 (  22.91kB)

==============================================================================

