<html>
<body>
<pre>
<h1>µVision Build Log</h1>
<h2>Tool Versions:</h2>
IDE-Version: µVision V5.24.2.0
Copyright (C) 2017 ARM Ltd and ARM Germany GmbH. All rights reserved.
License Information: k k, k, LIC=QF8TG-V1KKJ-ZW92V-PEF5L-8PH1E-G6ZHW
 
Tool Versions:
Toolchain:       MDK-ARM Plus  Version: 5.24.1
Toolchain Path:  C:\Keil_v5\ARM\ARMCC\Bin
C Compiler:      Armcc.exe V5.06 update 5 (build 528)
Assembler:       Armasm.exe V5.06 update 5 (build 528)
Linker/Locator:  ArmLink.exe V5.06 update 5 (build 528)
Library Manager: ArmAr.exe V5.06 update 5 (build 528)
Hex Converter:   FromElf.exe V5.06 update 5 (build 528)
CPU DLL:         
Dialog DLL:      
Target DLL:      Segger\JL2CM3.dll V2.99.26.0
Dialog DLL:      TCM.DLL V1.32.0.0
 
<h2>Project:</h2>
K:\03_Test\nrf\nRF5SDK153059ac345\nRF5_SDK_15.3.0_59ac345\examples\ble_peripheral\firmware_Mini840_v5\pca10056\s140\arm5_no_packs\ble_app_uart_pca10056_s140.uvprojx
Project File Date:  11/29/2020

<h2>Output:</h2>
*** Using Compiler 'V5.06 update 5 (build 528)', folder: 'C:\Keil_v5\ARM\ARMCC\Bin'
Build target 'nrf52840_xxaa'
compiling main.c...
..\..\..\si7020.h(7): warning:  #1-D: last line of file ends without a newline
  #endif
..\..\..\main.c(148): warning:  #1295-D: Deprecated declaration init_opt3001 - give arg types
  extern 	uint8_t 	init_opt3001();
..\..\..\main.c(149): warning:  #1295-D: Deprecated declaration opt3001_readResult - give arg types
  extern 	uint16_t 	opt3001_readResult();
..\..\..\main.c(150): warning:  #1295-D: Deprecated declaration opt3001_readConfig - give arg types
  extern 	uint16_t 	opt3001_readConfig();
..\..\..\main.c(152): warning:  #1295-D: Deprecated declaration init_lis2de12 - give arg types
  extern 	uint8_t 	init_lis2de12();
..\..\..\main.c(153): warning:  #1295-D: Deprecated declaration lis2de12_read - give arg types
  extern 	uint32_t 	lis2de12_read();
..\..\..\main.c(101): warning:  #177-D: variable "devid"  was declared but never referenced
  static uint32_t 	devid=0;
..\..\..\main.c: 7 warnings, 0 errors
linking...
Program Size: Code=19568 RO-data=3668 RW-data=228 ZI-data=12004  
FromELF: creating hex file...
".\_build\nrf52840_xxaa.axf" - 0 Error(s), 7 Warning(s).

<h2>Software Packages used:</h2>

Package Vendor: ARM
                http://www.keil.com/pack/ARM.CMSIS.4.5.0.pack
                ARM.CMSIS.4.5.0
                CMSIS (Cortex Microcontroller Software Interface Standard)
   * Component: CORE Version: 4.3.0

Package Vendor: NordicSemiconductor
                http://developer.nordicsemi.com/nRF5_SDK/pieces/nRF_DeviceFamilyPack/NordicSemiconductor.nRF_DeviceFamilyPack.8.24.1.pack
                NordicSemiconductor.nRF_DeviceFamilyPack.8.24.1
                Nordic Semiconductor nRF ARM devices Device Family Pack.
   * Component: Startup Version: 8.24.1

<h2>Collection of Component include folders:</h2>
  .\RTE\_nrf52840_xxaa
  C:\Keil_v5\ARM\PACK\ARM\CMSIS\4.5.0\CMSIS\Include
  C:\Keil_v5\ARM\PACK\NordicSemiconductor\nRF_DeviceFamilyPack\8.24.1\Device\Include

<h2>Collection of Component Files used:</h2>

   * Component: NordicSemiconductor::Device:Startup:8.24.1
      Include file:  Device\Include\system_nrf52840.h
      Source file:   Device\Source\system_nrf52840.c
      Source file:   Device\Source\arm\arm_startup_nrf52840.s

   * Component: ARM::CMSIS:CORE:4.3.0
Build Time Elapsed:  00:00:03
</pre>
</body>
</html>
