<html>
<body>
<pre>
<h1>µVision Build Log</h1>
<h2>Tool Versions:</h2>
IDE-Version: µVision V5.24.2.0
Copyright (C) 2017 ARM Ltd and ARM Germany GmbH. All rights reserved.
License Information: jin jin, en, LIC=QF8NN-YH4VX-H8ZFS-LCJTW-GN90Z-LZAWP
 
Tool Versions:
Toolchain:       MDK-ARM Plus  Version: 5.24.1
Toolchain Path:  C:\Keil_v5\ARM\ARMCC\Bin
C Compiler:      Armcc.exe V5.06 update 5 (build 528)
Assembler:       Armasm.exe V5.06 update 5 (build 528)
Linker/Locator:  ArmLink.exe V5.06 update 5 (build 528)
Library Manager: ArmAr.exe V5.06 update 5 (build 528)
Hex Converter:   FromElf.exe V5.06 update 5 (build 528)
CPU DLL:         
Dialog DLL:      
Target DLL:      Segger\JL2CM3.dll V2.99.26.0
Dialog DLL:      TCM.DLL V1.32.0.0
 
<h2>Project:</h2>
K:\03_Test\nrf\nRF5_SDK_15.3.0_1\examples\ble_peripheral\ble_app_uart\pca10040e\s112\arm5_no_packs\ble_app_uart_pca10040e_s112.uvprojx
Project File Date:  06/29/2019

<h2>Output:</h2>
*** Using Compiler 'V5.06 update 5 (build 528)', folder: 'C:\Keil_v5\ARM\ARMCC\Bin'
Build target 'nrf52810_xxaa'
compiling utf.c...
compiling boards.c...
compiling ble_advdata.c...
compiling ble_conn_params.c...
compiling ble_advertising.c...
compiling bsp.c...
compiling bsp_btn_ble.c...
compiling main.c...
..\..\..\main.c(700): warning:  #177-D: variable "erase_bonds"  was declared but never referenced
      bool erase_bonds;
..\..\..\main.c: 1 warning, 0 errors
compiling ble_srv_common.c...
compiling nrf_ble_qwr.c...
compiling ble_link_ctx_manager.c...
compiling nrf_ble_gatt.c...
compiling ble_conn_state.c...
compiling ble_nus.c...
compiling nrf_drv_clock.c...
compiling nrfx_atomic.c...
compiling nrfx_prs.c...
compiling nrf_drv_uart.c...
compiling nrfx_clock.c...
compiling nrfx_uart.c...
compiling nrfx_gpiote.c...
compiling nrfx_uarte.c...
compiling app_error.c...
compiling app_error_handler_keil.c...
compiling app_fifo.c...
compiling app_scheduler.c...
compiling app_error_weak.c...
compiling app_button.c...
compiling app_util_platform.c...
compiling app_timer.c...
compiling nrf_assert.c...
compiling hardfault_implementation.c...
compiling app_uart_fifo.c...
compiling nrf_atfifo.c...
compiling nrf_atflags.c...
compiling nrf_balloc.c...
compiling nrf_atomic.c...
compiling nrf_fprintf.c...
compiling nrf_fprintf_format.c...
compiling nrf_memobj.c...
compiling nrf_section_iter.c...
compiling nrf_strerror.c...
compiling nrf_ringbuf.c...
compiling retarget.c...
compiling nrf_pwr_mgmt.c...
compiling SEGGER_RTT_Syscalls_KEIL.c...
compiling SEGGER_RTT.c...
compiling nrf_log_str_formatter.c...
compiling nrf_log_backend_serial.c...
compiling SEGGER_RTT_printf.c...
compiling nrf_log_default_backends.c...
compiling nrf_log_frontend.c...
compiling nrf_log_backend_rtt.c...
assembling arm_startup_nrf52810.s...
compiling nrf_sdh.c...
compiling system_nrf52810.c...
compiling nrf_sdh_soc.c...
compiling nrf_sdh_ble.c...
linking...
Program Size: Code=21744 RO-data=3372 RW-data=272 ZI-data=5960  
FromELF: creating hex file...
".\_build\nrf52810_xxaa.axf" - 0 Error(s), 1 Warning(s).

<h2>Software Packages used:</h2>

Package Vendor: ARM
                http://www.keil.com/pack/ARM.CMSIS.4.5.0.pack
                ARM.CMSIS.4.5.0
                CMSIS (Cortex Microcontroller Software Interface Standard)
   * Component: CORE Version: 4.3.0

Package Vendor: NordicSemiconductor
                http://developer.nordicsemi.com/nRF5_SDK/pieces/nRF_DeviceFamilyPack/NordicSemiconductor.nRF_DeviceFamilyPack.8.24.1.pack
                NordicSemiconductor.nRF_DeviceFamilyPack.8.24.1
                Nordic Semiconductor nRF ARM devices Device Family Pack.
   * Component: Startup Version: 8.24.1

<h2>Collection of Component include folders:</h2>
  .\RTE\_nrf52810_xxaa
  C:\Keil_v5\ARM\PACK\ARM\CMSIS\4.5.0\CMSIS\Include
  C:\Keil_v5\ARM\PACK\NordicSemiconductor\nRF_DeviceFamilyPack\8.24.1\Device\Include

<h2>Collection of Component Files used:</h2>

   * Component: NordicSemiconductor::Device:Startup:8.24.1
      Source file:   Device\Source\arm\arm_startup_nrf52810.s
      Source file:   Device\Source\system_nrf52810.c
      Include file:  Device\Include\system_nrf52810.h

   * Component: ARM::CMSIS:CORE:4.3.0
Build Time Elapsed:  00:00:11
</pre>
</body>
</html>
