Component: ARM Compiler 5.06 update 5 (build 528) Tool: armlink [4d35e2]

==============================================================================

Section Cross References

    main.o(i.assert_nrf_callback) refers to app_error_handler_keil.o(.emb_text) for app_error_handler
    main.o(i.ble_evt_handler) refers to nrf_log_frontend.o(i.nrf_log_frontend_std_0) for nrf_log_frontend_std_0
    main.o(i.ble_evt_handler) refers to bsp.o(i.bsp_indication_set) for bsp_indication_set
    main.o(i.ble_evt_handler) refers to app_error.o(i.app_error_handler_bare) for app_error_handler_bare
    main.o(i.ble_evt_handler) refers to nrf_ble_qwr.o(i.nrf_ble_qwr_conn_handle_assign) for nrf_ble_qwr_conn_handle_assign
    main.o(i.ble_evt_handler) refers to main.o(.data) for .data
    main.o(i.ble_evt_handler) refers to nrf_log_frontend.o(log_const_data) for m_nrf_log_app_logs_data_const
    main.o(i.ble_evt_handler) refers to main.o(.bss) for .bss
    main.o(i.bsp_event_handler) refers to main.o(i.sleep_mode_enter) for sleep_mode_enter
    main.o(i.bsp_event_handler) refers to app_error.o(i.app_error_handler_bare) for app_error_handler_bare
    main.o(i.bsp_event_handler) refers to ble_advertising.o(i.ble_advertising_restart_without_whitelist) for ble_advertising_restart_without_whitelist
    main.o(i.bsp_event_handler) refers to main.o(.data) for .data
    main.o(i.bsp_event_handler) refers to main.o(.bss) for .bss
    main.o(i.conn_params_error_handler) refers to app_error.o(i.app_error_handler_bare) for app_error_handler_bare
    main.o(i.gatt_evt_handler) refers to nrf_log_frontend.o(i.nrf_log_frontend_std_2) for nrf_log_frontend_std_2
    main.o(i.gatt_evt_handler) refers to main.o(.data) for .data
    main.o(i.gatt_evt_handler) refers to nrf_log_frontend.o(log_const_data) for m_nrf_log_app_logs_data_const
    main.o(i.gatt_init) refers to nrf_ble_gatt.o(i.nrf_ble_gatt_init) for nrf_ble_gatt_init
    main.o(i.gatt_init) refers to app_error.o(i.app_error_handler_bare) for app_error_handler_bare
    main.o(i.gatt_init) refers to nrf_ble_gatt.o(i.nrf_ble_gatt_att_mtu_periph_set) for nrf_ble_gatt_att_mtu_periph_set
    main.o(i.gatt_init) refers to main.o(i.gatt_evt_handler) for gatt_evt_handler
    main.o(i.gatt_init) refers to main.o(.bss) for .bss
    main.o(i.main) refers to memcpya.o(.text) for __aeabi_memcpy4
    main.o(i.main) refers to app_uart_fifo.o(i.app_uart_init) for app_uart_init
    main.o(i.main) refers to app_error.o(i.app_error_handler_bare) for app_error_handler_bare
    main.o(i.main) refers to nrf_log_frontend.o(i.nrf_log_init) for nrf_log_init
    main.o(i.main) refers to nrf_log_default_backends.o(i.nrf_log_default_backends_init) for nrf_log_default_backends_init
    main.o(i.main) refers to app_timer.o(i.app_timer_init) for app_timer_init
    main.o(i.main) refers to nrf_pwr_mgmt.o(i.nrf_pwr_mgmt_init) for nrf_pwr_mgmt_init
    main.o(i.main) refers to nrf_sdh.o(i.nrf_sdh_enable_request) for nrf_sdh_enable_request
    main.o(i.main) refers to nrf_sdh_ble.o(i.nrf_sdh_ble_default_cfg_set) for nrf_sdh_ble_default_cfg_set
    main.o(i.main) refers to nrf_sdh_ble.o(i.nrf_sdh_ble_enable) for nrf_sdh_ble_enable
    main.o(i.main) refers to main.o(i.gatt_init) for gatt_init
    main.o(i.main) refers to nrf_ble_qwr.o(i.nrf_ble_qwr_init) for nrf_ble_qwr_init
    main.o(i.main) refers to ble_nus.o(i.ble_nus_init) for ble_nus_init
    main.o(i.main) refers to memseta.o(.text) for __aeabi_memclr4
    main.o(i.main) refers to ble_advertising.o(i.ble_advertising_init) for ble_advertising_init
    main.o(i.main) refers to ble_advertising.o(i.ble_advertising_conn_cfg_tag_set) for ble_advertising_conn_cfg_tag_set
    main.o(i.main) refers to ble_conn_params.o(i.ble_conn_params_init) for ble_conn_params_init
    main.o(i.main) refers to printfb.o(i.__0printf$bare) for __2printf
    main.o(i.main) refers to nrf_log_frontend.o(i.nrf_log_frontend_std_0) for nrf_log_frontend_std_0
    main.o(i.main) refers to ble_advertising.o(i.ble_advertising_start) for ble_advertising_start
    main.o(i.main) refers to nrf_log_frontend.o(i.nrf_log_frontend_dequeue) for nrf_log_frontend_dequeue
    main.o(i.main) refers to nrf_pwr_mgmt.o(i.nrf_pwr_mgmt_run) for nrf_pwr_mgmt_run
    main.o(i.main) refers to main.o(.constdata) for .constdata
    main.o(i.main) refers to main.o(.bss) for .bss
    main.o(i.main) refers to main.o(i.uart_event_handle) for uart_event_handle
    main.o(i.main) refers to main.o(i.nrf_qwr_error_handler) for nrf_qwr_error_handler
    main.o(i.main) refers to main.o(i.nus_data_handler) for nus_data_handler
    main.o(i.main) refers to main.o(.data) for .data
    main.o(i.main) refers to main.o(i.on_adv_evt) for on_adv_evt
    main.o(i.main) refers to main.o(i.on_conn_params_evt) for on_conn_params_evt
    main.o(i.main) refers to main.o(i.conn_params_error_handler) for conn_params_error_handler
    main.o(i.main) refers to nrf_log_frontend.o(log_const_data) for m_nrf_log_app_logs_data_const
[...]
    sdh_soc_observers1                       0x0001ef1c   Section        8  main.o(sdh_soc_observers1)
    __tagsym$$used                           0x0001ef1c   Number         0  main.o(sdh_soc_observers1)
    m_advertising_soc_obs                    0x0001ef1c   Data           8  main.o(sdh_soc_observers1)
    sdh_stack_observers0                     0x0001ef24   Section        8  nrf_sdh_ble.o(sdh_stack_observers0)
    __tagsym$$used                           0x0001ef24   Number         0  nrf_sdh_ble.o(sdh_stack_observers0)
    m_nrf_sdh_ble_evts_poll                  0x0001ef24   Data           8  nrf_sdh_ble.o(sdh_stack_observers0)
    sdh_stack_observers0                     0x0001ef2c   Section        8  nrf_sdh_soc.o(sdh_stack_observers0)
    __tagsym$$used                           0x0001ef2c   Number         0  nrf_sdh_soc.o(sdh_stack_observers0)
    m_nrf_sdh_soc_evts_poll                  0x0001ef2c   Data           8  nrf_sdh_soc.o(sdh_stack_observers0)
    sdh_state_observers0                     0x0001ef34   Section        8  nrf_drv_clock.o(sdh_state_observers0)
    __tagsym$$used                           0x0001ef34   Number         0  nrf_drv_clock.o(sdh_state_observers0)
    m_sd_state_observer                      0x0001ef34   Data           8  nrf_drv_clock.o(sdh_state_observers0)
    .data                                    0x20002500   Section        8  main.o(.data)
    m_nus_link_ctx_storage                   0x20002500   Data           8  main.o(.data)
    .data                                    0x20002508   Section       40  main.o(.data)
    index                                    0x20002508   Data           1  main.o(.data)
    m_conn_handle                            0x2000250a   Data           2  main.o(.data)
    m_ble_nus_max_data_len                   0x2000250c   Data           2  main.o(.data)
    m_adv_uuids                              0x2000250e   Data           4  main.o(.data)
    m_nus                                    0x20002514   Data          28  main.o(.data)
    .data                                    0x20002530   Section        4  main.o(.data)
    m_nus_link_ctx_storage_ctx_data_pool     0x20002530   Data           4  main.o(.data)
    .data                                    0x20002534   Section       16  bsp.o(.data)
    m_stable_state                           0x20002534   Data           1  bsp.o(.data)
    m_leds_clear                             0x20002535   Data           1  bsp.o(.data)
    m_alert_on                               0x20002536   Data           1  bsp.o(.data)
    current_long_push_pin_no                 0x20002537   Data           1  bsp.o(.data)
    m_indication_type                        0x20002538   Data           4  bsp.o(.data)
    m_registered_callback                    0x2000253c   Data           4  bsp.o(.data)
    release_event_at_push                    0x20002540   Data           4  bsp.o(.data)
    .data                                    0x20002544   Section        8  bsp_btn_ble.o(.data)
    m_error_handler                          0x20002544   Data           4  bsp_btn_ble.o(.data)
    m_num_connections                        0x20002548   Data           4  bsp_btn_ble.o(.data)
    .data                                    0x2000254c   Section        8  ble_conn_params.o(.data)
    m_preferred_conn_params                  0x2000254c   Data           8  ble_conn_params.o(.data)
    .data                                    0x20002554   Section       12  nrf_drv_uart.o(.data)
    m_handlers                               0x20002558   Data           4  nrf_drv_uart.o(.data)
    m_contexts                               0x2000255c   Data           4  nrf_drv_uart.o(.data)
    .data                                    0x20002560   Section        8  nrfx_clock.o(.data)
    m_clock_cb                               0x20002560   Data           8  nrfx_clock.o(.data)
    .data                                    0x20002568   Section        8  nrfx_prs.o(.data)
    m_prs_box_2                              0x20002568   Data           8  nrfx_prs.o(.data)
    .data                                    0x20002570   Section       20  app_timer.o(.data)
    m_ticks_elapsed_q_read_ind               0x20002570   Data           1  app_timer.o(.data)
    m_ticks_elapsed_q_write_ind              0x20002571   Data           1  app_timer.o(.data)
    m_rtc1_running                           0x20002572   Data           1  app_timer.o(.data)
    m_rtc1_reset                             0x20002573   Data           1  app_timer.o(.data)
    mp_timer_id_head                         0x20002574   Data           4  app_timer.o(.data)
    m_ticks_latest                           0x20002578   Data           4  app_timer.o(.data)
    m_ticks_elapsed                          0x2000257c   Data           8  app_timer.o(.data)
    .data                                    0x20002584   Section       28  app_uart_fifo.o(.data)
    tx_buffer                                0x20002584   Data           1  app_uart_fifo.o(.data)
    rx_buffer                                0x20002585   Data           1  app_uart_fifo.o(.data)
    m_rx_ovf                                 0x20002586   Data           1  app_uart_fifo.o(.data)
    m_event_handler                          0x20002588   Data           4  app_uart_fifo.o(.data)
    app_uart_inst                            0x2000258c   Data          20  app_uart_fifo.o(.data)
    .data                                    0x200025a0   Section        8  nrf_pwr_mgmt.o(.data)
    m_pwr_mgmt_evt                           0x200025a0   Data           1  nrf_pwr_mgmt.o(.data)
    m_shutdown_started                       0x200025a1   Data           1  nrf_pwr_mgmt.o(.data)
    m_sysoff_mtx                             0x200025a4   Data           4  nrf_pwr_mgmt.o(.data)
    .data                                    0x200025a8   Section        4  retarget.o(.data)
    .data                                    0x200025ac   Section        1  nrf_log_backend_rtt.o(.data)
    m_host_present                           0x200025ac   Data           1  nrf_log_backend_rtt.o(.data)
    .data                                    0x200025b0   Section        8  nrf_log_default_backends.o(.data)
    log_backend_cb_rtt_log_backend           0x200025b0   Data           8  nrf_log_default_backends.o(.data)
    .data                                    0x200025b8   Section        8  nrf_log_frontend.o(.data)
    log_mempool_nrf_balloc_pool_stack        0x200025b8   Data           8  nrf_log_frontend.o(.data)
    .data                                    0x200025c0   Section        8  nrf_log_frontend.o(.data)
    log_mempool_nrf_balloc_cb                0x200025c0   Data           8  nrf_log_frontend.o(.data)
    .data                                    0x200025c8   Section       64  nrf_log_str_formatter.o(.data)
    m_freq                                   0x200025c8   Data           4  nrf_log_str_formatter.o(.data)
    m_timestamp_div                          0x200025cc   Data           4  nrf_log_str_formatter.o(.data)
    severity_names                           0x200025d0   Data          20  nrf_log_str_formatter.o(.data)
    m_colors                                 0x200025e4   Data          36  nrf_log_str_formatter.o(.data)
    .data                                    0x20002608   Section        3  nrf_sdh.o(.data)
    m_nrf_sdh_enabled                        0x20002608   Data           1  nrf_sdh.o(.data)
    m_nrf_sdh_suspended                      0x20002609   Data           1  nrf_sdh.o(.data)
    m_nrf_sdh_continue                       0x2000260a   Data           1  nrf_sdh.o(.data)
    .data                                    0x2000260b   Section        1  nrf_sdh_ble.o(.data)
    m_stack_is_enabled                       0x2000260b   Data           1  nrf_sdh_ble.o(.data)
    .data                                    0x2000260c   Section        4  system_nrf52811.o(.data)
    __tagsym$$used                           0x2000260c   Number         0  system_nrf52811.o(.data)
    .bss                                     0x20002610   Section      968  main.o(.bss)
    data_array                               0x20002610   Data         244  main.o(.bss)
    rx_buf                                   0x20002704   Data         256  main.o(.bss)
    tx_buf                                   0x20002804   Data         256  main.o(.bss)
    m_gatt                                   0x20002904   Data          16  main.o(.bss)
    m_qwr                                    0x20002914   Data          12  main.o(.bss)
    m_advertising                            0x20002920   Data         184  main.o(.bss)
    .bss                                     0x200029d8   Section       32  bsp.o(.bss)
    m_bsp_leds_tmr_data                      0x200029d8   Data          32  bsp.o(.bss)
    .bss                                     0x200029f8   Section       32  bsp.o(.bss)
    m_bsp_alert_tmr_data                     0x200029f8   Data          32  bsp.o(.bss)
    .bss                                     0x20002a18   Section       12  bsp.o(.bss)
    m_events_list                            0x20002a18   Data          12  bsp.o(.bss)
    .bss                                     0x20002a24   Section       32  bsp.o(.bss)
    m_bsp_button_tmr_data                    0x20002a24   Data          32  bsp.o(.bss)
    .bss                                     0x20002a44   Section       80  ble_conn_params.o(.bss)
    m_timer_data                             0x20002a44   Data          32  ble_conn_params.o(.bss)
    m_conn_params_instances                  0x20002a64   Data          20  ble_conn_params.o(.bss)
    m_conn_params_config                     0x20002a78   Data          28  ble_conn_params.o(.bss)
    .bss                                     0x20002a94   Section      120  ble_conn_state.o(.bss)
    m_bcs                                    0x20002a94   Data         120  ble_conn_state.o(.bss)
    .bss                                     0x20002b0c   Section       20  nrf_drv_clock.o(.bss)
    m_clock_cb                               0x20002b0c   Data          20  nrf_drv_clock.o(.bss)
    .bss                                     0x20002b20   Section       92  nrfx_gpiote.o(.bss)
    m_cb                                     0x20002b20   Data          92  nrfx_gpiote.o(.bss)
    .bss                                     0x20002b7c   Section       44  nrfx_uart.o(.bss)
    m_cb                                     0x20002b7c   Data          44  nrfx_uart.o(.bss)
    .bss                                     0x20002ba8   Section       36  nrfx_uarte.o(.bss)
    m_cb                                     0x20002ba8   Data          36  nrfx_uarte.o(.bss)
    .bss                                     0x20002bcc   Section      268  app_timer.o(.bss)
    m_op_queue                               0x20002bcc   Data         268  app_timer.o(.bss)
    .bss                                     0x20002cd8   Section       32  app_uart_fifo.o(.bss)
    m_rx_fifo                                0x20002cd8   Data          16  app_uart_fifo.o(.bss)
    m_tx_fifo                                0x20002ce8   Data          16  app_uart_fifo.o(.bss)
    .bss                                     0x20002cf8   Section       12  app_util_platform.o(.bss)
    .bss                                     0x20002d04   Section       12  nrf_pwr_mgmt.o(.bss)
    m_handlers_iter                          0x20002d04   Data          12  nrf_pwr_mgmt.o(.bss)
    .bss                                     0x20002d10   Section       64  nrf_log_backend_rtt.o(.bss)
    m_string_buff                            0x20002d10   Data          64  nrf_log_backend_rtt.o(.bss)
    .bss                                     0x20002d50   Section      192  nrf_log_frontend.o(.bss)
    log_mempool_nrf_balloc_pool_mem          0x20002d50   Data         192  nrf_log_frontend.o(.bss)
    .bss                                     0x20002e10   Section      128  nrf_log_frontend.o(.bss)
    m_log_push_ringbuf_buf                   0x20002e10   Data         128  nrf_log_frontend.o(.bss)
    .bss                                     0x20002e90   Section       24  nrf_log_frontend.o(.bss)
    m_log_push_ringbuf_cb                    0x20002e90   Data          24  nrf_log_frontend.o(.bss)
    .bss                                     0x20002ea8   Section     1060  nrf_log_frontend.o(.bss)
    m_log_data                               0x20002ea8   Data        1060  nrf_log_frontend.o(.bss)
    .bss                                     0x200032cc   Section      648  segger_rtt.o(.bss)
    _acUpBuffer                              0x20003344   Data         512  segger_rtt.o(.bss)
    _acDownBuffer                            0x20003544   Data          16  segger_rtt.o(.bss)
    STACK                                    0x20003558   Section     2048  arm_startup_nrf52811.o(STACK)

    Global Symbols

    Symbol Name                              Value     Ov Type        Size  Object(Section)

    BuildAttributes$$THM_ISAv4$E$P$D$K$B$S$7EM$PE$A:L22UL41UL21$X:L11$S22US41US21$IEEE1$IW$USESV6$~STKCKD$USESV7$~SHL$OSPACE$ROPI$EBA8$MICROLIB$REQ8$EABIv2 0x00000000   Number         0  anon$$obj.o ABSOLUTE
    __ARM_use_no_argv                        0x00000000   Number         0  main.o ABSOLUTE
    __cpp_initialize__aeabi_                  - Undefined Weak Reference
    __cxa_finalize                            - Undefined Weak Reference
    __decompress                              - Undefined Weak Reference
    _clock_init                               - Undefined Weak Reference
    _microlib_exit                            - Undefined Weak Reference
    log_dynamic_data$$Base                    - Undefined Reference
    pwr_mgmt_data0$$Base                      - Undefined Reference
    pwr_mgmt_data0$$Limit                     - Undefined Reference
    pwr_mgmt_data1$$Base                      - Undefined Reference
    pwr_mgmt_data1$$Limit                     - Undefined Reference
    pwr_mgmt_data2$$Base                      - Undefined Reference
    pwr_mgmt_data2$$Limit                     - Undefined Reference
    sdh_req_observers0$$Base                  - Undefined Reference
    sdh_req_observers0$$Limit                 - Undefined Reference
    sdh_req_observers1$$Base                  - Undefined Reference
    sdh_req_observers1$$Limit                 - Undefined Reference
    sdh_stack_observers1$$Base                - Undefined Reference
    sdh_stack_observers1$$Limit               - Undefined Reference
    sdh_state_observers1$$Base                - Undefined Reference
    sdh_state_observers1$$Limit               - Undefined Reference
    __Vectors_Size                           0x00000200   Number         0  arm_startup_nrf52811.o ABSOLUTE
    __Vectors                                0x00019000   Data           4  arm_startup_nrf52811.o(RESET)
    __Vectors_End                            0x00019200   Data           0  arm_startup_nrf52811.o(RESET)
    __main                                   0x00019201   Thumb Code     0  entry.o(.ARM.Collect$$$$00000000)
    _main_stk                                0x00019201   Thumb Code     0  entry2.o(.ARM.Collect$$$$00000001)
    _main_scatterload                        0x00019205   Thumb Code     0  entry5.o(.ARM.Collect$$$$00000004)
    __main_after_scatterload                 0x00019209   Thumb Code     0  entry5.o(.ARM.Collect$$$$00000004)
    _main_clock                              0x00019209   Thumb Code     0  entry7b.o(.ARM.Collect$$$$00000008)
    _main_cpp_init                           0x00019209   Thumb Code     0  entry8b.o(.ARM.Collect$$$$0000000A)
    _main_init                               0x00019209   Thumb Code     0  entry9a.o(.ARM.Collect$$$$0000000B)
    __rt_final_cpp                           0x00019211   Thumb Code     0  entry10a.o(.ARM.Collect$$$$0000000D)
    __rt_final_exit                          0x00019211   Thumb Code     0  entry11a.o(.ARM.Collect$$$$0000000F)
    __asm___12_nrf_atomic_c_85ca2469__nrf_atomic_internal_mov 0x00019215   Thumb Code    24  nrf_atomic.o(.emb_text)
    __asm___12_nrf_atomic_c_85ca2469__nrf_atomic_internal_orr 0x0001922d   Thumb Code    26  nrf_atomic.o(.emb_text)
    __asm___12_nrf_atomic_c_85ca2469__nrf_atomic_internal_and 0x00019247   Thumb Code    26  nrf_atomic.o(.emb_text)
    __asm___12_nrf_atomic_c_85ca2469__nrf_atomic_internal_eor 0x00019261   Thumb Code    26  nrf_atomic.o(.emb_text)
    __asm___12_nrf_atomic_c_85ca2469__nrf_atomic_internal_add 0x0001927b   Thumb Code    26  nrf_atomic.o(.emb_text)
    __asm___12_nrf_atomic_c_85ca2469__nrf_atomic_internal_sub 0x00019295   Thumb Code    26  nrf_atomic.o(.emb_text)
    __asm___12_nrf_atomic_c_85ca2469__nrf_atomic_internal_cmp_exch 0x000192af   Thumb Code    42  nrf_atomic.o(.emb_text)
    __asm___12_nrf_atomic_c_85ca2469__nrf_atomic_internal_sub_hs 0x000192d9   Thumb Code    30  nrf_atomic.o(.emb_text)
    Reset_Handler                            0x000192f9   Thumb Code     8  arm_startup_nrf52811.o(.text)
    NMI_Handler                              0x00019301   Thumb Code     2  arm_startup_nrf52811.o(.text)
    HardFault_Handler                        0x00019303   Thumb Code     2  arm_startup_nrf52811.o(.text)
    MemoryManagement_Handler                 0x00019305   Thumb Code     2  arm_startup_nrf52811.o(.text)
    BusFault_Handler                         0x00019307   Thumb Code     2  arm_startup_nrf52811.o(.text)
    UsageFault_Handler                       0x00019309   Thumb Code     2  arm_startup_nrf52811.o(.text)
    SVC_Handler                              0x0001930b   Thumb Code     2  arm_startup_nrf52811.o(.text)
    DebugMon_Handler                         0x0001930d   Thumb Code     2  arm_startup_nrf52811.o(.text)
    PendSV_Handler                           0x0001930f   Thumb Code     2  arm_startup_nrf52811.o(.text)
    SysTick_Handler                          0x00019311   Thumb Code     2  arm_startup_nrf52811.o(.text)
    CCM_AAR_IRQHandler                       0x00019313   Thumb Code     0  arm_startup_nrf52811.o(.text)
    COMP_IRQHandler                          0x00019313   Thumb Code     0  arm_startup_nrf52811.o(.text)
    ECB_IRQHandler                           0x00019313   Thumb Code     0  arm_startup_nrf52811.o(.text)
    PDM_IRQHandler                           0x00019313   Thumb Code     0  arm_startup_nrf52811.o(.text)
    PWM0_IRQHandler                          0x00019313   Thumb Code     0  arm_startup_nrf52811.o(.text)
    QDEC_IRQHandler                          0x00019313   Thumb Code     0  arm_startup_nrf52811.o(.text)
    RADIO_IRQHandler                         0x00019313   Thumb Code     0  arm_startup_nrf52811.o(.text)
    RNG_IRQHandler                           0x00019313   Thumb Code     0  arm_startup_nrf52811.o(.text)
    RTC0_IRQHandler                          0x00019313   Thumb Code     0  arm_startup_nrf52811.o(.text)
    SAADC_IRQHandler                         0x00019313   Thumb Code     0  arm_startup_nrf52811.o(.text)
    SPIM0_SPIS0_SPI0_IRQHandler              0x00019313   Thumb Code     0  arm_startup_nrf52811.o(.text)
    SWI1_EGU1_IRQHandler                     0x00019313   Thumb Code     0  arm_startup_nrf52811.o(.text)
    SWI3_IRQHandler                          0x00019313   Thumb Code     0  arm_startup_nrf52811.o(.text)
    SWI4_IRQHandler                          0x00019313   Thumb Code     0  arm_startup_nrf52811.o(.text)
    SWI5_IRQHandler                          0x00019313   Thumb Code     0  arm_startup_nrf52811.o(.text)
    TEMP_IRQHandler                          0x00019313   Thumb Code     0  arm_startup_nrf52811.o(.text)
    TIMER0_IRQHandler                        0x00019313   Thumb Code     0  arm_startup_nrf52811.o(.text)
    TIMER1_IRQHandler                        0x00019313   Thumb Code     0  arm_startup_nrf52811.o(.text)
    TIMER2_IRQHandler                        0x00019313   Thumb Code     0  arm_startup_nrf52811.o(.text)
    TWIM0_TWIS0_TWI0_SPIM1_SPIS1_SPI1_IRQHandler 0x00019313   Thumb Code     0  arm_startup_nrf52811.o(.text)
    WDT_IRQHandler                           0x00019313   Thumb Code     0  arm_startup_nrf52811.o(.text)
    __aeabi_uldivmod                         0x0001931d   Thumb Code    98  uldiv.o(.text)
    __aeabi_llsl                             0x0001937f   Thumb Code    30  llshl.o(.text)
    _ll_shift_l                              0x0001937f   Thumb Code     0  llshl.o(.text)
    __rt_ctype_table                         0x0001939d   Thumb Code     4  ctype_o.o(.text)
    __aeabi_memcpy                           0x000193a5   Thumb Code    36  memcpya.o(.text)
    __aeabi_memcpy4                          0x000193a5   Thumb Code     0  memcpya.o(.text)
    __aeabi_memcpy8                          0x000193a5   Thumb Code     0  memcpya.o(.text)
    __aeabi_memset                           0x000193c9   Thumb Code    14  memseta.o(.text)
    __aeabi_memset4                          0x000193c9   Thumb Code     0  memseta.o(.text)
    __aeabi_memset8                          0x000193c9   Thumb Code     0  memseta.o(.text)
    __aeabi_memclr                           0x000193d7   Thumb Code     4  memseta.o(.text)
    __aeabi_memclr4                          0x000193d7   Thumb Code     0  memseta.o(.text)
    __aeabi_memclr8                          0x000193d7   Thumb Code     0  memseta.o(.text)
    _memset$wrapper                          0x000193db   Thumb Code    18  memseta.o(.text)
    strlen                                   0x000193ed   Thumb Code    14  strlen.o(.text)
    strcpy                                   0x000193fb   Thumb Code    18  strcpy.o(.text)
    __aeabi_llsr                             0x0001940d   Thumb Code    32  llushr.o(.text)
    _ll_ushift_r                             0x0001940d   Thumb Code     0  llushr.o(.text)
    __scatterload                            0x0001942d   Thumb Code    28  init.o(.text)
    __scatterload_rt2                        0x0001942d   Thumb Code     0  init.o(.text)
    GPIOTE_IRQHandler                        0x00019451   Thumb Code   346  nrfx_gpiote.o(i.GPIOTE_IRQHandler)
    POWER_CLOCK_IRQHandler                   0x00019619   Thumb Code    74  nrfx_clock.o(i.POWER_CLOCK_IRQHandler)
    RTC1_IRQHandler                          0x00019669   Thumb Code    32  app_timer.o(i.RTC1_IRQHandler)
    SEGGER_RTT_Init                          0x0001968d   Thumb Code     4  segger_rtt.o(i.SEGGER_RTT_Init)
    SEGGER_RTT_WriteNoLock                   0x00019691   Thumb Code    86  segger_rtt.o(i.SEGGER_RTT_WriteNoLock)
    SWI0_EGU0_IRQHandler                     0x000196ed   Thumb Code     4  app_timer.o(i.SWI0_EGU0_IRQHandler)
    SWI2_IRQHandler                          0x000196f1   Thumb Code     4  nrf_sdh.o(i.SWI2_IRQHandler)
    SystemInit                               0x000196f5   Thumb Code   330  system_nrf52811.o(i.SystemInit)
    UARTE0_UART0_IRQHandler                  0x0001986d   Thumb Code     6  nrfx_prs.o(i.UARTE0_UART0_IRQHandler)
    __0printf$bare                           0x00019995   Thumb Code     8  printfb.o(i.__0printf$bare)
    __1printf$bare                           0x00019995   Thumb Code     0  printfb.o(i.__0printf$bare)
    __2printf                                0x00019995   Thumb Code     0  printfb.o(i.__0printf$bare)
    __scatterload_copy                       0x000199a5   Thumb Code    14  handlers.o(i.__scatterload_copy)
    __scatterload_null                       0x000199b3   Thumb Code     2  handlers.o(i.__scatterload_null)
    __scatterload_zeroinit                   0x000199b5   Thumb Code    14  handlers.o(i.__scatterload_zeroinit)
    app_error_fault_handler                  0x00019a41   Thumb Code    86  app_error_weak.o(i.app_error_fault_handler)
    app_error_handler_bare                   0x00019ac5   Thumb Code    22  app_error.o(i.app_error_handler_bare)
    app_fifo_get                             0x00019adb   Thumb Code    22  app_fifo.o(i.app_fifo_get)
    app_fifo_init                            0x00019af1   Thumb Code    32  app_fifo.o(i.app_fifo_init)
    app_fifo_put                             0x00019b11   Thumb Code    26  app_fifo.o(i.app_fifo_put)
    app_timer_create                         0x00019b2d   Thumb Code    32  app_timer.o(i.app_timer_create)
    app_timer_init                           0x00019b51   Thumb Code    70  app_timer.o(i.app_timer_init)
    app_timer_start                          0x00019ba5   Thumb Code   128  app_timer.o(i.app_timer_start)
    app_timer_stop                           0x00019c2d   Thumb Code    26  app_timer.o(i.app_timer_stop)
    app_uart_get                             0x00019c4d   Thumb Code    42  app_uart_fifo.o(i.app_uart_get)
    app_uart_init                            0x00019c81   Thumb Code   148  app_uart_fifo.o(i.app_uart_init)
    app_uart_put                             0x00019d25   Thumb Code    70  app_uart_fifo.o(i.app_uart_put)
    app_util_critical_region_enter           0x00019d79   Thumb Code    64  app_util_platform.o(i.app_util_critical_region_enter)
    app_util_critical_region_exit            0x00019dc1   Thumb Code    46  app_util_platform.o(i.app_util_critical_region_exit)
    blcm_link_ctx_get                        0x00019f05   Thumb Code    72  ble_link_ctx_manager.o(i.blcm_link_ctx_get)
    ble_advdata_encode                       0x00019f4d   Thumb Code   386  ble_advdata.o(i.ble_advdata_encode)
    ble_advdata_parse                        0x0001a0cf   Thumb Code    32  ble_advdata.o(i.ble_advdata_parse)
    ble_advdata_search                       0x0001a0ef   Thumb Code    56  ble_advdata.o(i.ble_advdata_search)
    ble_advertising_conn_cfg_tag_set         0x0001a127   Thumb Code     6  ble_advertising.o(i.ble_advertising_conn_cfg_tag_set)
    ble_advertising_init                     0x0001a12d   Thumb Code   234  ble_advertising.o(i.ble_advertising_init)
    ble_advertising_on_ble_evt               0x0001a217   Thumb Code   106  ble_advertising.o(i.ble_advertising_on_ble_evt)
    ble_advertising_on_sys_evt               0x0001a281   Thumb Code     2  ble_advertising.o(i.ble_advertising_on_sys_evt)
    ble_advertising_start                    0x0001a283   Thumb Code   514  ble_advertising.o(i.ble_advertising_start)
    ble_conn_params_init                     0x0001a485   Thumb Code    90  ble_conn_params.o(i.ble_conn_params_init)
    ble_conn_state_conn_idx                  0x0001a4ed   Thumb Code    18  ble_conn_state.o(i.ble_conn_state_conn_idx)
    ble_conn_state_valid                     0x0001a501   Thumb Code    16  ble_conn_state.o(i.ble_conn_state_valid)
    ble_nus_data_send                        0x0001a8c1   Thumb Code   102  ble_nus.o(i.ble_nus_data_send)
    ble_nus_init                             0x0001a929   Thumb Code   206  ble_nus.o(i.ble_nus_init)
    ble_nus_on_ble_evt                       0x0001a9fd   Thumb Code   112  ble_nus.o(i.ble_nus_on_ble_evt)
    ble_srv_is_notification_enabled          0x0001aa6d   Thumb Code     8  ble_srv_common.o(i.ble_srv_is_notification_enabled)
    bsp_board_button_idx_to_pin              0x0001aa75   Thumb Code     6  boards.o(i.bsp_board_button_idx_to_pin)
    bsp_board_led_invert                     0x0001aa81   Thumb Code    32  boards.o(i.bsp_board_led_invert)
    bsp_board_led_off                        0x0001aaa5   Thumb Code    10  boards.o(i.bsp_board_led_off)
    bsp_board_led_on                         0x0001aab5   Thumb Code    10  boards.o(i.bsp_board_led_on)
    bsp_board_led_state_get                  0x0001aac5   Thumb Code    28  boards.o(i.bsp_board_led_state_get)
    bsp_board_leds_off                       0x0001aae5   Thumb Code    18  boards.o(i.bsp_board_leds_off)
    bsp_board_leds_on                        0x0001aaf7   Thumb Code    18  boards.o(i.bsp_board_leds_on)
    bsp_board_pin_to_button_idx              0x0001ab09   Thumb Code    30  boards.o(i.bsp_board_pin_to_button_idx)
    bsp_btn_ble_sleep_mode_prepare           0x0001ab2d   Thumb Code    30  bsp_btn_ble.o(i.bsp_btn_ble_sleep_mode_prepare)
    bsp_event_to_button_action_assign        0x0001abdd   Thumb Code    64  bsp.o(i.bsp_event_to_button_action_assign)
    bsp_indication_set                       0x0001ac21   Thumb Code    20  bsp.o(i.bsp_indication_set)
    bsp_wakeup_button_enable                 0x0001ae01   Thumb Code     6  bsp.o(i.bsp_wakeup_button_enable)
    buffer_is_empty                          0x0001aec9   Thumb Code    16  nrf_log_frontend.o(i.buffer_is_empty)
    characteristic_add                       0x0001aeed   Thumb Code   400  ble_srv_common.o(i.characteristic_add)
    conn_handle_list_get                     0x0001b16d   Thumb Code    62  ble_conn_state.o(i.conn_handle_list_get)
    fputc                                    0x0001b323   Thumb Code    14  retarget.o(i.fputc)
    gatt_evt_handler                         0x0001b331   Thumb Code    52  main.o(i.gatt_evt_handler)
    gatt_init                                0x0001b38d   Thumb Code    38  main.o(i.gatt_init)
    main                                     0x0001b741   Thumb Code   452  main.o(i.main)
    nrf_atflags_clear                        0x0001bb43   Thumb Code    22  nrf_atflags.o(i.nrf_atflags_clear)
    nrf_atflags_get                          0x0001bb59   Thumb Code    22  nrf_atflags.o(i.nrf_atflags_get)
    nrf_atflags_set                          0x0001bb6f   Thumb Code    20  nrf_atflags.o(i.nrf_atflags_set)
    nrf_atomic_flag_clear_fetch              0x0001bb83   Thumb Code     6  nrf_atomic.o(i.nrf_atomic_flag_clear_fetch)
    nrf_atomic_flag_set                      0x0001bb89   Thumb Code     6  nrf_atomic.o(i.nrf_atomic_flag_set)
    nrf_atomic_u32_add                       0x0001bb8f   Thumb Code    12  nrf_atomic.o(i.nrf_atomic_u32_add)
    nrf_atomic_u32_and                       0x0001bb9b   Thumb Code    12  nrf_atomic.o(i.nrf_atomic_u32_and)
    nrf_atomic_u32_fetch_and                 0x0001bba7   Thumb Code    10  nrf_atomic.o(i.nrf_atomic_u32_fetch_and)
    nrf_atomic_u32_fetch_store               0x0001bbb1   Thumb Code    10  nrf_atomic.o(i.nrf_atomic_u32_fetch_store)
    nrf_atomic_u32_or                        0x0001bbbb   Thumb Code    12  nrf_atomic.o(i.nrf_atomic_u32_or)
    nrf_atomic_u32_sub                       0x0001bbc7   Thumb Code    12  nrf_atomic.o(i.nrf_atomic_u32_sub)
    nrf_balloc_alloc                         0x0001bbd3   Thumb Code    68  nrf_balloc.o(i.nrf_balloc_alloc)
    nrf_balloc_free                          0x0001bc17   Thumb Code    48  nrf_balloc.o(i.nrf_balloc_free)
    nrf_balloc_init                          0x0001bc47   Thumb Code    48  nrf_balloc.o(i.nrf_balloc_init)
    nrf_ble_gatt_att_mtu_periph_set          0x0001bc9b   Thumb Code    24  nrf_ble_gatt.o(i.nrf_ble_gatt_att_mtu_periph_set)
    nrf_ble_gatt_init                        0x0001bcb3   Thumb Code    34  nrf_ble_gatt.o(i.nrf_ble_gatt_init)
    nrf_ble_gatt_on_ble_evt                  0x0001bcd5   Thumb Code   180  nrf_ble_gatt.o(i.nrf_ble_gatt_on_ble_evt)
    nrf_ble_qwr_conn_handle_assign           0x0001bdc9   Thumb Code    22  nrf_ble_qwr.o(i.nrf_ble_qwr_conn_handle_assign)
    nrf_ble_qwr_init                         0x0001bddf   Thumb Code    36  nrf_ble_qwr.o(i.nrf_ble_qwr_init)
    nrf_ble_qwr_on_ble_evt                   0x0001be03   Thumb Code   182  nrf_ble_qwr.o(i.nrf_ble_qwr_on_ble_evt)
    nrf_drv_clock_init                       0x0001bed9   Thumb Code    48  nrf_drv_clock.o(i.nrf_drv_clock_init)
    nrf_drv_clock_lfclk_release              0x0001bf11   Thumb Code    42  nrf_drv_clock.o(i.nrf_drv_clock_lfclk_release)
    nrf_drv_uart_init                        0x0001bf41   Thumb Code    90  nrf_drv_uart.o(i.nrf_drv_uart_init)
    nrf_fprintf                              0x0001bfe9   Thumb Code    26  nrf_fprintf.o(i.nrf_fprintf)
    nrf_fprintf_buffer_flush                 0x0001c003   Thumb Code    24  nrf_fprintf.o(i.nrf_fprintf_buffer_flush)
    nrf_fprintf_fmt                          0x0001c01b   Thumb Code   474  nrf_fprintf_format.o(i.nrf_fprintf_fmt)
    nrf_log_backend_add                      0x0001c30d   Thumb Code    86  nrf_log_frontend.o(i.nrf_log_backend_add)
    nrf_log_backend_rtt_init                 0x0001c36b   Thumb Code     4  nrf_log_backend_rtt.o(i.nrf_log_backend_rtt_init)
    nrf_log_backend_serial_put               0x0001c389   Thumb Code   200  nrf_log_backend_serial.o(i.nrf_log_backend_serial_put)
    nrf_log_color_id_get                     0x0001c451   Thumb Code    42  nrf_log_frontend.o(i.nrf_log_color_id_get)
    nrf_log_default_backends_init            0x0001c481   Thumb Code    24  nrf_log_default_backends.o(i.nrf_log_default_backends_init)
    nrf_log_frontend_dequeue                 0x0001c49d   Thumb Code   528  nrf_log_frontend.o(i.nrf_log_frontend_dequeue)
    nrf_log_frontend_std_0                   0x0001c6d1   Thumb Code     8  nrf_log_frontend.o(i.nrf_log_frontend_std_0)
    nrf_log_frontend_std_1                   0x0001c6d9   Thumb Code    14  nrf_log_frontend.o(i.nrf_log_frontend_std_1)
    nrf_log_frontend_std_2                   0x0001c6e7   Thumb Code    16  nrf_log_frontend.o(i.nrf_log_frontend_std_2)
    nrf_log_hexdump_entry_process            0x0001c6f9   Thumb Code   150  nrf_log_str_formatter.o(i.nrf_log_hexdump_entry_process)
    nrf_log_init                             0x0001c7a9   Thumb Code    46  nrf_log_frontend.o(i.nrf_log_init)
    nrf_log_module_cnt_get                   0x0001c7e5   Thumb Code    10  nrf_log_frontend.o(i.nrf_log_module_cnt_get)
    nrf_log_module_name_get                  0x0001c7f9   Thumb Code    24  nrf_log_frontend.o(i.nrf_log_module_name_get)
    nrf_log_panic                            0x0001c815   Thumb Code    38  nrf_log_frontend.o(i.nrf_log_panic)
    nrf_log_std_entry_process                0x0001c841   Thumb Code   182  nrf_log_str_formatter.o(i.nrf_log_std_entry_process)
    nrf_memobj_alloc                         0x0001c8f7   Thumb Code    96  nrf_memobj.o(i.nrf_memobj_alloc)
    nrf_memobj_free                          0x0001c957   Thumb Code    50  nrf_memobj.o(i.nrf_memobj_free)
    nrf_memobj_get                           0x0001c989   Thumb Code     8  nrf_memobj.o(i.nrf_memobj_get)
    nrf_memobj_pool_init                     0x0001c991   Thumb Code     4  nrf_memobj.o(i.nrf_memobj_pool_init)
    nrf_memobj_put                           0x0001c995   Thumb Code    30  nrf_memobj.o(i.nrf_memobj_put)
    nrf_memobj_read                          0x0001c9b3   Thumb Code    16  nrf_memobj.o(i.nrf_memobj_read)
    nrf_memobj_write                         0x0001c9c3   Thumb Code    16  nrf_memobj.o(i.nrf_memobj_write)
    nrf_pwr_mgmt_init                        0x0001c9d5   Thumb Code    28  nrf_pwr_mgmt.o(i.nrf_pwr_mgmt_init)
    nrf_pwr_mgmt_run                         0x0001c9fd   Thumb Code    20  nrf_pwr_mgmt.o(i.nrf_pwr_mgmt_run)
    nrf_ringbuf_init                         0x0001ca15   Thumb Code    28  nrf_ringbuf.o(i.nrf_ringbuf_init)
    nrf_sdh_ble_app_ram_start_get            0x0001ca31   Thumb Code    16  nrf_sdh_ble.o(i.nrf_sdh_ble_app_ram_start_get)
    nrf_sdh_ble_default_cfg_set              0x0001ca45   Thumb Code   264  nrf_sdh_ble.o(i.nrf_sdh_ble_default_cfg_set)
    nrf_sdh_ble_enable                       0x0001cb6d   Thumb Code   116  nrf_sdh_ble.o(i.nrf_sdh_ble_enable)
    nrf_sdh_enable_request                   0x0001ccfd   Thumb Code   102  nrf_sdh.o(i.nrf_sdh_enable_request)
    nrf_sdh_evts_poll                        0x0001cd71   Thumb Code    32  nrf_sdh.o(i.nrf_sdh_evts_poll)
    nrf_sdh_is_enabled                       0x0001cd95   Thumb Code     6  nrf_sdh.o(i.nrf_sdh_is_enabled)
    nrf_section_iter_init                    0x0001cddd   Thumb Code    10  nrf_section_iter.o(i.nrf_section_iter_init)
    nrf_section_iter_next                    0x0001ce0b   Thumb Code    32  nrf_section_iter.o(i.nrf_section_iter_next)
    nrf_strerror_find                        0x0001ce2d   Thumb Code    52  nrf_strerror.o(i.nrf_strerror_find)
    nrf_strerror_get                         0x0001ce65   Thumb Code    14  nrf_strerror.o(i.nrf_strerror_get)
    nrfx_clock_enable                        0x0001ceb1   Thumb Code    34  nrfx_clock.o(i.nrfx_clock_enable)
    nrfx_clock_init                          0x0001cedd   Thumb Code    22  nrfx_clock.o(i.nrfx_clock_init)
    nrfx_clock_lfclk_stop                    0x0001cef9   Thumb Code    20  nrfx_clock.o(i.nrfx_clock_lfclk_stop)
    nrfx_prs_acquire                         0x0001cf35   Thumb Code    58  nrfx_prs.o(i.nrfx_prs_acquire)
    nrfx_uart_0_irq_handler                  0x0001cf71   Thumb Code     8  nrfx_uart.o(i.nrfx_uart_0_irq_handler)
    nrfx_uart_init                           0x0001cf81   Thumb Code   196  nrfx_uart.o(i.nrfx_uart_init)
    nrfx_uart_rx                             0x0001d051   Thumb Code   230  nrfx_uart.o(i.nrfx_uart_rx)
    nrfx_uart_tx                             0x0001d13d   Thumb Code   160  nrfx_uart.o(i.nrfx_uart_tx)
    nrfx_uart_tx_in_progress                 0x0001d1e1   Thumb Code    26  nrfx_uart.o(i.nrfx_uart_tx_in_progress)
    nrfx_uarte_0_irq_handler                 0x0001d201   Thumb Code     8  nrfx_uarte.o(i.nrfx_uarte_0_irq_handler)
    nrfx_uarte_init                          0x0001d211   Thumb Code   100  nrfx_uarte.o(i.nrfx_uarte_init)
    nrfx_uarte_rx                            0x0001d27d   Thumb Code   256  nrfx_uarte.o(i.nrfx_uarte_rx)
    nrfx_uarte_tx                            0x0001d381   Thumb Code   138  nrfx_uarte.o(i.nrfx_uarte_tx)
    nrfx_uarte_tx_in_progress                0x0001d411   Thumb Code    22  nrfx_uarte.o(i.nrfx_uarte_tx_in_progress)
    uart_event_handle                        0x0001dde9   Thumb Code   112  main.o(i.uart_event_handle)
    nrf_log_backend_rtt_api                  0x0001e628   Data          12  nrf_log_backend_rtt.o(.constdata)
    m_ram_start                              0x0001e6cc   Data           4  nrf_sdh_ble.o(.constdata)
    __ctype_table                            0x0001e6f8   Data         129  ctype_o.o(.constdata)
    Region$$Table$$Base                      0x0001ee28   Number         0  anon$$obj.o(Region$$Table)
    Region$$Table$$Limit                     0x0001ee48   Number         0  anon$$obj.o(Region$$Table)
    log_const_data$$Base                     0x0001ee58   Number         0  nrf_ble_gatt.o(log_const_data)
    m_nrf_log_nrf_ble_gatt_logs_data_const   0x0001ee58   Data           8  nrf_ble_gatt.o(log_const_data)
    m_nrf_log_ble_nus_logs_data_const        0x0001ee60   Data           8  ble_nus.o(log_const_data)
    m_nrf_log_clock_logs_data_const          0x0001ee68   Data           8  nrf_drv_clock.o(log_const_data)
    m_nrf_log_CLOCK_logs_data_const          0x0001ee70   Data           8  nrfx_clock.o(log_const_data)
    m_nrf_log_GPIOTE_logs_data_const         0x0001ee78   Data           8  nrfx_gpiote.o(log_const_data)
    m_nrf_log_PRS_logs_data_const            0x0001ee80   Data           8  nrfx_prs.o(log_const_data)
    m_nrf_log_UART_logs_data_const           0x0001ee88   Data           8  nrfx_uart.o(log_const_data)
    m_nrf_log_UARTE_logs_data_const          0x0001ee90   Data           8  nrfx_uarte.o(log_const_data)
    m_nrf_log_pwr_mgmt_logs_data_const       0x0001ee98   Data           8  nrf_pwr_mgmt.o(log_const_data)
    m_nrf_log_app_logs_data_const            0x0001eea0   Data           8  nrf_log_frontend.o(log_const_data)
    m_nrf_log_nrf_sdh_logs_data_const        0x0001eea8   Data           8  nrf_sdh.o(log_const_data)
    m_nrf_log_nrf_sdh_ble_logs_data_const    0x0001eeb0   Data           8  nrf_sdh_ble.o(log_const_data)
    m_nrf_log_nrf_sdh_soc_logs_data_const    0x0001eeb8   Data           8  nrf_sdh_soc.o(log_const_data)
    log_const_data$$Limit                    0x0001eec0   Number         0  nrf_sdh_soc.o(log_const_data)
    log_mempool                              0x0001eec0   Data          20  nrf_log_frontend.o(nrf_balloc)
    sdh_ble_observers0$$Base                 0x0001eed4   Number         0  ble_conn_state.o(sdh_ble_observers0)
    sdh_ble_observers0$$Limit                0x0001eedc   Number         0  ble_conn_state.o(sdh_ble_observers0)
    sdh_ble_observers1$$Base                 0x0001eedc   Number         0  main.o(sdh_ble_observers1)
    sdh_ble_observers1$$Limit                0x0001eefc   Number         0  ble_conn_params.o(sdh_ble_observers1)
    sdh_ble_observers2$$Base                 0x0001eefc   Number         0  main.o(sdh_ble_observers2)
    sdh_ble_observers2$$Limit                0x0001ef0c   Number         0  main.o(sdh_ble_observers2)
    sdh_ble_observers3$$Base                 0x0001ef0c   Number         0  main.o(sdh_ble_observers3)
    sdh_ble_observers3$$Limit                0x0001ef14   Number         0  main.o(sdh_ble_observers3)
    sdh_soc_observers0$$Base                 0x0001ef14   Number         0  nrf_drv_clock.o(sdh_soc_observers0)
    sdh_soc_observers0$$Limit                0x0001ef1c   Number         0  nrf_drv_clock.o(sdh_soc_observers0)
    sdh_soc_observers1$$Base                 0x0001ef1c   Number         0  main.o(sdh_soc_observers1)
    sdh_soc_observers1$$Limit                0x0001ef24   Number         0  main.o(sdh_soc_observers1)
    sdh_stack_observers0$$Base               0x0001ef24   Number         0  nrf_sdh_ble.o(sdh_stack_observers0)
    sdh_stack_observers0$$Limit              0x0001ef34   Number         0  nrf_sdh_soc.o(sdh_stack_observers0)
    sdh_state_observers0$$Base               0x0001ef34   Number         0  nrf_drv_clock.o(sdh_state_observers0)
    sdh_state_observers0$$Limit              0x0001ef3c   Number         0  nrf_drv_clock.o(sdh_state_observers0)
    Image$$RW_IRAM1$$Base                    0x20002500   Number         0  anon$$obj.o ABSOLUTE
    nrf_drv_uart_use_easy_dma                0x20002554   Data           1  nrf_drv_uart.o(.data)
    __stdout                                 0x200025a8   Data           4  retarget.o(.data)
    SystemCoreClock                          0x2000260c   Data           4  system_nrf52811.o(.data)
    nrf_nvic_state                           0x20002cf8   Data          12  app_util_platform.o(.bss)
    _SEGGER_RTT                              0x200032cc   Data         120  segger_rtt.o(.bss)
    __initial_sp                             0x20003d58   Data           0  arm_startup_nrf52811.o(STACK)



==============================================================================

Memory Map of the image

  Image Entry point : 0x00019201

  Load Region LR_IROM1 (Base: 0x00019000, Size: 0x0000604c, Max: 0x00017000, ABSOLUTE)

    Execution Region ER_IROM1 (Exec base: 0x00019000, Load base: 0x00019000, Size: 0x00005f3c, Max: 0x00017000, ABSOLUTE)

    Exec Addr    Load Addr    Size         Type   Attr      Idx    E Section Name        Object

    0x00019000   0x00019000   0x00000200   Data   RO         4907    RESET               arm_startup_nrf52811.o
    0x00019200   0x00019200   0x00000000   Code   RO         4952  * .ARM.Collect$$$$00000000  mc_w.l(entry.o)
    0x00019200   0x00019200   0x00000004   Code   RO         5259    .ARM.Collect$$$$00000001  mc_w.l(entry2.o)
    0x00019204   0x00019204   0x00000004   Code   RO         5262    .ARM.Collect$$$$00000004  mc_w.l(entry5.o)
    0x00019208   0x00019208   0x00000000   Code   RO         5264    .ARM.Collect$$$$00000008  mc_w.l(entry7b.o)
    0x00019208   0x00019208   0x00000000   Code   RO         5266    .ARM.Collect$$$$0000000A  mc_w.l(entry8b.o)
    0x00019208   0x00019208   0x00000008   Code   RO         5267    .ARM.Collect$$$$0000000B  mc_w.l(entry9a.o)
    0x00019210   0x00019210   0x00000000   Code   RO         5269    .ARM.Collect$$$$0000000D  mc_w.l(entry10a.o)
    0x00019210   0x00019210   0x00000000   Code   RO         5271    .ARM.Collect$$$$0000000F  mc_w.l(entry11a.o)
    0x00019210   0x00019210   0x00000004   Code   RO         5260    .ARM.Collect$$$$00002712  mc_w.l(entry2.o)
    0x00019214   0x00019214   0x000000e2   Code   RO         3494    .emb_text           nrf_atomic.o
    0x000192f6   0x000192f6   0x00000002   PAD
    0x000192f8   0x000192f8   0x00000024   Code   RO         4908    .text               arm_startup_nrf52811.o
    0x0001931c   0x0001931c   0x00000062   Code   RO         4955    .text               mc_w.l(uldiv.o)
    0x0001937e   0x0001937e   0x0000001e   Code   RO         4957    .text               mc_w.l(llshl.o)
    0x0001939c   0x0001939c   0x00000008   Code   RO         4959    .text               mc_w.l(ctype_o.o)
    0x000193a4   0x000193a4   0x00000024   Code   RO         4987    .text               mc_w.l(memcpya.o)
    0x000193c8   0x000193c8   0x00000024   Code   RO         4989    .text               mc_w.l(memseta.o)
    0x000193ec   0x000193ec   0x0000000e   Code   RO         4991    .text               mc_w.l(strlen.o)
    0x000193fa   0x000193fa   0x00000012   Code   RO         4995    .text               mc_w.l(strcpy.o)
    0x0001940c   0x0001940c   0x00000020   Code   RO         5275    .text               mc_w.l(llushr.o)
    0x0001942c   0x0001942c   0x00000024   Code   RO         5288    .text               mc_w.l(init.o)
    0x00019450   0x00019450   0x00000164   Code   RO         2016    i.GPIOTE_IRQHandler  nrfx_gpiote.o
    0x000195b4   0x000195b4   0x00000016   Code   RO         2977    i.NVIC_ClearPendingIRQ  app_timer.o
    0x000195ca   0x000195ca   0x00000016   Code   RO         2978    i.NVIC_EnableIRQ    app_timer.o
    0x000195e0   0x000195e0   0x00000016   Code   RO         2979    i.NVIC_SetPendingIRQ  app_timer.o
    0x000195f6   0x000195f6   0x00000020   Code   RO         2980    i.NVIC_SetPriority  app_timer.o
    0x00019616   0x00019616   0x00000002   PAD
    0x00019618   0x00019618   0x00000050   Code   RO         1878    i.POWER_CLOCK_IRQHandler  nrfx_clock.o
    0x00019668   0x00019668   0x00000024   Code   RO         2981    i.RTC1_IRQHandler   app_timer.o
    0x0001968c   0x0001968c   0x00000004   Code   RO         4447    i.SEGGER_RTT_Init   segger_rtt.o
    0x00019690   0x00019690   0x0000005c   Code   RO         4461    i.SEGGER_RTT_WriteNoLock  segger_rtt.o
    0x000196ec   0x000196ec   0x00000004   Code   RO         2982    i.SWI0_EGU0_IRQHandler  app_timer.o
    0x000196f0   0x000196f0   0x00000004   Code   RO         4698    i.SWI2_IRQHandler   nrf_sdh.o
    0x000196f4   0x000196f4   0x00000178   Code   RO         4916    i.SystemInit        system_nrf52811.o
    0x0001986c   0x0001986c   0x0000000c   Code   RO         2285    i.UARTE0_UART0_IRQHandler  nrfx_prs.o
    0x00019878   0x00019878   0x00000068   Code   RO         4465    i._DoInit           segger_rtt.o
    0x000198e0   0x000198e0   0x00000016   Code   RO         4466    i._GetAvailWriteSpace  segger_rtt.o
    0x000198f6   0x000198f6   0x0000005a   Code   RO         4468    i._WriteBlocking    segger_rtt.o
    0x00019950   0x00019950   0x00000042   Code   RO         4469    i._WriteNoCheck     segger_rtt.o
    0x00019992   0x00019992   0x00000002   PAD
    0x00019994   0x00019994   0x00000010   Code   RO         5000    i.__0printf$bare    mc_w.l(printfb.o)
    0x000199a4   0x000199a4   0x0000000e   Code   RO         5296    i.__scatterload_copy  mc_w.l(handlers.o)
    0x000199b2   0x000199b2   0x00000002   Code   RO         5297    i.__scatterload_null  mc_w.l(handlers.o)
    0x000199b4   0x000199b4   0x0000000e   Code   RO         5298    i.__scatterload_zeroinit  mc_w.l(handlers.o)
    0x000199c2   0x000199c2   0x00000002   PAD
    0x000199c4   0x000199c4   0x00000024   Code   RO         4699    i.__sd_nvic_app_accessible_irq  nrf_sdh.o
    0x000199e8   0x000199e8   0x00000022   Code   RO         5007    i._printf_core      mc_w.l(printfb.o)
    0x00019a0a   0x00019a0a   0x00000036   Code   RO          658    i.advertising_buttons_configure  bsp_btn_ble.o
    0x00019a40   0x00019a40   0x00000084   Code   RO         2810    i.app_error_fault_handler  app_error_weak.o
    0x00019ac4   0x00019ac4   0x00000016   Code   RO         2747    i.app_error_handler_bare  app_error.o
    0x00019ada   0x00019ada   0x00000016   Code   RO         2854    i.app_fifo_get      app_fifo.o
    0x00019af0   0x00019af0   0x00000020   Code   RO         2855    i.app_fifo_init     app_fifo.o
    0x00019b10   0x00019b10   0x0000001a   Code   RO         2857    i.app_fifo_put      app_fifo.o
    0x00019b2a   0x00019b2a   0x00000002   PAD
    0x00019b2c   0x00019b2c   0x00000024   Code   RO         2985    i.app_timer_create  app_timer.o
    0x00019b50   0x00019b50   0x00000054   Code   RO         2986    i.app_timer_init    app_timer.o
    0x00019ba4   0x00019ba4   0x00000088   Code   RO         2989    i.app_timer_start   app_timer.o
    0x00019c2c   0x00019c2c   0x00000020   Code   RO         2990    i.app_timer_stop    app_timer.o
    0x00019c4c   0x00019c4c   0x00000034   Code   RO         3149    i.app_uart_get      app_uart_fifo.o
    0x00019c80   0x00019c80   0x000000a4   Code   RO         3150    i.app_uart_init     app_uart_fifo.o
    0x00019d24   0x00019d24   0x00000054   Code   RO         3151    i.app_uart_put      app_uart_fifo.o
    0x00019d78   0x00019d78   0x00000048   Code   RO         3230    i.app_util_critical_region_enter  app_util_platform.o
    0x00019dc0   0x00019dc0   0x00000034   Code   RO         3231    i.app_util_critical_region_exit  app_util_platform.o
    0x00019df4   0x00019df4   0x00000088   Code   RO         2339    i.apply_config      nrfx_uart.o
    0x00019e7c   0x00019e7c   0x00000088   Code   RO         2527    i.apply_config      nrfx_uarte.o
    0x00019f04   0x00019f04   0x00000048   Code   RO         1197    i.blcm_link_ctx_get  ble_link_ctx_manager.o
    0x00019f4c   0x00019f4c   0x00000182   Code   RO          762    i.ble_advdata_encode  ble_advdata.o
    0x0001a0ce   0x0001a0ce   0x00000020   Code   RO          764    i.ble_advdata_parse  ble_advdata.o
    0x0001a0ee   0x0001a0ee   0x00000038   Code   RO          765    i.ble_advdata_search  ble_advdata.o
    0x0001a126   0x0001a126   0x00000006   Code   RO          869    i.ble_advertising_conn_cfg_tag_set  ble_advertising.o
    0x0001a12c   0x0001a12c   0x000000ea   Code   RO          870    i.ble_advertising_init  ble_advertising.o
    0x0001a216   0x0001a216   0x0000006a   Code   RO          872    i.ble_advertising_on_ble_evt  ble_advertising.o
    0x0001a280   0x0001a280   0x00000002   Code   RO          873    i.ble_advertising_on_sys_evt  ble_advertising.o
    0x0001a282   0x0001a282   0x00000202   Code   RO          876    i.ble_advertising_start  ble_advertising.o
    0x0001a484   0x0001a484   0x00000068   Code   RO          965    i.ble_conn_params_init  ble_conn_params.o
    0x0001a4ec   0x0001a4ec   0x00000012   Code   RO         1040    i.ble_conn_state_conn_idx  ble_conn_state.o
    0x0001a4fe   0x0001a4fe   0x00000002   PAD
    0x0001a500   0x0001a500   0x00000014   Code   RO         1053    i.ble_conn_state_valid  ble_conn_state.o
    0x0001a514   0x0001a514   0x00000060   Code   RO          768    i.ble_device_addr_encode  ble_advdata.o
    0x0001a574   0x0001a574   0x000000dc   Code   RO            5    i.ble_evt_handler   main.o
    0x0001a650   0x0001a650   0x00000070   Code   RO          659    i.ble_evt_handler   bsp_btn_ble.o
    0x0001a6c0   0x0001a6c0   0x000000fc   Code   RO          967    i.ble_evt_handler   ble_conn_params.o
    0x0001a7bc   0x0001a7bc   0x00000104   Code   RO         1054    i.ble_evt_handler   ble_conn_state.o
    0x0001a8c0   0x0001a8c0   0x00000066   Code   RO         1483    i.ble_nus_data_send  ble_nus.o
    0x0001a926   0x0001a926   0x00000002   PAD
    0x0001a928   0x0001a928   0x000000d4   Code   RO         1484    i.ble_nus_init      ble_nus.o
    0x0001a9fc   0x0001a9fc   0x00000070   Code   RO         1485    i.ble_nus_on_ble_evt  ble_nus.o
    0x0001aa6c   0x0001aa6c   0x00000008   Code   RO         1223    i.ble_srv_is_notification_enabled  ble_srv_common.o
    0x0001aa74   0x0001aa74   0x0000000c   Code   RO          405    i.bsp_board_button_idx_to_pin  boards.o
    0x0001aa80   0x0001aa80   0x00000024   Code   RO          409    i.bsp_board_led_invert  boards.o
    0x0001aaa4   0x0001aaa4   0x00000010   Code   RO          410    i.bsp_board_led_off  boards.o
    0x0001aab4   0x0001aab4   0x00000010   Code   RO          411    i.bsp_board_led_on  boards.o
    0x0001aac4   0x0001aac4   0x00000020   Code   RO          412    i.bsp_board_led_state_get  boards.o
    0x0001aae4   0x0001aae4   0x00000012   Code   RO          413    i.bsp_board_leds_off  boards.o
    0x0001aaf6   0x0001aaf6   0x00000012   Code   RO          414    i.bsp_board_leds_on  boards.o
    0x0001ab08   0x0001ab08   0x00000024   Code   RO          415    i.bsp_board_pin_to_button_idx  boards.o
    0x0001ab2c   0x0001ab2c   0x0000001e   Code   RO          661    i.bsp_btn_ble_sleep_mode_prepare  bsp_btn_ble.o
    0x0001ab4a   0x0001ab4a   0x00000002   PAD
    0x0001ab4c   0x0001ab4c   0x00000090   Code   RO          542    i.bsp_button_event_handler  bsp.o
    0x0001abdc   0x0001abdc   0x00000044   Code   RO          546    i.bsp_event_to_button_action_assign  bsp.o
    0x0001ac20   0x0001ac20   0x00000018   Code   RO          547    i.bsp_indication_set  bsp.o
    0x0001ac38   0x0001ac38   0x000001c8   Code   RO          549    i.bsp_led_indication  bsp.o
    0x0001ae00   0x0001ae00   0x00000006   Code   RO          551    i.bsp_wakeup_button_enable  bsp.o
    0x0001ae06   0x0001ae06   0x00000002   PAD
    0x0001ae08   0x0001ae08   0x00000090   Code   RO         4202    i.buf_prealloc      nrf_log_frontend.o
    0x0001ae98   0x0001ae98   0x0000002e   Code   RO         3706    i.buffer_add        nrf_fprintf_format.o
    0x0001aec6   0x0001aec6   0x00000002   PAD
    0x0001aec8   0x0001aec8   0x00000014   Code   RO         4203    i.buffer_is_empty   nrf_log_frontend.o
    0x0001aedc   0x0001aedc   0x00000010   Code   RO         2019    i.channel_port_get  nrfx_gpiote.o
    0x0001aeec   0x0001aeec   0x00000190   Code   RO         1225    i.characteristic_add  ble_srv_common.o
    0x0001b07c   0x0001b07c   0x00000028   Code   RO         1541    i.clock_clk_started_notify  nrf_drv_clock.o
    0x0001b0a4   0x0001b0a4   0x0000001c   Code   RO         1542    i.clock_irq_handler  nrf_drv_clock.o
    0x0001b0c0   0x0001b0c0   0x000000ac   Code   RO         2992    i.compare_reg_update  app_timer.o
    0x0001b16c   0x0001b16c   0x0000003e   Code   RO         1055    i.conn_handle_list_get  ble_conn_state.o
    0x0001b1aa   0x0001b1aa   0x00000088   Code   RO          769    i.conn_int_encode   ble_advdata.o
    0x0001b232   0x0001b232   0x00000004   Code   RO            7    i.conn_params_error_handler  main.o
    0x0001b236   0x0001b236   0x00000002   PAD
    0x0001b238   0x0001b238   0x00000048   Code   RO          968    i.conn_params_negotiation  ble_conn_params.o
    0x0001b280   0x0001b280   0x00000014   Code   RO         4204    i.dropped_sat16_get  nrf_log_frontend.o
    0x0001b294   0x0001b294   0x00000040   Code   RO         2993    i.elapsed_ticks_acquire  app_timer.o
    0x0001b2d4   0x0001b2d4   0x00000014   Code   RO         2860    i.fifo_get          app_fifo.o
    0x0001b2e8   0x0001b2e8   0x00000012   Code   RO         2861    i.fifo_put          app_fifo.o
    0x0001b2fa   0x0001b2fa   0x00000028   Code   RO          878    i.flags_set         ble_advertising.o
    0x0001b322   0x0001b322   0x0000000e   Code   RO         4026    i.fputc             retarget.o
    0x0001b330   0x0001b330   0x0000005c   Code   RO            8    i.gatt_evt_handler  main.o
    0x0001b38c   0x0001b38c   0x00000030   Code   RO            9    i.gatt_init         main.o
    0x0001b3bc   0x0001b3bc   0x00000014   Code   RO          969    i.instance_get      ble_conn_params.o
    0x0001b3d0   0x0001b3d0   0x000000a6   Code   RO         3707    i.int_print         nrf_fprintf_format.o
    0x0001b476   0x0001b476   0x00000002   PAD
    0x0001b478   0x0001b478   0x0000007c   Code   RO         2528    i.interrupts_enable  nrfx_uarte.o
    0x0001b4f4   0x0001b4f4   0x00000034   Code   RO         4205    i.invalid_packets_omit  nrf_log_frontend.o
    0x0001b528   0x0001b528   0x00000044   Code   RO          970    i.is_conn_params_ok  ble_conn_params.o
    0x0001b56c   0x0001b56c   0x00000030   Code   RO          553    i.leds_off          bsp.o
    0x0001b59c   0x0001b59c   0x00000010   Code   RO         1367    i.link_init         nrf_ble_gatt.o
    0x0001b5ac   0x0001b5ac   0x000000f8   Code   RO         2994    i.list_insertions_handler  app_timer.o
    0x0001b6a4   0x0001b6a4   0x0000009c   Code   RO         4206    i.log_skip          nrf_log_frontend.o
    0x0001b740   0x0001b740   0x00000248   Code   RO           10    i.main              main.o
    0x0001b988   0x0001b988   0x00000064   Code   RO          770    i.manuf_specific_data_encode  ble_advdata.o
    0x0001b9ec   0x0001b9ec   0x0000007e   Code   RO         3746    i.memobj_op         nrf_memobj.o
    0x0001ba6a   0x0001ba6a   0x00000002   PAD
    0x0001ba6c   0x0001ba6c   0x00000030   Code   RO         4207    i.module_idx_get    nrf_log_frontend.o
    0x0001ba9c   0x0001ba9c   0x000000a6   Code   RO          771    i.name_encode       ble_advdata.o
    0x0001bb42   0x0001bb42   0x00000016   Code   RO         3428    i.nrf_atflags_clear  nrf_atflags.o
    0x0001bb58   0x0001bb58   0x00000016   Code   RO         3433    i.nrf_atflags_get   nrf_atflags.o
    0x0001bb6e   0x0001bb6e   0x00000014   Code   RO         3435    i.nrf_atflags_set   nrf_atflags.o
    0x0001bb82   0x0001bb82   0x00000006   Code   RO         3496    i.nrf_atomic_flag_clear_fetch  nrf_atomic.o
    0x0001bb88   0x0001bb88   0x00000006   Code   RO         3497    i.nrf_atomic_flag_set  nrf_atomic.o
    0x0001bb8e   0x0001bb8e   0x0000000c   Code   RO         3499    i.nrf_atomic_u32_add  nrf_atomic.o
    0x0001bb9a   0x0001bb9a   0x0000000c   Code   RO         3500    i.nrf_atomic_u32_and  nrf_atomic.o
    0x0001bba6   0x0001bba6   0x0000000a   Code   RO         3503    i.nrf_atomic_u32_fetch_and  nrf_atomic.o
    0x0001bbb0   0x0001bbb0   0x0000000a   Code   RO         3505    i.nrf_atomic_u32_fetch_store  nrf_atomic.o
    0x0001bbba   0x0001bbba   0x0000000c   Code   RO         3509    i.nrf_atomic_u32_or  nrf_atomic.o
    0x0001bbc6   0x0001bbc6   0x0000000c   Code   RO         3511    i.nrf_atomic_u32_sub  nrf_atomic.o
    0x0001bbd2   0x0001bbd2   0x00000044   Code   RO         3630    i.nrf_balloc_alloc  nrf_balloc.o
    0x0001bc16   0x0001bc16   0x00000030   Code   RO         3631    i.nrf_balloc_free   nrf_balloc.o
    0x0001bc46   0x0001bc46   0x00000030   Code   RO         3632    i.nrf_balloc_init   nrf_balloc.o
    0x0001bc76   0x0001bc76   0x00000010   Code   RO         2020    i.nrf_bitmask_bit_is_set  nrfx_gpiote.o
    0x0001bc86   0x0001bc86   0x00000014   Code   RO         2021    i.nrf_bitmask_bit_set  nrfx_gpiote.o
    0x0001bc9a   0x0001bc9a   0x00000018   Code   RO         1369    i.nrf_ble_gatt_att_mtu_periph_set  nrf_ble_gatt.o
    0x0001bcb2   0x0001bcb2   0x00000022   Code   RO         1371    i.nrf_ble_gatt_init  nrf_ble_gatt.o
    0x0001bcd4   0x0001bcd4   0x000000f4   Code   RO         1372    i.nrf_ble_gatt_on_ble_evt  nrf_ble_gatt.o
    0x0001bdc8   0x0001bdc8   0x00000016   Code   RO         1442    i.nrf_ble_qwr_conn_handle_assign  nrf_ble_qwr.o
    0x0001bdde   0x0001bdde   0x00000024   Code   RO         1443    i.nrf_ble_qwr_init  nrf_ble_qwr.o
    0x0001be02   0x0001be02   0x000000b6   Code   RO         1444    i.nrf_ble_qwr_on_ble_evt  nrf_ble_qwr.o
    0x0001beb8   0x0001beb8   0x0000000e   Code   RO         1879    i.nrf_clock_event_check  nrfx_clock.o
    0x0001bec6   0x0001bec6   0x00000010   Code   RO         1880    i.nrf_clock_event_clear  nrfx_clock.o
    0x0001bed6   0x0001bed6   0x00000002   PAD
    0x0001bed8   0x0001bed8   0x00000038   Code   RO         1549    i.nrf_drv_clock_init  nrf_drv_clock.o
    0x0001bf10   0x0001bf10   0x00000030   Code   RO         1553    i.nrf_drv_clock_lfclk_release  nrf_drv_clock.o
    0x0001bf40   0x0001bf40   0x00000068   Code   RO         1687    i.nrf_drv_uart_init  nrf_drv_uart.o
    0x0001bfa8   0x0001bfa8   0x00000020   Code   RO         3152    i.nrf_drv_uart_rx   app_uart_fifo.o
    0x0001bfc8   0x0001bfc8   0x00000020   Code   RO         3153    i.nrf_drv_uart_tx   app_uart_fifo.o
    0x0001bfe8   0x0001bfe8   0x0000001a   Code   RO         3667    i.nrf_fprintf       nrf_fprintf.o
    0x0001c002   0x0001c002   0x00000018   Code   RO         3668    i.nrf_fprintf_buffer_flush  nrf_fprintf.o
    0x0001c01a   0x0001c01a   0x000001da   Code   RO         3708    i.nrf_fprintf_fmt   nrf_fprintf_format.o
    0x0001c1f4   0x0001c1f4   0x00000024   Code   RO         2340    i.nrf_gpio_cfg      nrfx_uart.o
    0x0001c218   0x0001c218   0x00000024   Code   RO         2529    i.nrf_gpio_cfg      nrfx_uarte.o
    0x0001c23c   0x0001c23c   0x00000012   Code   RO         2342    i.nrf_gpio_cfg_input  nrfx_uart.o
    0x0001c24e   0x0001c24e   0x00000012   Code   RO         2531    i.nrf_gpio_cfg_input  nrfx_uarte.o
    0x0001c260   0x0001c260   0x00000014   Code   RO         2343    i.nrf_gpio_cfg_output  nrfx_uart.o
    0x0001c274   0x0001c274   0x00000014   Code   RO         2532    i.nrf_gpio_cfg_output  nrfx_uarte.o
    0x0001c288   0x0001c288   0x00000022   Code   RO         2024    i.nrf_gpio_cfg_sense_set  nrfx_gpiote.o
    0x0001c2aa   0x0001c2aa   0x00000016   Code   RO          418    i.nrf_gpio_pin_write  boards.o
    0x0001c2c0   0x0001c2c0   0x00000028   Code   RO         2025    i.nrf_gpio_ports_read  nrfx_gpiote.o
    0x0001c2e8   0x0001c2e8   0x00000014   Code   RO         2026    i.nrf_gpiote_event_clear  nrfx_gpiote.o
    0x0001c2fc   0x0001c2fc   0x00000010   Code   RO         2027    i.nrf_gpiote_event_is_set  nrfx_gpiote.o
    0x0001c30c   0x0001c30c   0x0000005c   Code   RO         4208    i.nrf_log_backend_add  nrf_log_frontend.o
    0x0001c368   0x0001c368   0x00000002   Code   RO         4063    i.nrf_log_backend_rtt_flush  nrf_log_backend_rtt.o
    0x0001c36a   0x0001c36a   0x00000004   Code   RO         4064    i.nrf_log_backend_rtt_init  nrf_log_backend_rtt.o
    0x0001c36e   0x0001c36e   0x00000002   Code   RO         4065    i.nrf_log_backend_rtt_panic_set  nrf_log_backend_rtt.o
    0x0001c370   0x0001c370   0x00000018   Code   RO         4066    i.nrf_log_backend_rtt_put  nrf_log_backend_rtt.o
    0x0001c388   0x0001c388   0x000000c8   Code   RO         4132    i.nrf_log_backend_serial_put  nrf_log_backend_serial.o
    0x0001c450   0x0001c450   0x00000030   Code   RO         4210    i.nrf_log_color_id_get  nrf_log_frontend.o
    0x0001c480   0x0001c480   0x0000001c   Code   RO         4166    i.nrf_log_default_backends_init  nrf_log_default_backends.o
    0x0001c49c   0x0001c49c   0x00000234   Code   RO         4211    i.nrf_log_frontend_dequeue  nrf_log_frontend.o
    0x0001c6d0   0x0001c6d0   0x00000008   Code   RO         4213    i.nrf_log_frontend_std_0  nrf_log_frontend.o
    0x0001c6d8   0x0001c6d8   0x0000000e   Code   RO         4214    i.nrf_log_frontend_std_1  nrf_log_frontend.o
    0x0001c6e6   0x0001c6e6   0x00000010   Code   RO         4215    i.nrf_log_frontend_std_2  nrf_log_frontend.o
    0x0001c6f6   0x0001c6f6   0x00000002   PAD
    0x0001c6f8   0x0001c6f8   0x000000b0   Code   RO         4388    i.nrf_log_hexdump_entry_process  nrf_log_str_formatter.o
    0x0001c7a8   0x0001c7a8   0x0000003c   Code   RO         4220    i.nrf_log_init      nrf_log_frontend.o
    0x0001c7e4   0x0001c7e4   0x00000014   Code   RO         4221    i.nrf_log_module_cnt_get  nrf_log_frontend.o
    0x0001c7f8   0x0001c7f8   0x0000001c   Code   RO         4224    i.nrf_log_module_name_get  nrf_log_frontend.o
    0x0001c814   0x0001c814   0x0000002c   Code   RO         4225    i.nrf_log_panic     nrf_log_frontend.o
    0x0001c840   0x0001c840   0x000000b6   Code   RO         4389    i.nrf_log_std_entry_process  nrf_log_str_formatter.o
    0x0001c8f6   0x0001c8f6   0x00000060   Code   RO         3747    i.nrf_memobj_alloc  nrf_memobj.o
    0x0001c956   0x0001c956   0x00000032   Code   RO         3748    i.nrf_memobj_free   nrf_memobj.o
    0x0001c988   0x0001c988   0x00000008   Code   RO         3749    i.nrf_memobj_get    nrf_memobj.o
    0x0001c990   0x0001c990   0x00000004   Code   RO         3750    i.nrf_memobj_pool_init  nrf_memobj.o
    0x0001c994   0x0001c994   0x0000001e   Code   RO         3751    i.nrf_memobj_put    nrf_memobj.o
    0x0001c9b2   0x0001c9b2   0x00000010   Code   RO         3752    i.nrf_memobj_read   nrf_memobj.o
    0x0001c9c2   0x0001c9c2   0x00000010   Code   RO         3753    i.nrf_memobj_write  nrf_memobj.o
    0x0001c9d2   0x0001c9d2   0x00000002   PAD
    0x0001c9d4   0x0001c9d4   0x00000028   Code   RO         3825    i.nrf_pwr_mgmt_init  nrf_pwr_mgmt.o
    0x0001c9fc   0x0001c9fc   0x00000014   Code   RO         3826    i.nrf_pwr_mgmt_run  nrf_pwr_mgmt.o
    0x0001ca10   0x0001ca10   0x00000004   Code   RO           11    i.nrf_qwr_error_handler  main.o
    0x0001ca14   0x0001ca14   0x0000001c   Code   RO         3899    i.nrf_ringbuf_init  nrf_ringbuf.o
    0x0001ca30   0x0001ca30   0x00000014   Code   RO         4819    i.nrf_sdh_ble_app_ram_start_get  nrf_sdh_ble.o
    0x0001ca44   0x0001ca44   0x00000128   Code   RO         4820    i.nrf_sdh_ble_default_cfg_set  nrf_sdh_ble.o
    0x0001cb6c   0x0001cb6c   0x00000130   Code   RO         4821    i.nrf_sdh_ble_enable  nrf_sdh_ble.o
    0x0001cc9c   0x0001cc9c   0x00000060   Code   RO         4822    i.nrf_sdh_ble_evts_poll  nrf_sdh_ble.o
    0x0001ccfc   0x0001ccfc   0x00000074   Code   RO         4701    i.nrf_sdh_enable_request  nrf_sdh.o
    0x0001cd70   0x0001cd70   0x00000024   Code   RO         4702    i.nrf_sdh_evts_poll  nrf_sdh.o
    0x0001cd94   0x0001cd94   0x0000000c   Code   RO         4703    i.nrf_sdh_is_enabled  nrf_sdh.o
    0x0001cda0   0x0001cda0   0x0000003c   Code   RO         4873    i.nrf_sdh_soc_evts_poll  nrf_sdh_soc.o
    0x0001cddc   0x0001cddc   0x0000000a   Code   RO         3957    i.nrf_section_iter_init  nrf_section_iter.o
    0x0001cde6   0x0001cde6   0x00000024   Code   RO         3958    i.nrf_section_iter_item_set  nrf_section_iter.o
    0x0001ce0a   0x0001ce0a   0x00000020   Code   RO         3959    i.nrf_section_iter_next  nrf_section_iter.o
    0x0001ce2a   0x0001ce2a   0x00000002   PAD
    0x0001ce2c   0x0001ce2c   0x00000038   Code   RO         3992    i.nrf_strerror_find  nrf_strerror.o
    0x0001ce64   0x0001ce64   0x00000014   Code   RO         3993    i.nrf_strerror_get  nrf_strerror.o
    0x0001ce78   0x0001ce78   0x0000000a   Code   RO         2344    i.nrf_uart_event_check  nrfx_uart.o
    0x0001ce82   0x0001ce82   0x0000000c   Code   RO         2345    i.nrf_uart_event_clear  nrfx_uart.o
    0x0001ce8e   0x0001ce8e   0x0000000c   Code   RO         2346    i.nrf_uart_int_enable_check  nrfx_uart.o
    0x0001ce9a   0x0001ce9a   0x0000000a   Code   RO         2533    i.nrf_uarte_event_check  nrfx_uarte.o
    0x0001cea4   0x0001cea4   0x0000000c   Code   RO         2534    i.nrf_uarte_event_clear  nrfx_uarte.o
    0x0001ceb0   0x0001ceb0   0x0000002c   Code   RO         1885    i.nrfx_clock_enable  nrfx_clock.o
    0x0001cedc   0x0001cedc   0x0000001c   Code   RO         1888    i.nrfx_clock_init   nrfx_clock.o
    0x0001cef8   0x0001cef8   0x0000001c   Code   RO         1891    i.nrfx_clock_lfclk_stop  nrfx_clock.o
    0x0001cf14   0x0001cf14   0x00000010   Code   RO         2995    i.nrfx_coredep_delay_us  app_timer.o
    0x0001cf24   0x0001cf24   0x00000010   Code   RO         2535    i.nrfx_is_in_ram    nrfx_uarte.o
    0x0001cf34   0x0001cf34   0x0000003a   Code   RO         2286    i.nrfx_prs_acquire  nrfx_prs.o
    0x0001cf6e   0x0001cf6e   0x00000002   PAD
    0x0001cf70   0x0001cf70   0x00000010   Code   RO         2347    i.nrfx_uart_0_irq_handler  nrfx_uart.o
    0x0001cf80   0x0001cf80   0x000000d0   Code   RO         2349    i.nrfx_uart_init    nrfx_uart.o
    0x0001d050   0x0001d050   0x000000ec   Code   RO         2350    i.nrfx_uart_rx      nrfx_uart.o
    0x0001d13c   0x0001d13c   0x000000a4   Code   RO         2355    i.nrfx_uart_tx      nrfx_uart.o
    0x0001d1e0   0x0001d1e0   0x00000020   Code   RO         2357    i.nrfx_uart_tx_in_progress  nrfx_uart.o
    0x0001d200   0x0001d200   0x00000010   Code   RO         2536    i.nrfx_uarte_0_irq_handler  nrfx_uarte.o
    0x0001d210   0x0001d210   0x0000006c   Code   RO         2538    i.nrfx_uarte_init   nrfx_uarte.o
    0x0001d27c   0x0001d27c   0x00000104   Code   RO         2539    i.nrfx_uarte_rx     nrfx_uarte.o
    0x0001d380   0x0001d380   0x00000090   Code   RO         2542    i.nrfx_uarte_tx     nrfx_uarte.o
    0x0001d410   0x0001d410   0x0000001c   Code   RO         2544    i.nrfx_uarte_tx_in_progress  nrfx_uarte.o
    0x0001d42c   0x0001d42c   0x00000098   Code   RO           12    i.nus_data_handler  main.o
    0x0001d4c4   0x0001d4c4   0x00000024   Code   RO           13    i.on_adv_evt        main.o
    0x0001d4e8   0x0001d4e8   0x0000001c   Code   RO           14    i.on_conn_params_evt  main.o
    0x0001d504   0x0001d504   0x0000006a   Code   RO         1486    i.on_connect        ble_nus.o
    0x0001d56e   0x0001d56e   0x00000002   PAD
    0x0001d570   0x0001d570   0x0000008c   Code   RO         1373    i.on_connected_evt  nrf_ble_gatt.o
    0x0001d5fc   0x0001d5fc   0x000000b0   Code   RO         1374    i.on_exchange_mtu_request_evt  nrf_ble_gatt.o
    0x0001d6ac   0x0001d6ac   0x00000084   Code   RO         1487    i.on_write          ble_nus.o
    0x0001d730   0x0001d730   0x00000012   Code   RO          879    i.phy_is_valid      ble_advertising.o
    0x0001d742   0x0001d742   0x00000002   PAD
    0x0001d744   0x0001d744   0x0000003c   Code   RO         4391    i.postfix_process   nrf_log_str_formatter.o
    0x0001d780   0x0001d780   0x00000098   Code   RO         4392    i.prefix_process    nrf_log_str_formatter.o
    0x0001d818   0x0001d818   0x00000018   Code   RO         2288    i.prs_box_get       nrfx_prs.o
    0x0001d830   0x0001d830   0x0000003c   Code   RO         2996    i.rtc1_stop         app_timer.o
    0x0001d86c   0x0001d86c   0x00000032   Code   RO         2359    i.rx_byte           nrfx_uart.o
    0x0001d89e   0x0001d89e   0x00000016   Code   RO         2360    i.rx_done_event     nrfx_uart.o
    0x0001d8b4   0x0001d8b4   0x00000016   Code   RO         2546    i.rx_done_event     nrfx_uarte.o
    0x0001d8ca   0x0001d8ca   0x00000020   Code   RO         2361    i.rx_enable         nrfx_uart.o
    0x0001d8ea   0x0001d8ea   0x00000002   PAD
    0x0001d8ec   0x0001d8ec   0x00000050   Code   RO         1556    i.sd_state_evt_handler  nrf_drv_clock.o
    0x0001d93c   0x0001d93c   0x00000030   Code   RO         4708    i.sdh_request_observer_notify  nrf_sdh.o
    0x0001d96c   0x0001d96c   0x0000002c   Code   RO         4709    i.sdh_state_observer_notify  nrf_sdh.o
    0x0001d998   0x0001d998   0x00000010   Code   RO          971    i.send_error_evt    ble_conn_params.o
    0x0001d9a8   0x0001d9a8   0x00000050   Code   RO         4067    i.serial_tx         nrf_log_backend_rtt.o
    0x0001d9f8   0x0001d9f8   0x00000088   Code   RO          772    i.service_data_encode  ble_advdata.o
    0x0001da80   0x0001da80   0x00000030   Code   RO         1227    i.set_security_req  ble_srv_common.o
    0x0001dab0   0x0001dab0   0x00000028   Code   RO           15    i.sleep_mode_enter  main.o
    0x0001dad8   0x0001dad8   0x00000018   Code   RO         1557    i.soc_evt_handler   nrf_drv_clock.o
    0x0001daf0   0x0001daf0   0x00000058   Code   RO         4711    i.softdevices_evt_irq_enable  nrf_sdh.o
    0x0001db48   0x0001db48   0x0000008c   Code   RO         4227    i.std_n             nrf_log_frontend.o
    0x0001dbd4   0x0001dbd4   0x00000080   Code   RO         2997    i.timer_list_handler  app_timer.o
    0x0001dc54   0x0001dc54   0x0000003c   Code   RO         2998    i.timer_list_insert  app_timer.o
    0x0001dc90   0x0001dc90   0x00000060   Code   RO         2999    i.timer_list_remove  app_timer.o
    0x0001dcf0   0x0001dcf0   0x00000048   Code   RO         3000    i.timer_stop_op_schedule  app_timer.o
    0x0001dd38   0x0001dd38   0x00000074   Code   RO         3001    i.timer_timeouts_check  app_timer.o
    0x0001ddac   0x0001ddac   0x00000020   Code   RO         2362    i.tx_byte           nrfx_uart.o
    0x0001ddcc   0x0001ddcc   0x0000001a   Code   RO         2363    i.tx_done_event     nrfx_uart.o
    0x0001dde6   0x0001dde6   0x00000002   PAD
    0x0001dde8   0x0001dde8   0x00000078   Code   RO           16    i.uart_event_handle  main.o
    0x0001de60   0x0001de60   0x000000a0   Code   RO         3154    i.uart_event_handler  app_uart_fifo.o
    0x0001df00   0x0001df00   0x00000030   Code   RO         1688    i.uart_evt_handler  nrf_drv_uart.o
    0x0001df30   0x0001df30   0x00000128   Code   RO         2364    i.uart_irq_handler  nrfx_uart.o
    0x0001e058   0x0001e058   0x00000030   Code   RO         1689    i.uarte_evt_handler  nrf_drv_uart.o
    0x0001e088   0x0001e088   0x000000f2   Code   RO         2547    i.uarte_irq_handler  nrfx_uarte.o
    0x0001e17a   0x0001e17a   0x0000000a   Code   RO          773    i.uint16_encode     ble_advdata.o
    0x0001e184   0x0001e184   0x000000b4   Code   RO         3709    i.unsigned_print    nrf_fprintf_format.o
    0x0001e238   0x0001e238   0x00000068   Code   RO          972    i.update_timeout_handler  ble_conn_params.o
    0x0001e2a0   0x0001e2a0   0x00000018   Code   RO          880    i.use_whitelist     ble_advertising.o
    0x0001e2b8   0x0001e2b8   0x00000024   Code   RO         1445    i.user_mem_reply    nrf_ble_qwr.o
    0x0001e2dc   0x0001e2dc   0x00000030   Code   RO         3002    i.user_op_alloc     app_timer.o
    0x0001e30c   0x0001e30c   0x00000030   Code   RO          774    i.uuid_list_encode  ble_advdata.o
    0x0001e33c   0x0001e33c   0x0000009e   Code   RO          775    i.uuid_list_sized_encode  ble_advdata.o
    0x0001e3da   0x0001e3da   0x0000003a   Code   RO          555    i.wakeup_button_cfg  bsp.o
    0x0001e414   0x0001e414   0x00000018   Data   RO           18    .constdata          main.o
    0x0001e42c   0x0001e42c   0x00000008   Data   RO          419    .constdata          boards.o
    0x0001e434   0x0001e434   0x0000002c   Data   RO          560    .constdata          bsp.o
    0x0001e460   0x0001e460   0x0000000e   Data   RO         1375    .constdata          nrf_ble_gatt.o
    0x0001e46e   0x0001e46e   0x00000002   PAD
    0x0001e470   0x0001e470   0x00000010   Data   RO         1488    .constdata          ble_nus.o
    0x0001e480   0x0001e480   0x00000004   Data   RO         2056    .constdata          nrfx_gpiote.o
    0x0001e484   0x0001e484   0x00000004   Data   RO         2367    .constdata          nrfx_uart.o
    0x0001e488   0x0001e488   0x00000004   Data   RO         2550    .constdata          nrfx_uarte.o
    0x0001e48c   0x0001e48c   0x00000004   PAD
    0x0001e490   0x0001e490   0x00000006   Data   RO         3004    .constdata          app_timer.o
    0x0001e496   0x0001e496   0x00000002   PAD
    0x0001e498   0x0001e498   0x00000020   Data   RO         3156    .constdata          app_uart_fifo.o
    0x0001e4b8   0x0001e4b8   0x00000010   Data   RO         3710    .constdata          nrf_fprintf_format.o
    0x0001e4c8   0x0001e4c8   0x00000018   Data   RO         3830    .constdata          nrf_pwr_mgmt.o
    0x0001e4e0   0x0001e4e0   0x0000000c   Data   RO         3831    .constdata          nrf_pwr_mgmt.o
    0x0001e4ec   0x0001e4ec   0x0000013c   Data   RO         3994    .constdata          nrf_strerror.o
    0x0001e628   0x0001e628   0x0000000c   Data   RO         4069    .constdata          nrf_log_backend_rtt.o
    0x0001e634   0x0001e634   0x0000000c   PAD
    0x0001e640   0x0001e640   0x00000006   Data   RO         4070    .constdata          nrf_log_backend_rtt.o
    0x0001e646   0x0001e646   0x00000002   PAD
    0x0001e648   0x0001e648   0x0000000c   Data   RO         4232    .constdata          nrf_log_frontend.o
    0x0001e654   0x0001e654   0x00000010   Data   RO         4712    .constdata          nrf_sdh.o
    0x0001e664   0x0001e664   0x00000028   Data   RO         4713    .constdata          nrf_sdh.o
    0x0001e68c   0x0001e68c   0x00000010   Data   RO         4714    .constdata          nrf_sdh.o
    0x0001e69c   0x0001e69c   0x00000010   Data   RO         4715    .constdata          nrf_sdh.o
    0x0001e6ac   0x0001e6ac   0x00000020   Data   RO         4823    .constdata          nrf_sdh_ble.o
    0x0001e6cc   0x0001e6cc   0x00000010   Data   RO         4824    .constdata          nrf_sdh_ble.o
    0x0001e6dc   0x0001e6dc   0x00000010   Data   RO         4874    .constdata          nrf_sdh_soc.o
    0x0001e6ec   0x0001e6ec   0x0000000c   Data   RO         4875    .constdata          nrf_sdh_soc.o
    0x0001e6f8   0x0001e6f8   0x00000081   Data   RO         4960    .constdata          mc_w.l(ctype_o.o)
    0x0001e779   0x0001e779   0x00000003   PAD
    0x0001e77c   0x0001e77c   0x00000004   Data   RO         4961    .constdata          mc_w.l(ctype_o.o)
    0x0001e780   0x0001e780   0x000003eb   Data   RO         3995    .conststring        nrf_strerror.o
    0x0001eb6b   0x0001eb6b   0x00000001   PAD
    0x0001eb6c   0x0001eb6c   0x00000066   Data   RO         4393    .conststring        nrf_log_str_formatter.o
    0x0001ebd2   0x0001ebd2   0x00000002   PAD
    0x0001ebd4   0x0001ebd4   0x000001cf   Data   RO         4825    .conststring        nrf_sdh_ble.o
    0x0001eda3   0x0001eda3   0x00000001   PAD
    0x0001eda4   0x0001eda4   0x0000000d   Data   RO         1376    .conststrlit        nrf_ble_gatt.o
    0x0001edb1   0x0001edb1   0x00000003   PAD
    0x0001edb4   0x0001edb4   0x00000008   Data   RO         1489    .conststrlit        ble_nus.o
    0x0001edbc   0x0001edbc   0x00000006   Data   RO         1563    .conststrlit        nrf_drv_clock.o
    0x0001edc2   0x0001edc2   0x00000002   PAD
    0x0001edc4   0x0001edc4   0x00000006   Data   RO         1895    .conststrlit        nrfx_clock.o
    0x0001edca   0x0001edca   0x00000002   PAD
    0x0001edcc   0x0001edcc   0x00000007   Data   RO         2060    .conststrlit        nrfx_gpiote.o
    0x0001edd3   0x0001edd3   0x00000001   PAD
    0x0001edd4   0x0001edd4   0x00000004   Data   RO         2290    .conststrlit        nrfx_prs.o
    0x0001edd8   0x0001edd8   0x00000005   Data   RO         2370    .conststrlit        nrfx_uart.o
    0x0001eddd   0x0001eddd   0x00000003   PAD
    0x0001ede0   0x0001ede0   0x00000006   Data   RO         2553    .conststrlit        nrfx_uarte.o
    0x0001ede6   0x0001ede6   0x00000002   PAD
    0x0001ede8   0x0001ede8   0x00000009   Data   RO         3832    .conststrlit        nrf_pwr_mgmt.o
    0x0001edf1   0x0001edf1   0x00000003   PAD
    0x0001edf4   0x0001edf4   0x00000010   Data   RO         4167    .conststrlit        nrf_log_default_backends.o
    0x0001ee04   0x0001ee04   0x00000004   Data   RO         4233    .conststrlit        nrf_log_frontend.o
    0x0001ee08   0x0001ee08   0x00000008   Data   RO         4716    .conststrlit        nrf_sdh.o
    0x0001ee10   0x0001ee10   0x0000000c   Data   RO         4826    .conststrlit        nrf_sdh_ble.o
    0x0001ee1c   0x0001ee1c   0x0000000c   Data   RO         4876    .conststrlit        nrf_sdh_soc.o
    0x0001ee28   0x0001ee28   0x00000020   Data   RO         5294    Region$$Table       anon$$obj.o
    0x0001ee48   0x0001ee48   0x00000010   Data   RO         4169    log_backends        nrf_log_default_backends.o
    0x0001ee58   0x0001ee58   0x00000008   Data   RO         1377    log_const_data      nrf_ble_gatt.o
    0x0001ee60   0x0001ee60   0x00000008   Data   RO         1490    log_const_data      ble_nus.o
    0x0001ee68   0x0001ee68   0x00000008   Data   RO         1564    log_const_data      nrf_drv_clock.o
    0x0001ee70   0x0001ee70   0x00000008   Data   RO         1897    log_const_data      nrfx_clock.o
    0x0001ee78   0x0001ee78   0x00000008   Data   RO         2061    log_const_data      nrfx_gpiote.o
    0x0001ee80   0x0001ee80   0x00000008   Data   RO         2292    log_const_data      nrfx_prs.o
    0x0001ee88   0x0001ee88   0x00000008   Data   RO         2371    log_const_data      nrfx_uart.o
    0x0001ee90   0x0001ee90   0x00000008   Data   RO         2554    log_const_data      nrfx_uarte.o
    0x0001ee98   0x0001ee98   0x00000008   Data   RO         3834    log_const_data      nrf_pwr_mgmt.o
    0x0001eea0   0x0001eea0   0x00000008   Data   RO         4236    log_const_data      nrf_log_frontend.o
    0x0001eea8   0x0001eea8   0x00000008   Data   RO         4718    log_const_data      nrf_sdh.o
    0x0001eeb0   0x0001eeb0   0x00000008   Data   RO         4828    log_const_data      nrf_sdh_ble.o
    0x0001eeb8   0x0001eeb8   0x00000008   Data   RO         4877    log_const_data      nrf_sdh_soc.o
    0x0001eec0   0x0001eec0   0x00000014   Data   RO         4237    nrf_balloc          nrf_log_frontend.o
    0x0001eed4   0x0001eed4   0x00000008   Data   RO         1059    sdh_ble_observers0  ble_conn_state.o
    0x0001eedc   0x0001eedc   0x00000010   Data   RO           22    sdh_ble_observers1  main.o
    0x0001eeec   0x0001eeec   0x00000008   Data   RO          663    sdh_ble_observers1  bsp_btn_ble.o
    0x0001eef4   0x0001eef4   0x00000008   Data   RO          975    sdh_ble_observers1  ble_conn_params.o
    0x0001eefc   0x0001eefc   0x00000010   Data   RO           23    sdh_ble_observers2  main.o
    0x0001ef0c   0x0001ef0c   0x00000008   Data   RO           24    sdh_ble_observers3  main.o
    0x0001ef14   0x0001ef14   0x00000008   Data   RO         1565    sdh_soc_observers0  nrf_drv_clock.o
    0x0001ef1c   0x0001ef1c   0x00000008   Data   RO           25    sdh_soc_observers1  main.o
    0x0001ef24   0x0001ef24   0x00000008   Data   RO         4829    sdh_stack_observers0  nrf_sdh_ble.o
    0x0001ef2c   0x0001ef2c   0x00000008   Data   RO         4878    sdh_stack_observers0  nrf_sdh_soc.o
    0x0001ef34   0x0001ef34   0x00000008   Data   RO         1566    sdh_state_observers0  nrf_drv_clock.o


    Execution Region RW_IRAM1 (Exec base: 0x20002500, Load base: 0x0001ef3c, Size: 0x00001858, Max: 0x00003b00, ABSOLUTE)

    Exec Addr    Load Addr    Size         Type   Attr      Idx    E Section Name        Object

    0x20002500   0x0001ef3c   0x00000008   Data   RW           19    .data               main.o
    0x20002508   0x0001ef44   0x00000028   Data   RW           20    .data               main.o
    0x20002530   0x0001ef6c   0x00000004   Data   RW           21    .data               main.o
    0x20002534   0x0001ef70   0x00000010   Data   RW          561    .data               bsp.o
    0x20002544   0x0001ef80   0x00000008   Data   RW          662    .data               bsp_btn_ble.o
    0x2000254c   0x0001ef88   0x00000008   Data   RW          974    .data               ble_conn_params.o
    0x20002554   0x0001ef90   0x0000000c   Data   RW         1690    .data               nrf_drv_uart.o
    0x20002560   0x0001ef9c   0x00000008   Data   RW         1896    .data               nrfx_clock.o
    0x20002568   0x0001efa4   0x00000008   Data   RW         2291    .data               nrfx_prs.o
    0x20002570   0x0001efac   0x00000014   Data   RW         3005    .data               app_timer.o
    0x20002584   0x0001efc0   0x0000001c   Data   RW         3157    .data               app_uart_fifo.o
    0x200025a0   0x0001efdc   0x00000008   Data   RW         3833    .data               nrf_pwr_mgmt.o
    0x200025a8   0x0001efe4   0x00000004   Data   RW         4027    .data               retarget.o
    0x200025ac   0x0001efe8   0x00000001   Data   RW         4071    .data               nrf_log_backend_rtt.o
    0x200025ad   0x0001efe9   0x00000003   PAD
    0x200025b0   0x0001efec   0x00000008   Data   RW         4168    .data               nrf_log_default_backends.o
    0x200025b8   0x0001eff4   0x00000008   Data   RW         4234    .data               nrf_log_frontend.o
    0x200025c0   0x0001effc   0x00000008   Data   RW         4235    .data               nrf_log_frontend.o
    0x200025c8   0x0001f004   0x00000040   Data   RW         4394    .data               nrf_log_str_formatter.o
    0x20002608   0x0001f044   0x00000003   Data   RW         4717    .data               nrf_sdh.o
    0x2000260b   0x0001f047   0x00000001   Data   RW         4827    .data               nrf_sdh_ble.o
    0x2000260c   0x0001f048   0x00000004   Data   RW         4917    .data               system_nrf52811.o
    0x20002610        -       0x000003c8   Zero   RW           17    .bss                main.o
    0x200029d8        -       0x00000020   Zero   RW          556    .bss                bsp.o
    0x200029f8        -       0x00000020   Zero   RW          557    .bss                bsp.o
    0x20002a18        -       0x0000000c   Zero   RW          558    .bss                bsp.o
    0x20002a24        -       0x00000020   Zero   RW          559    .bss                bsp.o
    0x20002a44        -       0x00000050   Zero   RW          973    .bss                ble_conn_params.o
    0x20002a94        -       0x00000078   Zero   RW         1058    .bss                ble_conn_state.o
    0x20002b0c        -       0x00000014   Zero   RW         1558    .bss                nrf_drv_clock.o
    0x20002b20        -       0x0000005c   Zero   RW         2055    .bss                nrfx_gpiote.o
    0x20002b7c        -       0x0000002c   Zero   RW         2365    .bss                nrfx_uart.o
    0x20002ba8        -       0x00000024   Zero   RW         2548    .bss                nrfx_uarte.o
    0x20002bcc        -       0x0000010c   Zero   RW         3003    .bss                app_timer.o
    0x20002cd8        -       0x00000020   Zero   RW         3155    .bss                app_uart_fifo.o
    0x20002cf8        -       0x0000000c   Zero   RW         3236    .bss                app_util_platform.o
    0x20002d04        -       0x0000000c   Zero   RW         3829    .bss                nrf_pwr_mgmt.o
    0x20002d10        -       0x00000040   Zero   RW         4068    .bss                nrf_log_backend_rtt.o
    0x20002d50        -       0x000000c0   Zero   RW         4228    .bss                nrf_log_frontend.o
    0x20002e10        -       0x00000080   Zero   RW         4229    .bss                nrf_log_frontend.o
    0x20002e90        -       0x00000018   Zero   RW         4230    .bss                nrf_log_frontend.o
    0x20002ea8        -       0x00000424   Zero   RW         4231    .bss                nrf_log_frontend.o
    0x200032cc        -       0x00000288   Zero   RW         4470    .bss                segger_rtt.o
    0x20003554   0x0001f04c   0x00000004   PAD
    0x20003558        -       0x00000800   Zero   RW         4905    STACK               arm_startup_nrf52811.o


==============================================================================

Image component sizes


      Code (inc. data)   RO Data    RW Data    ZI Data      Debug   Object Name

        22          0          0          0          0       2385   app_error.o
       132         46          0          0          0      28101   app_error_weak.o
       118          0          0          0          0       4830   app_fifo.o
      1506        118          6         20        268      45235   app_timer.o
       524         60         32         28         32      21062   app_uart_fifo.o
       124         14          0          0         12       9414   app_util_platform.o
        36          8        512          0       2048        876   arm_startup_nrf52811.o
      1324          0          0          0          0      52868   ble_advdata.o
       944          6          0          0          0       9676   ble_advertising.o
       636         44          8          8         80       8995   ble_conn_params.o
       360         10          8          0        120       6767   ble_conn_state.o
        72          0          0          0          0       1620   ble_link_ctx_manager.o
       664          6         32          0          0       6772   ble_nus.o
       456          6          0          0          0      65211   ble_srv_common.o
       206         32          8          0          0      41073   boards.o
       804         60         44         16        108      12084   bsp.o
       196          6          8          8          0       3845   bsp_btn_ble.o
      1328        294         72         52        968     165509   main.o
        64          0          0          0          0       2856   nrf_atflags.o
       306          0          0          0          0       7683   nrf_atomic.o
       164          0          0          0          0       3528   nrf_balloc.o
       634        186         35          0          0       8241   nrf_ble_gatt.o
       276          0          0          0          0       4561   nrf_ble_qwr.o
       276         34         30          0         20      34996   nrf_drv_clock.o
       200         26          0         12          0      17808   nrf_drv_uart.o
        50          0          0          0          0       3473   nrf_fprintf.o
       866          4         16          0          0       5362   nrf_fprintf_format.o
       112         18         18          1         64       5973   nrf_log_backend_rtt.o
       200          0          0          0          0      10849   nrf_log_backend_serial.o
        28          4         32          8          0       3313   nrf_log_default_backends.o
      1474        114         44         16       1404      29090   nrf_log_frontend.o
       570        108        102         64          0       5520   nrf_log_str_formatter.o
       346          0          0          0          0       9271   nrf_memobj.o
        60         12         53          8         12       4919   nrf_pwr_mgmt.o
        28          0          0          0          0       2351   nrf_ringbuf.o
       384         46        104          3          0      36506   nrf_sdh.o
       716        232        539          1          0       5781   nrf_sdh_ble.o
        60          4         56          0          0       2448   nrf_sdh_soc.o
        78          0          0          0          0       2676   nrf_section_iter.o
        76         10       1319          0          0       2683   nrf_strerror.o
       210         30         14          8          0      40546   nrfx_clock.o
       518         30         19          0         92      19571   nrfx_gpiote.o
        94         16         12          8          0       3669   nrfx_prs.o
      1358         36         17          0         44      29525   nrfx_uart.o
      1192         38         18          0         36      23691   nrfx_uarte.o
        14          0          0          4          0       2854   retarget.o
       378         34          0          0        648       8781   segger_rtt.o
       376         46          0          4          0      26142   system_nrf52811.o

    ----------------------------------------------------------------------
     20602       1738       3232        272       5960     850990   Object Totals
         0          0         32          0          0          0   (incl. Generated)
        42          0         42          3          4          0   (incl. Padding)

    ----------------------------------------------------------------------

      Code (inc. data)   RO Data    RW Data    ZI Data      Debug   Library Member Name

         8          4        133          0          0         68   ctype_o.o
         0          0          0          0          0          0   entry.o
         0          0          0          0          0          0   entry10a.o
         0          0          0          0          0          0   entry11a.o
         8          4          0          0          0          0   entry2.o
         4          0          0          0          0          0   entry5.o
         0          0          0          0          0          0   entry7b.o
         0          0          0          0          0          0   entry8b.o
         8          4          0          0          0          0   entry9a.o
        30          0          0          0          0          0   handlers.o
        36          8          0          0          0         68   init.o
        30          0          0          0          0         68   llshl.o
        32          0          0          0          0         68   llushr.o
        36          0          0          0          0         68   memcpya.o
        36          0          0          0          0        108   memseta.o
        50          8          0          0          0        152   printfb.o
        18          0          0          0          0         68   strcpy.o
        14          0          0          0          0         68   strlen.o
        98          0          0          0          0         92   uldiv.o

    ----------------------------------------------------------------------
       410         28        136          0          0        828   Library Totals
         2          0          3          0          0          0   (incl. Padding)

    ----------------------------------------------------------------------

      Code (inc. data)   RO Data    RW Data    ZI Data      Debug   Library Name

       408         28        133          0          0        828   mc_w.l

    ----------------------------------------------------------------------
       410         28        136          0          0        828   Library Totals

    ----------------------------------------------------------------------

==============================================================================


      Code (inc. data)   RO Data    RW Data    ZI Data      Debug   

     21012       1766       3368        272       5960     838190   Grand Totals
     21012       1766       3368        272       5960     838190   ELF Image Totals
     21012       1766       3368        272          0          0   ROM Totals

==============================================================================

    Total RO  Size (Code + RO Data)                24380 (  23.81kB)
    Total RW  Size (RW Data + ZI Data)              6232 (   6.09kB)
    Total ROM Size (Code + RO Data + RW Data)      24652 (  24.07kB)

==============================================================================

